******************************************************************************
             TMS320C2000 Linker PC v20.2.2                     
******************************************************************************
>> Linked Thu Dec 16 09:40:25 2021

OUTPUT FILE NAME:   <finalproject.out>
ENTRY POINT SYMBOL: "_c_int00"  address: 0000c9c8


MEMORY CONFIGURATION

         name            origin    length      used     unused   attr    fill
----------------------  --------  ---------  --------  --------  ----  --------
PAGE 0:
  BEGIN                 00000000   00000002  00000002  00000000  RWIX
  RAMM0                 00000123   000002dd  00000008  000002d5  RWIX
  RAMLS04               00008000   00002800  00002800  00000000  RWIX
  RAMD0                 0000b000   00000800  000004df  00000321  RWIX
  RAMGS0008             0000c000   00009000  00000d1a  000082e6  RWIX
  RESET                 003fffc0   00000002  00000000  00000002  RWIX

PAGE 1:
  BOOT_RSVD             00000002   00000121  00000000  00000121  RWIX
  RAMM1                 00000400   000003f8  00000000  000003f8  RWIX
  ADCA_RESULT           00000b00   00000020  00000018  00000008  RWIX
  ADCB_RESULT           00000b20   00000020  00000018  00000008  RWIX
  ADCC_RESULT           00000b40   00000020  00000018  00000008  RWIX
  ADCD_RESULT           00000b60   00000020  00000018  00000008  RWIX
  CPU_TIMER0            00000c00   00000008  00000008  00000000  RWIX
  CPU_TIMER1            00000c08   00000008  00000008  00000000  RWIX
  CPU_TIMER2            00000c10   00000008  00000008  00000000  RWIX
  PIE_CTRL              00000ce0   00000020  0000001a  00000006  RWIX
  PIE_VECT              00000d00   00000200  000001c0  00000040  RWIX
  DMA                   00001000   00000200  000000e0  00000120  RWIX
  CLA1                  00001400   00000040  0000003e  00000002  RWIX
  EPWM1                 00004000   00000100  00000100  00000000  RWIX
  EPWM2                 00004100   00000100  00000100  00000000  RWIX
  EPWM3                 00004200   00000100  00000100  00000000  RWIX
  EPWM4                 00004300   00000100  00000100  00000000  RWIX
  EPWM5                 00004400   00000100  00000100  00000000  RWIX
  EPWM6                 00004500   00000100  00000100  00000000  RWIX
  EPWM7                 00004600   00000100  00000100  00000000  RWIX
  EPWM8                 00004700   00000100  00000100  00000000  RWIX
  EPWM9                 00004800   00000100  00000100  00000000  RWIX
  EPWM10                00004900   00000100  00000100  00000000  RWIX
  EPWM11                00004a00   00000100  00000100  00000000  RWIX
  EPWM12                00004b00   00000100  00000100  00000000  RWIX
  ECAP1                 00005000   00000020  00000020  00000000  RWIX
  ECAP2                 00005020   00000020  00000020  00000000  RWIX
  ECAP3                 00005040   00000020  00000020  00000000  RWIX
  ECAP4                 00005060   00000020  00000020  00000000  RWIX
  ECAP5                 00005080   00000020  00000020  00000000  RWIX
  ECAP6                 000050a0   00000020  00000020  00000000  RWIX
  EQEP1                 00005100   00000040  00000022  0000001e  RWIX
  EQEP2                 00005140   00000040  00000022  0000001e  RWIX
  EQEP3                 00005180   00000040  00000022  0000001e  RWIX
  DACA                  00005c00   00000010  00000008  00000008  RWIX
  DACB                  00005c10   00000010  00000008  00000008  RWIX
  DACC                  00005c20   00000010  00000008  00000008  RWIX
  CMPSS1                00005c80   00000020  00000020  00000000  RWIX
  CMPSS2                00005ca0   00000020  00000020  00000000  RWIX
  CMPSS3                00005cc0   00000020  00000020  00000000  RWIX
  CMPSS4                00005ce0   00000020  00000020  00000000  RWIX
  CMPSS5                00005d00   00000020  00000020  00000000  RWIX
  CMPSS6                00005d20   00000020  00000020  00000000  RWIX
  CMPSS7                00005d40   00000020  00000020  00000000  RWIX
  CMPSS8                00005d60   00000020  00000020  00000000  RWIX
  SDFM1                 00005e00   00000080  00000080  00000000  RWIX
  SDFM2                 00005e80   00000080  00000080  00000000  RWIX
  MCBSPA                00006000   00000040  00000024  0000001c  RWIX
  MCBSPB                00006040   00000040  00000024  0000001c  RWIX
  SPIA                  00006100   00000010  00000010  00000000  RWIX
  SPIB                  00006110   00000010  00000010  00000000  RWIX
  SPIC                  00006120   00000010  00000010  00000000  RWIX
  SPID                  00006130   00000010  00000000  00000010  RWIX
  UPP                   00006200   00000100  00000048  000000b8  RWIX
  WD                    00007000   00000040  0000002b  00000015  RWIX
  NMIINTRUPT            00007060   00000010  00000007  00000009  RWIX
  XINT                  00007070   00000010  0000000b  00000005  RWIX
  SCIA                  00007200   00000010  00000010  00000000  RWIX
  SCIB                  00007210   00000010  00000010  00000000  RWIX
  SCIC                  00007220   00000010  00000010  00000000  RWIX
  SCID                  00007230   00000010  00000010  00000000  RWIX
  I2CA                  00007300   00000040  00000022  0000001e  RWIX
  I2CB                  00007340   00000040  00000022  0000001e  RWIX
  ADCA                  00007400   00000080  00000080  00000000  RWIX
  ADCB                  00007480   00000080  00000080  00000000  RWIX
  ADCC                  00007500   00000080  00000080  00000000  RWIX
  ADCD                  00007580   00000080  00000080  00000000  RWIX
  INPUT_XBAR            00007900   00000020  00000020  00000000  RWIX
  XBAR                  00007920   00000020  00000020  00000000  RWIX
  SYNC_SOC              00007940   00000010  00000006  0000000a  RWIX
  DMACLASRCSEL          00007980   00000040  0000001a  00000026  RWIX
  EPWM_XBAR             00007a00   00000040  00000040  00000000  RWIX
  CLB_XBAR              00007a40   00000040  00000000  00000040  RWIX
  OUTPUT_XBAR           00007a80   00000040  00000040  00000000  RWIX
  GPIOCTRL              00007c00   00000180  00000180  00000000  RWIX
  GPIODAT               00007f00   00000030  00000030  00000000  RWIX
  RAMLS5                0000a800   00000800  00000646  000001ba  RWIX
  RAMD1                 0000b800   00000800  00000800  00000000  RWIX
  RAMGS0915             00015000   00006ff8  000003c8  00006c30  RWIX
  CPU2TOCPU1RAM         0003f800   00000400  00000000  00000400  RWIX
  CPU1TOCPU2RAM         0003fc00   00000400  00000000  00000400  RWIX
  EMIF1                 00047000   00000800  00000070  00000790  RWIX
  EMIF2                 00047800   00000800  00000070  00000790  RWIX
  CANA                  00048000   00000800  00000164  0000069c  RWIX
  CANA_MSG_RAM          00049000   00000800  00000000  00000800  RWIX
  CANB                  0004a000   00000800  00000164  0000069c  RWIX
  CANB_MSG_RAM          0004b000   00000800  00000000  00000800  RWIX
  IPC                   00050000   00000024  00000024  00000000  RWIX
  FLASHPUMPSEMAPHORE    00050024   00000002  00000002  00000000  RWIX
  DEV_CFG               0005d000   00000180  0000012e  00000052  RWIX
  ANALOG_SUBSYS         0005d180   00000080  00000048  00000038  RWIX
  CLK_CFG               0005d200   00000100  00000032  000000ce  RWIX
  CPU_SYS               0005d300   00000100  00000082  0000007e  RWIX
  ROMPREFETCH           0005e608   00000002  00000002  00000000  RWIX
  DCSM_Z1               0005f000   00000030  00000024  0000000c  RWIX
  DCSM_Z2               0005f040   00000030  00000024  0000000c  RWIX
  DCSM_COMMON           0005f070   00000010  00000008  00000008  RWIX
  MEMCFG                0005f400   00000080  00000080  00000000  RWIX
  EMIF1CONFIG           0005f480   00000020  00000020  00000000  RWIX
  EMIF2CONFIG           0005f4a0   00000020  00000020  00000000  RWIX
  ACCESSPROTECTION      0005f4c0   00000040  00000040  00000000  RWIX
  MEMORYERROR           0005f500   00000040  00000040  00000000  RWIX
  ROMWAITSTATE          0005f540   00000002  00000002  00000000  RWIX
  FLASH0_CTRL           0005f800   00000300  00000182  0000017e  RWIX
  FLASH0_ECC            0005fb00   00000040  00000028  00000018  RWIX


SECTION ALLOCATION MAP

 output                                  attributes/
section   page    origin      length       input sections
--------  ----  ----------  ----------   ----------------
codestart 
*          0    00000000    00000002     
                  00000000    00000002     F2837xD_CodeStartBranch.obj (codestart)

.cinit     0    0000b000    000004df     
                  0000b000    00000207     finalproject_main.obj (.cinit:_songarray)
                  0000b207    000001d3     finalproject_main.obj (.cinit)
                  0000b3da    00000012     LEDPatterns.obj (.cinit:_LED_A)
                  0000b3ec    00000012     LEDPatterns.obj (.cinit:_LED_BLANK)
                  0000b3fe    00000012     LEDPatterns.obj (.cinit:_LED_D)
                  0000b410    00000012     LEDPatterns.obj (.cinit:_LED_E)
                  0000b422    00000012     LEDPatterns.obj (.cinit:_LED_I)
                  0000b434    00000012     LEDPatterns.obj (.cinit:_LED_J)
                  0000b446    00000012     LEDPatterns.obj (.cinit:_LED_K)
                  0000b458    00000012     LEDPatterns.obj (.cinit:_LED_L)
                  0000b46a    00000012     LEDPatterns.obj (.cinit:_LED_N)
                  0000b47c    00000012     LEDPatterns.obj (.cinit:_LED_S)
                  0000b48e    00000012     LEDPatterns.obj (.cinit:_LED_T)
                  0000b4a0    00000012     LEDPatterns.obj (.cinit:_LED_U)
                  0000b4b2    0000000f     device.obj (.cinit)
                  0000b4c1    0000000e     rts2800_fpu32.lib : exit.c.obj (.cinit)
                  0000b4cf    00000005                       : _lock.c.obj (.cinit:__lock)
                  0000b4d4    00000005                       : _lock.c.obj (.cinit:__unlock)
                  0000b4d9    00000004                       : errno.c.obj (.cinit)
                  0000b4dd    00000002     --HOLE-- [fill = 0]

.reset     0    003fffc0    00000002     DSECT
                  003fffc0    00000002     rts2800_fpu32.lib : boot28.asm.obj (.reset)

.stack     1    0000b800    00000800     UNINITIALIZED
                  0000b800    00000800     --HOLE--

.pinit     0    0000b000    00000000     UNINITIALIZED

.ebss      1    0000a800    00000646     UNINITIALIZED
                  0000a800    00000210     F28379dSerial.obj (.ebss)
                  0000aa10    00000018     F2837xD_CpuTimers.obj (.ebss)
                  0000aa28    0000000f     LEDPatterns.obj (.ebss:_LED_A)
                  0000aa37    00000007     finalproject_main.obj (.ebss:_area1)
                  0000aa3e    00000002     rts2800_fpu32.lib : _lock.c.obj (.ebss:__lock)
                  0000aa40    00000204     finalproject_main.obj (.ebss:_songarray)
                  0000ac44    0000000f     LEDPatterns.obj (.ebss:_LED_BLANK)
                  0000ac53    0000000f     LEDPatterns.obj (.ebss:_LED_D)
                  0000ac62    0000000f     LEDPatterns.obj (.ebss:_LED_E)
                  0000ac71    0000000f     LEDPatterns.obj (.ebss:_LED_I)
                  0000ac80    00000096     finalproject_main.obj (.ebss)
                  0000ad16    0000000f     LEDPatterns.obj (.ebss:_LED_J)
                  0000ad25    0000000f     LEDPatterns.obj (.ebss:_LED_K)
                  0000ad34    0000000b     finalproject_main.obj (.ebss:_str)
                  0000ad3f    00000001     rts2800_fpu32.lib : errno.c.obj (.ebss)
                  0000ad40    00000088     F28379dSerial.obj (.ebss:_serial_printf_buf)
                  0000adc8    0000000f     LEDPatterns.obj (.ebss:_LED_L)
                  0000add7    0000000f     LEDPatterns.obj (.ebss:_LED_N)
                  0000ade6    0000000f     LEDPatterns.obj (.ebss:_LED_S)
                  0000adf5    00000007     finalproject_main.obj (.ebss:_area)
                  0000adfc    00000002     rts2800_fpu32.lib : _lock.c.obj (.ebss:__unlock)
                  0000adfe    00000002     --HOLE--
                  0000ae00    0000000f     LEDPatterns.obj (.ebss:_LED_T)
                  0000ae0f    0000000f     LEDPatterns.obj (.ebss:_LED_U)
                  0000ae1e    00000007     finalproject_main.obj (.ebss:_blockHeight)
                  0000ae25    00000007     finalproject_main.obj (.ebss:_blockWidth)
                  0000ae2c    00000007     finalproject_main.obj (.ebss:_blockX)
                  0000ae33    00000007     finalproject_main.obj (.ebss:_blockY)
                  0000ae3a    00000006     device.obj (.ebss)
                  0000ae40    00000006     rts2800_fpu32.lib : exit.c.obj (.ebss)

.econst    1    00015000    000003c8     
                  00015000    000001c0     F2837xD_PieVect.obj (.econst:_PieVectTableInit)
                  000151c0    00000101     rts2800_fpu32.lib : ctype.c.obj (.econst:.string:__ctypes_)
                  000152c1    00000001     --HOLE-- [fill = 0]
                  000152c2    00000060     driverlib_coff.lib : sysctl.obj (.econst:.string)
                  00015322    0000002b     finalproject_main.obj (.econst:.string)
                  0001534d    00000001     --HOLE-- [fill = 0]
                  0001534e    00000026     rts2800_fpu32.lib : _printfi.c.obj (.econst:.string)
                  00015374    0000001c                       : _printfi.c.obj (.econst)
                  00015390    0000001c                       : s_scalbn.c.obj (.econst)
                  000153ac    00000013     device.obj (.econst:.string)
                  000153bf    00000001     --HOLE-- [fill = 0]
                  000153c0    00000008     rts2800_fpu32.lib : s_frexp.c.obj (.econst)

.TI.ramfunc 
*          0    00000123    00000008     
                  00000123    00000004     F2837xD_usDelay.obj (.TI.ramfunc)
                  00000127    00000004     driverlib_coff.lib : sysctl.obj (.TI.ramfunc)

GETBUFFER 
*          0    0003f800    00000000     DSECT

GETWRITEIDX 
*          0    0003f800    00000000     DSECT

PUTREADIDX 
*          0    0003f800    00000000     DSECT

AdcaResultFile 
*          1    00000b00    00000018     UNINITIALIZED
                  00000b00    00000018     F2837xD_GlobalVariableDefs.obj (AdcaResultFile)

AdcbResultFile 
*          1    00000b20    00000018     UNINITIALIZED
                  00000b20    00000018     F2837xD_GlobalVariableDefs.obj (AdcbResultFile)

AdccResultFile 
*          1    00000b40    00000018     UNINITIALIZED
                  00000b40    00000018     F2837xD_GlobalVariableDefs.obj (AdccResultFile)

AdcdResultFile 
*          1    00000b60    00000018     UNINITIALIZED
                  00000b60    00000018     F2837xD_GlobalVariableDefs.obj (AdcdResultFile)

CpuTimer0RegsFile 
*          1    00000c00    00000008     UNINITIALIZED
                  00000c00    00000008     F2837xD_GlobalVariableDefs.obj (CpuTimer0RegsFile)

CpuTimer1RegsFile 
*          1    00000c08    00000008     UNINITIALIZED
                  00000c08    00000008     F2837xD_GlobalVariableDefs.obj (CpuTimer1RegsFile)

CpuTimer2RegsFile 
*          1    00000c10    00000008     UNINITIALIZED
                  00000c10    00000008     F2837xD_GlobalVariableDefs.obj (CpuTimer2RegsFile)

PieCtrlRegsFile 
*          1    00000ce0    0000001a     UNINITIALIZED
                  00000ce0    0000001a     F2837xD_GlobalVariableDefs.obj (PieCtrlRegsFile)

PieVectTableFile 
*          1    00000d00    000001c0     UNINITIALIZED
                  00000d00    000001c0     F2837xD_GlobalVariableDefs.obj (PieVectTableFile)

EmuBModeVar 
*          1    00000d00    00000001     UNINITIALIZED
                  00000d00    00000001     F2837xD_GlobalVariableDefs.obj (EmuBModeVar)

EmuBootPinsVar 
*          1    00000d01    00000001     UNINITIALIZED
                  00000d01    00000001     F2837xD_GlobalVariableDefs.obj (EmuBootPinsVar)

DmaRegsFile 
*          1    00001000    000000e0     UNINITIALIZED
                  00001000    000000e0     F2837xD_GlobalVariableDefs.obj (DmaRegsFile)

Cla1RegsFile 
*          1    00001400    0000003e     UNINITIALIZED
                  00001400    0000003e     F2837xD_GlobalVariableDefs.obj (Cla1RegsFile)

EPwm1RegsFile 
*          1    00004000    00000100     UNINITIALIZED
                  00004000    00000100     F2837xD_GlobalVariableDefs.obj (EPwm1RegsFile)

EPwm2RegsFile 
*          1    00004100    00000100     UNINITIALIZED
                  00004100    00000100     F2837xD_GlobalVariableDefs.obj (EPwm2RegsFile)

EPwm3RegsFile 
*          1    00004200    00000100     UNINITIALIZED
                  00004200    00000100     F2837xD_GlobalVariableDefs.obj (EPwm3RegsFile)

EPwm4RegsFile 
*          1    00004300    00000100     UNINITIALIZED
                  00004300    00000100     F2837xD_GlobalVariableDefs.obj (EPwm4RegsFile)

EPwm5RegsFile 
*          1    00004400    00000100     UNINITIALIZED
                  00004400    00000100     F2837xD_GlobalVariableDefs.obj (EPwm5RegsFile)

EPwm6RegsFile 
*          1    00004500    00000100     UNINITIALIZED
                  00004500    00000100     F2837xD_GlobalVariableDefs.obj (EPwm6RegsFile)

EPwm7RegsFile 
*          1    00004600    00000100     UNINITIALIZED
                  00004600    00000100     F2837xD_GlobalVariableDefs.obj (EPwm7RegsFile)

EPwm8RegsFile 
*          1    00004700    00000100     UNINITIALIZED
                  00004700    00000100     F2837xD_GlobalVariableDefs.obj (EPwm8RegsFile)

EPwm9RegsFile 
*          1    00004800    00000100     UNINITIALIZED
                  00004800    00000100     F2837xD_GlobalVariableDefs.obj (EPwm9RegsFile)

EPwm10RegsFile 
*          1    00004900    00000100     UNINITIALIZED
                  00004900    00000100     F2837xD_GlobalVariableDefs.obj (EPwm10RegsFile)

EPwm11RegsFile 
*          1    00004a00    00000100     UNINITIALIZED
                  00004a00    00000100     F2837xD_GlobalVariableDefs.obj (EPwm11RegsFile)

EPwm12RegsFile 
*          1    00004b00    00000100     UNINITIALIZED
                  00004b00    00000100     F2837xD_GlobalVariableDefs.obj (EPwm12RegsFile)

ECap1RegsFile 
*          1    00005000    00000020     UNINITIALIZED
                  00005000    00000020     F2837xD_GlobalVariableDefs.obj (ECap1RegsFile)

ECap2RegsFile 
*          1    00005020    00000020     UNINITIALIZED
                  00005020    00000020     F2837xD_GlobalVariableDefs.obj (ECap2RegsFile)

ECap3RegsFile 
*          1    00005040    00000020     UNINITIALIZED
                  00005040    00000020     F2837xD_GlobalVariableDefs.obj (ECap3RegsFile)

ECap4RegsFile 
*          1    00005060    00000020     UNINITIALIZED
                  00005060    00000020     F2837xD_GlobalVariableDefs.obj (ECap4RegsFile)

ECap5RegsFile 
*          1    00005080    00000020     UNINITIALIZED
                  00005080    00000020     F2837xD_GlobalVariableDefs.obj (ECap5RegsFile)

ECap6RegsFile 
*          1    000050a0    00000020     UNINITIALIZED
                  000050a0    00000020     F2837xD_GlobalVariableDefs.obj (ECap6RegsFile)

EQep1RegsFile 
*          1    00005100    00000022     UNINITIALIZED
                  00005100    00000022     F2837xD_GlobalVariableDefs.obj (EQep1RegsFile)

EQep2RegsFile 
*          1    00005140    00000022     UNINITIALIZED
                  00005140    00000022     F2837xD_GlobalVariableDefs.obj (EQep2RegsFile)

EQep3RegsFile 
*          1    00005180    00000022     UNINITIALIZED
                  00005180    00000022     F2837xD_GlobalVariableDefs.obj (EQep3RegsFile)

DacaRegsFile 
*          1    00005c00    00000008     UNINITIALIZED
                  00005c00    00000008     F2837xD_GlobalVariableDefs.obj (DacaRegsFile)

DacbRegsFile 
*          1    00005c10    00000008     UNINITIALIZED
                  00005c10    00000008     F2837xD_GlobalVariableDefs.obj (DacbRegsFile)

DaccRegsFile 
*          1    00005c20    00000008     UNINITIALIZED
                  00005c20    00000008     F2837xD_GlobalVariableDefs.obj (DaccRegsFile)

I2caRegsFile 
*          1    00007300    00000022     UNINITIALIZED
                  00007300    00000022     F2837xD_GlobalVariableDefs.obj (I2caRegsFile)

I2cbRegsFile 
*          1    00007340    00000022     UNINITIALIZED
                  00007340    00000022     F2837xD_GlobalVariableDefs.obj (I2cbRegsFile)

AdcaRegsFile 
*          1    00007400    00000080     UNINITIALIZED
                  00007400    00000080     F2837xD_GlobalVariableDefs.obj (AdcaRegsFile)

AdcbRegsFile 
*          1    00007480    00000080     UNINITIALIZED
                  00007480    00000080     F2837xD_GlobalVariableDefs.obj (AdcbRegsFile)

AdccRegsFile 
*          1    00007500    00000080     UNINITIALIZED
                  00007500    00000080     F2837xD_GlobalVariableDefs.obj (AdccRegsFile)

AdcdRegsFile 
*          1    00007580    00000080     UNINITIALIZED
                  00007580    00000080     F2837xD_GlobalVariableDefs.obj (AdcdRegsFile)

CanaRegsFile 
*          1    00048000    00000164     UNINITIALIZED
                  00048000    00000164     F2837xD_GlobalVariableDefs.obj (CanaRegsFile)

CanbRegsFile 
*          1    0004a000    00000164     UNINITIALIZED
                  0004a000    00000164     F2837xD_GlobalVariableDefs.obj (CanbRegsFile)

AnalogSubsysRegsFile 
*          1    0005d180    00000048     UNINITIALIZED
                  0005d180    00000048     F2837xD_GlobalVariableDefs.obj (AnalogSubsysRegsFile)

Cla1SoftIntRegsFile 
*          1    00000ce0    00000004     DSECT
                  00000ce0    00000004     F2837xD_GlobalVariableDefs.obj (Cla1SoftIntRegsFile)

Cmpss1RegsFile 
*          1    00005c80    00000020     UNINITIALIZED
                  00005c80    00000020     F2837xD_GlobalVariableDefs.obj (Cmpss1RegsFile)

Cmpss2RegsFile 
*          1    00005ca0    00000020     UNINITIALIZED
                  00005ca0    00000020     F2837xD_GlobalVariableDefs.obj (Cmpss2RegsFile)

Cmpss3RegsFile 
*          1    00005cc0    00000020     UNINITIALIZED
                  00005cc0    00000020     F2837xD_GlobalVariableDefs.obj (Cmpss3RegsFile)

Cmpss4RegsFile 
*          1    00005ce0    00000020     UNINITIALIZED
                  00005ce0    00000020     F2837xD_GlobalVariableDefs.obj (Cmpss4RegsFile)

Cmpss5RegsFile 
*          1    00005d00    00000020     UNINITIALIZED
                  00005d00    00000020     F2837xD_GlobalVariableDefs.obj (Cmpss5RegsFile)

Cmpss6RegsFile 
*          1    00005d20    00000020     UNINITIALIZED
                  00005d20    00000020     F2837xD_GlobalVariableDefs.obj (Cmpss6RegsFile)

Cmpss7RegsFile 
*          1    00005d40    00000020     UNINITIALIZED
                  00005d40    00000020     F2837xD_GlobalVariableDefs.obj (Cmpss7RegsFile)

Cmpss8RegsFile 
*          1    00005d60    00000020     UNINITIALIZED
                  00005d60    00000020     F2837xD_GlobalVariableDefs.obj (Cmpss8RegsFile)

Sdfm1RegsFile 
*          1    00005e00    00000080     UNINITIALIZED
                  00005e00    00000080     F2837xD_GlobalVariableDefs.obj (Sdfm1RegsFile)

Sdfm2RegsFile 
*          1    00005e80    00000080     UNINITIALIZED
                  00005e80    00000080     F2837xD_GlobalVariableDefs.obj (Sdfm2RegsFile)

McbspaRegsFile 
*          1    00006000    00000024     UNINITIALIZED
                  00006000    00000024     F2837xD_GlobalVariableDefs.obj (McbspaRegsFile)

McbspbRegsFile 
*          1    00006040    00000024     UNINITIALIZED
                  00006040    00000024     F2837xD_GlobalVariableDefs.obj (McbspbRegsFile)

SpiaRegsFile 
*          1    00006100    00000010     UNINITIALIZED
                  00006100    00000010     F2837xD_GlobalVariableDefs.obj (SpiaRegsFile)

SpibRegsFile 
*          1    00006110    00000010     UNINITIALIZED
                  00006110    00000010     F2837xD_GlobalVariableDefs.obj (SpibRegsFile)

SpicRegsFile 
*          1    00006120    00000010     UNINITIALIZED
                  00006120    00000010     F2837xD_GlobalVariableDefs.obj (SpicRegsFile)

UppRegsFile 
*          1    00006200    00000048     UNINITIALIZED
                  00006200    00000048     F2837xD_GlobalVariableDefs.obj (UppRegsFile)

WdRegsFile 
*          1    00007000    0000002b     UNINITIALIZED
                  00007000    0000002b     F2837xD_GlobalVariableDefs.obj (WdRegsFile)

NmiIntruptRegsFile 
*          1    00007060    00000007     UNINITIALIZED
                  00007060    00000007     F2837xD_GlobalVariableDefs.obj (NmiIntruptRegsFile)

XintRegsFile 
*          1    00007070    0000000b     UNINITIALIZED
                  00007070    0000000b     F2837xD_GlobalVariableDefs.obj (XintRegsFile)

SciaRegsFile 
*          1    00007200    00000010     UNINITIALIZED
                  00007200    00000010     F2837xD_GlobalVariableDefs.obj (SciaRegsFile)

ScibRegsFile 
*          1    00007210    00000010     UNINITIALIZED
                  00007210    00000010     F2837xD_GlobalVariableDefs.obj (ScibRegsFile)

ScicRegsFile 
*          1    00007220    00000010     UNINITIALIZED
                  00007220    00000010     F2837xD_GlobalVariableDefs.obj (ScicRegsFile)

ScidRegsFile 
*          1    00007230    00000010     UNINITIALIZED
                  00007230    00000010     F2837xD_GlobalVariableDefs.obj (ScidRegsFile)

InputXbarRegsFile 
*          1    00007900    00000020     UNINITIALIZED
                  00007900    00000020     F2837xD_GlobalVariableDefs.obj (InputXbarRegsFile)

XbarRegsFile 
*          1    00007920    00000020     UNINITIALIZED
                  00007920    00000020     F2837xD_GlobalVariableDefs.obj (XbarRegsFile)

SyncSocRegsFile 
*          1    00007940    00000006     UNINITIALIZED
                  00007940    00000006     F2837xD_GlobalVariableDefs.obj (SyncSocRegsFile)

DmaClaSrcSelRegsFile 
*          1    00007980    0000001a     UNINITIALIZED
                  00007980    0000001a     F2837xD_GlobalVariableDefs.obj (DmaClaSrcSelRegsFile)

EPwmXbarRegsFile 
*          1    00007a00    00000040     UNINITIALIZED
                  00007a00    00000040     F2837xD_GlobalVariableDefs.obj (EPwmXbarRegsFile)

OutputXbarRegsFile 
*          1    00007a80    00000040     UNINITIALIZED
                  00007a80    00000040     F2837xD_GlobalVariableDefs.obj (OutputXbarRegsFile)

GpioCtrlRegsFile 
*          1    00007c00    00000180     UNINITIALIZED
                  00007c00    00000180     F2837xD_GlobalVariableDefs.obj (GpioCtrlRegsFile)

GpioDataRegsFile 
*          1    00007f00    00000030     UNINITIALIZED
                  00007f00    00000030     F2837xD_GlobalVariableDefs.obj (GpioDataRegsFile)

Emif1RegsFile 
*          1    00047000    00000070     UNINITIALIZED
                  00047000    00000070     F2837xD_GlobalVariableDefs.obj (Emif1RegsFile)

Emif2RegsFile 
*          1    00047800    00000070     UNINITIALIZED
                  00047800    00000070     F2837xD_GlobalVariableDefs.obj (Emif2RegsFile)

IpcRegsFile 
*          1    00050000    00000024     UNINITIALIZED
                  00050000    00000024     F2837xD_GlobalVariableDefs.obj (IpcRegsFile)

FlashPumpSemaphoreRegsFile 
*          1    00050024    00000002     UNINITIALIZED
                  00050024    00000002     F2837xD_GlobalVariableDefs.obj (FlashPumpSemaphoreRegsFile)

RomPrefetchRegsFile 
*          1    0005e608    00000002     UNINITIALIZED
                  0005e608    00000002     F2837xD_GlobalVariableDefs.obj (RomPrefetchRegsFile)

DcsmZ1RegsFile 
*          1    0005f000    00000024     UNINITIALIZED
                  0005f000    00000024     F2837xD_GlobalVariableDefs.obj (DcsmZ1RegsFile)

DcsmZ2RegsFile 
*          1    0005f040    00000024     UNINITIALIZED
                  0005f040    00000024     F2837xD_GlobalVariableDefs.obj (DcsmZ2RegsFile)

DcsmCommonRegsFile 
*          1    0005f070    00000008     UNINITIALIZED
                  0005f070    00000008     F2837xD_GlobalVariableDefs.obj (DcsmCommonRegsFile)

MemCfgRegsFile 
*          1    0005f400    00000080     UNINITIALIZED
                  0005f400    00000080     F2837xD_GlobalVariableDefs.obj (MemCfgRegsFile)

Emif1ConfigRegsFile 
*          1    0005f480    00000020     UNINITIALIZED
                  0005f480    00000020     F2837xD_GlobalVariableDefs.obj (Emif1ConfigRegsFile)

Emif2ConfigRegsFile 
*          1    0005f4a0    00000020     UNINITIALIZED
                  0005f4a0    00000020     F2837xD_GlobalVariableDefs.obj (Emif2ConfigRegsFile)

AccessProtectionRegsFile 
*          1    0005f4c0    00000040     UNINITIALIZED
                  0005f4c0    00000040     F2837xD_GlobalVariableDefs.obj (AccessProtectionRegsFile)

MemoryErrorRegsFile 
*          1    0005f500    00000040     UNINITIALIZED
                  0005f500    00000040     F2837xD_GlobalVariableDefs.obj (MemoryErrorRegsFile)

RomWaitStateRegsFile 
*          1    0005f540    00000002     UNINITIALIZED
                  0005f540    00000002     F2837xD_GlobalVariableDefs.obj (RomWaitStateRegsFile)

Flash0CtrlRegsFile 
*          1    0005f800    00000182     UNINITIALIZED
                  0005f800    00000182     F2837xD_GlobalVariableDefs.obj (Flash0CtrlRegsFile)

Flash0EccRegsFile 
*          1    0005fb00    00000028     UNINITIALIZED
                  0005fb00    00000028     F2837xD_GlobalVariableDefs.obj (Flash0EccRegsFile)

DevCfgRegsFile 
*          1    0005d000    0000012e     UNINITIALIZED
                  0005d000    0000012e     F2837xD_GlobalVariableDefs.obj (DevCfgRegsFile)

ClkCfgRegsFile 
*          1    0005d200    00000032     UNINITIALIZED
                  0005d200    00000032     F2837xD_GlobalVariableDefs.obj (ClkCfgRegsFile)

CpuSysRegsFile 
*          1    0005d300    00000082     UNINITIALIZED
                  0005d300    00000082     F2837xD_GlobalVariableDefs.obj (CpuSysRegsFile)

.text.1    0    00008000    00002800     
                  00008000    00000ce4     rts2800_fpu32.lib : _printfi.c.obj (.text)
                  00008ce4    00000874     finalproject_main.obj (.text)
                  00009558    00000585     F2837xD_DefaultISR.obj (.text:retain)
                  00009add    000004ab     F2837xD_SysCtrl.obj (.text)
                  00009f88    0000043d     finalproject_main.obj (.text:retain)
                  0000a3c5    0000028e     F28379dSerial.obj (.text)
                  0000a653    00000107     rts2800_fpu32.lib : ll_div28.asm.obj (.text)
                  0000a75a    0000009c                       : fd_add28.asm.obj (.text)
                  0000a7f6    00000009                       : _lock.c.obj (.text)
                  0000a7ff    00000001                       : startup.c.obj (.text)

.text.2    0    0000c000    00000d1a     
                  0000c000    00000244     F2837xD_Gpio.obj (.text)
                  0000c244    000001e0     F28379dSerial.obj (.text:retain)
                  0000c424    000000fb     LEDPatterns.obj (.text)
                  0000c51f    000000d3     rts2800_fpu32.lib : strtol.c.obj (.text)
                  0000c5f2    000000ae                       : s_scalbn.c.obj (.text)
                  0000c6a0    0000008b                       : fd_div28.asm.obj (.text)
                  0000c72b    00000088                       : fs_div28.asm.obj (.text)
                  0000c7b3    00000083                       : fd_mpy28.asm.obj (.text)
                  0000c836    0000007c     F2837xD_CpuTimers.obj (.text)
                  0000c8b2    00000063     rts2800_fpu32.lib : s_cosf.c.obj (.text)
                  0000c915    0000005a                       : s_frexp.c.obj (.text)
                  0000c96f    00000059                       : s_sinf.c.obj (.text)
                  0000c9c8    00000056                       : boot28.asm.obj (.text)
                  0000ca1e    00000031                       : atoi.c.obj (.text)
                  0000ca4f    00000030                       : _ltoa.c.obj (.text)
                  0000ca7f    00000030                       : vsprintf.c.obj (.text)
                  0000caaf    0000002a                       : fd_cmp28.asm.obj (.text)
                  0000cad9    0000002a                       : l_div28.asm.obj (.text)
                  0000cb03    00000029                       : exit.c.obj (.text)
                  0000cb2c    00000028     F2837xD_PieCtrl.obj (.text)
                  0000cb54    00000026     F2837xD_PieVect.obj (.text)
                  0000cb7a    00000025     rts2800_fpu32.lib : s_copysign.c.obj (.text)
                  0000cb9f    00000024                       : cpy_tbl.c.obj (.text)
                  0000cbc3    00000021                       : fd_toi28.asm.obj (.text)
                  0000cbe4    0000001f                       : fd_tol28.asm.obj (.text)
                  0000cc03    0000001e                       : ll_cmp28.asm.obj (.text)
                  0000cc21    0000001d                       : i_tofd28.asm.obj (.text)
                  0000cc3e    0000001d                       : memcpy.c.obj (.text)
                  0000cc5b    0000001c                       : fs_tofdfpu32.asm.obj (.text)
                  0000cc77    0000001c                       : l_tofd28.asm.obj (.text)
                  0000cc93    00000018                       : ll_aox28.asm.obj (.text)
                  0000ccab    00000012                       : args_main.c.obj (.text)
                  0000ccbd    00000010                       : memccpy.c.obj (.text)
                  0000cccd    0000000e                       : fd_sub28.asm.obj (.text)
                  0000ccdb    0000000c                       : strchr.c.obj (.text)
                  0000cce7    0000000b                       : u_div28.asm.obj (.text)
                  0000ccf2    00000009                       : fd_neg28.asm.obj (.text)
                  0000ccfb    00000009                       : wcslen.c.obj (.text)
                  0000cd04    00000008                       : strlen.c.obj (.text)
                  0000cd0c    00000007                       : memset.c.obj (.text)
                  0000cd13    00000005                       : strcpy.c.obj (.text)
                  0000cd18    00000002                       : pre_init.c.obj (.text)

MODULE SUMMARY

       Module                           code    initialized data   uninitialized data
       ------                           ----    ----------------   ------------------
    .\
       F2837xD_GlobalVariableDefs.obj   0       0                  8695              
       finalproject_main.obj            3249    1029               719               
       F28379dSerial.obj                1134    0                  664               
       F2837xD_DefaultISR.obj           1413    0                  0                 
       F2837xD_SysCtrl.obj              1195    0                  0                 
       LEDPatterns.obj                  251     216                180               
       F2837xD_Gpio.obj                 580     0                  0                 
       F2837xD_PieVect.obj              38      448                0                 
       F2837xD_CpuTimers.obj            124     0                  24                
       F2837xD_PieCtrl.obj              40      0                  0                 
       F2837xD_usDelay.obj              4       0                  0                 
       F2837xD_CodeStartBranch.obj      2       0                  0                 
    +--+--------------------------------+-------+------------------+--------------------+
       Total:                           8030    1693               10282             
                                                                                     
    .\device\
       device.obj                       0       34                 6                 
    +--+--------------------------------+-------+------------------+--------------------+
       Total:                           0       34                 6                 
                                                                                     
    C:\ME461jl\ME461\C2000Ware_3_02_00_00_F28379D\driverlib\f2837xd\driverlib\ccs\Debug\driverlib_coff.lib
       sysctl.obj                       4       96                 0                 
    +--+--------------------------------+-------+------------------+--------------------+
       Total:                           4       96                 0                 
                                                                                     
    C:\ti\ccs1010\ccs\tools\compiler\ti-cgt-c2000_20.2.2.LTS\lib\rts2800_fpu32.lib
       _printfi.c.obj                   3300    66                 0                 
       ll_div28.asm.obj                 263     0                  0                 
       ctype.c.obj                      0       257                0                 
       strtol.c.obj                     211     0                  0                 
       s_scalbn.c.obj                   174     28                 0                 
       fd_add28.asm.obj                 156     0                  0                 
       fd_div28.asm.obj                 139     0                  0                 
       fs_div28.asm.obj                 136     0                  0                 
       fd_mpy28.asm.obj                 131     0                  0                 
       s_cosf.c.obj                     99      0                  0                 
       s_frexp.c.obj                    90      8                  0                 
       s_sinf.c.obj                     89      0                  0                 
       boot28.asm.obj                   86      0                  0                 
       exit.c.obj                       41      14                 6                 
       atoi.c.obj                       49      0                  0                 
       _ltoa.c.obj                      48      0                  0                 
       vsprintf.c.obj                   48      0                  0                 
       fd_cmp28.asm.obj                 42      0                  0                 
       l_div28.asm.obj                  42      0                  0                 
       s_copysign.c.obj                 37      0                  0                 
       cpy_tbl.c.obj                    36      0                  0                 
       fd_toi28.asm.obj                 33      0                  0                 
       fd_tol28.asm.obj                 31      0                  0                 
       ll_cmp28.asm.obj                 30      0                  0                 
       i_tofd28.asm.obj                 29      0                  0                 
       memcpy.c.obj                     29      0                  0                 
       fs_tofdfpu32.asm.obj             28      0                  0                 
       l_tofd28.asm.obj                 28      0                  0                 
       ll_aox28.asm.obj                 24      0                  0                 
       _lock.c.obj                      9       10                 4                 
       args_main.c.obj                  18      0                  0                 
       memccpy.c.obj                    16      0                  0                 
       fd_sub28.asm.obj                 14      0                  0                 
       strchr.c.obj                     12      0                  0                 
       u_div28.asm.obj                  11      0                  0                 
       fd_neg28.asm.obj                 9       0                  0                 
       wcslen.c.obj                     9       0                  0                 
       strlen.c.obj                     8       0                  0                 
       memset.c.obj                     7       0                  0                 
       errno.c.obj                      0       4                  1                 
       strcpy.c.obj                     5       0                  0                 
       pre_init.c.obj                   2       0                  0                 
       startup.c.obj                    1       0                  0                 
    +--+--------------------------------+-------+------------------+--------------------+
       Total:                           5570    387                11                
                                                                                     
       Stack:                           0       0                  2048              
    +--+--------------------------------+-------+------------------+--------------------+
       Grand Total:                     13604   2210               12347             


GLOBAL DATA SYMBOLS: SORTED BY DATA PAGE

address     data page           name
--------    ----------------    ----
00000b00      2c (00000b00)     _AdcaResultRegs
00000b20      2c (00000b00)     _AdcbResultRegs

00000b40      2d (00000b40)     _AdccResultRegs
00000b60      2d (00000b40)     _AdcdResultRegs

00000c00      30 (00000c00)     _CpuTimer0Regs
00000c08      30 (00000c00)     _CpuTimer1Regs
00000c10      30 (00000c00)     _CpuTimer2Regs

00000ce0      33 (00000cc0)     _Cla1SoftIntRegs
00000ce0      33 (00000cc0)     _PieCtrlRegs

00000d00      34 (00000d00)     _EmuBMode
00000d00      34 (00000d00)     _PieVectTable
00000d01      34 (00000d00)     _EmuBootPins

00001000      40 (00001000)     _DmaRegs

00001400      50 (00001400)     _Cla1Regs

00004000     100 (00004000)     _EPwm1Regs

00004100     104 (00004100)     _EPwm2Regs

00004200     108 (00004200)     _EPwm3Regs

00004300     10c (00004300)     _EPwm4Regs

00004400     110 (00004400)     _EPwm5Regs

00004500     114 (00004500)     _EPwm6Regs

00004600     118 (00004600)     _EPwm7Regs

00004700     11c (00004700)     _EPwm8Regs

00004800     120 (00004800)     _EPwm9Regs

00004900     124 (00004900)     _EPwm10Regs

00004a00     128 (00004a00)     _EPwm11Regs

00004b00     12c (00004b00)     _EPwm12Regs

00005000     140 (00005000)     _ECap1Regs
00005020     140 (00005000)     _ECap2Regs

00005040     141 (00005040)     _ECap3Regs
00005060     141 (00005040)     _ECap4Regs

00005080     142 (00005080)     _ECap5Regs
000050a0     142 (00005080)     _ECap6Regs

00005100     144 (00005100)     _EQep1Regs

00005140     145 (00005140)     _EQep2Regs

00005180     146 (00005180)     _EQep3Regs

00005c00     170 (00005c00)     _DacaRegs
00005c10     170 (00005c00)     _DacbRegs
00005c20     170 (00005c00)     _DaccRegs

00005c80     172 (00005c80)     _Cmpss1Regs
00005ca0     172 (00005c80)     _Cmpss2Regs

00005cc0     173 (00005cc0)     _Cmpss3Regs
00005ce0     173 (00005cc0)     _Cmpss4Regs

00005d00     174 (00005d00)     _Cmpss5Regs
00005d20     174 (00005d00)     _Cmpss6Regs

00005d40     175 (00005d40)     _Cmpss7Regs
00005d60     175 (00005d40)     _Cmpss8Regs

00005e00     178 (00005e00)     _Sdfm1Regs

00005e80     17a (00005e80)     _Sdfm2Regs

00006000     180 (00006000)     _McbspaRegs

00006040     181 (00006040)     _McbspbRegs

00006100     184 (00006100)     _SpiaRegs
00006110     184 (00006100)     _SpibRegs
00006120     184 (00006100)     _SpicRegs

00006200     188 (00006200)     _UppRegs

00007000     1c0 (00007000)     _WdRegs

00007060     1c1 (00007040)     _NmiIntruptRegs
00007070     1c1 (00007040)     _XintRegs

00007200     1c8 (00007200)     _SciaRegs
00007210     1c8 (00007200)     _ScibRegs
00007220     1c8 (00007200)     _ScicRegs
00007230     1c8 (00007200)     _ScidRegs

00007300     1cc (00007300)     _I2caRegs

00007340     1cd (00007340)     _I2cbRegs

00007400     1d0 (00007400)     _AdcaRegs

00007480     1d2 (00007480)     _AdcbRegs

00007500     1d4 (00007500)     _AdccRegs

00007580     1d6 (00007580)     _AdcdRegs

00007900     1e4 (00007900)     _InputXbarRegs
00007920     1e4 (00007900)     _XbarRegs

00007940     1e5 (00007940)     _SyncSocRegs

00007980     1e6 (00007980)     _DmaClaSrcSelRegs

00007a00     1e8 (00007a00)     _EPwmXbarRegs

00007a80     1ea (00007a80)     _OutputXbarRegs

00007c00     1f0 (00007c00)     _GpioCtrlRegs

00007f00     1fc (00007f00)     _GpioDataRegs

0000a800     2a0 (0000a800)     _SerialA

0000a8c0     2a3 (0000a8c0)     _SerialC

0000a980     2a6 (0000a980)     _SerialD

0000aa10     2a8 (0000aa00)     _CpuTimer0
0000aa18     2a8 (0000aa00)     _CpuTimer1
0000aa20     2a8 (0000aa00)     _CpuTimer2
0000aa28     2a8 (0000aa00)     _LED_A
0000aa37     2a8 (0000aa00)     _area1
0000aa3e     2a8 (0000aa00)     __lock

0000aa40     2a9 (0000aa40)     _songarray

0000ac44     2b1 (0000ac40)     _LED_BLANK
0000ac53     2b1 (0000ac40)     _LED_D
0000ac62     2b1 (0000ac40)     _LED_E
0000ac71     2b1 (0000ac40)     _LED_I

0000ac80     2b2 (0000ac80)     _UARTPrint
0000ac81     2b2 (0000ac80)     _LEDdisplaynum
0000ac82     2b2 (0000ac80)     _sync1
0000ac83     2b2 (0000ac80)     _sync2
0000ac84     2b2 (0000ac80)     _type
0000ac85     2b2 (0000ac80)     _length
0000ac86     2b2 (0000ac80)     _checksum1
0000ac87     2b2 (0000ac80)     _checksum2
0000ac88     2b2 (0000ac80)     _hwv1
0000ac89     2b2 (0000ac80)     _hwv2
0000ac8a     2b2 (0000ac80)     _fwv1
0000ac8b     2b2 (0000ac80)     _fwv2
0000ac8c     2b2 (0000ac80)     _fwb1
0000ac8d     2b2 (0000ac80)     _fwb2
0000ac8e     2b2 (0000ac80)     _fwt
0000ac8f     2b2 (0000ac80)     _temp
0000ac90     2b2 (0000ac80)     _gb1
0000ac91     2b2 (0000ac80)     _gb2
0000ac92     2b2 (0000ac80)     _gb3
0000ac93     2b2 (0000ac80)     _gb4
0000ac94     2b2 (0000ac80)     _gb5
0000ac95     2b2 (0000ac80)     _gb6
0000ac96     2b2 (0000ac80)     _gb7
0000ac97     2b2 (0000ac80)     _gb8
0000ac98     2b2 (0000ac80)     _gb9
0000ac99     2b2 (0000ac80)     _gb10
0000ac9a     2b2 (0000ac80)     _gb11
0000ac9b     2b2 (0000ac80)     _gb12
0000ac9c     2b2 (0000ac80)     _gb13
0000ac9d     2b2 (0000ac80)     _gbFlag
0000ac9e     2b2 (0000ac80)     _sng1Flag
0000ac9f     2b2 (0000ac80)     _sng2Flag
0000aca0     2b2 (0000ac80)     _sng1Count
0000aca1     2b2 (0000ac80)     _autoFlag
0000aca2     2b2 (0000ac80)     _flag
0000aca3     2b2 (0000ac80)     _count
0000aca4     2b2 (0000ac80)     _num
0000aca5     2b2 (0000ac80)     _a
0000aca6     2b2 (0000ac80)     _b
0000aca7     2b2 (0000ac80)     _one
0000aca8     2b2 (0000ac80)     _two
0000aca9     2b2 (0000ac80)     _minus
0000acaa     2b2 (0000ac80)     _plus
0000acab     2b2 (0000ac80)     _home
0000acac     2b2 (0000ac80)     _updown
0000acad     2b2 (0000ac80)     _leftright
0000acae     2b2 (0000ac80)     _a1
0000acaf     2b2 (0000ac80)     _b1
0000acb0     2b2 (0000ac80)     _one1
0000acb1     2b2 (0000ac80)     _two1
0000acb2     2b2 (0000ac80)     _minus1
0000acb3     2b2 (0000ac80)     _plus1
0000acb4     2b2 (0000ac80)     _home1
0000acb5     2b2 (0000ac80)     _plusminus
0000acb6     2b2 (0000ac80)     _plusminus1
0000acb7     2b2 (0000ac80)     _accelx
0000acb8     2b2 (0000ac80)     _accely
0000acb9     2b2 (0000ac80)     _accelz
0000acba     2b2 (0000ac80)     _gyrox
0000acbb     2b2 (0000ac80)     _gyroy
0000acbc     2b2 (0000ac80)     _gyroz
0000acbd     2b2 (0000ac80)     _songflag
0000acbe     2b2 (0000ac80)     _songcount

0000acc0     2b3 (0000acc0)     _numTimer0calls
0000acc2     2b3 (0000acc0)     _numSWIcalls
0000acc4     2b3 (0000acc0)     _numRXA
0000acc6     2b3 (0000acc0)     _gyroxReading
0000acc8     2b3 (0000acc0)     _gyroyReading
0000acca     2b3 (0000acc0)     _gyrozReading
0000accc     2b3 (0000acc0)     _accelxReading
0000acce     2b3 (0000acc0)     _accelyReading
0000acd0     2b3 (0000acc0)     _accelzReading
0000acd2     2b3 (0000acc0)     _LeftWheel
0000acd4     2b3 (0000acc0)     _RightWheel
0000acd6     2b3 (0000acc0)     _LeftWheel1
0000acd8     2b3 (0000acc0)     _RightWheel1
0000acda     2b3 (0000acc0)     _leftdistance
0000acdc     2b3 (0000acc0)     _rightdistance
0000acde     2b3 (0000acc0)     _uLeft
0000ace0     2b3 (0000acc0)     _uRight
0000ace2     2b3 (0000acc0)     _leftdistance1
0000ace4     2b3 (0000acc0)     _rightdistance1
0000ace6     2b3 (0000acc0)     _leftvel
0000ace8     2b3 (0000acc0)     _rightvel
0000acea     2b3 (0000acc0)     _kp
0000acec     2b3 (0000acc0)     _ki
0000acee     2b3 (0000acc0)     _vref
0000acf0     2b3 (0000acc0)     _ikr
0000acf2     2b3 (0000acc0)     _ikr1
0000acf4     2b3 (0000acc0)     _ekr
0000acf6     2b3 (0000acc0)     _ekr1
0000acf8     2b3 (0000acc0)     _ikl
0000acfa     2b3 (0000acc0)     _ikl1
0000acfc     2b3 (0000acc0)     _ekl
0000acfe     2b3 (0000acc0)     _ekl1

0000ad00     2b4 (0000ad00)     _eturn
0000ad02     2b4 (0000ad00)     _kturn
0000ad04     2b4 (0000ad00)     _turn
0000ad06     2b4 (0000ad00)     _x
0000ad08     2b4 (0000ad00)     _y
0000ad0a     2b4 (0000ad00)     _phi
0000ad0c     2b4 (0000ad00)     _xdot
0000ad0e     2b4 (0000ad00)     _xdot1
0000ad10     2b4 (0000ad00)     _ydot
0000ad12     2b4 (0000ad00)     _ydot1
0000ad14     2b4 (0000ad00)     _numRXC
0000ad16     2b4 (0000ad00)     _LED_J
0000ad25     2b4 (0000ad00)     _LED_K
0000ad34     2b4 (0000ad00)     _str
0000ad3f     2b4 (0000ad00)     _errno

0000ad40     2b5 (0000ad40)     _serial_printf_buf

0000adc8     2b7 (0000adc0)     _LED_L
0000add7     2b7 (0000adc0)     _LED_N
0000ade6     2b7 (0000adc0)     _LED_S
0000adf5     2b7 (0000adc0)     _area
0000adfc     2b7 (0000adc0)     __unlock

0000ae00     2b8 (0000ae00)     _LED_T
0000ae0f     2b8 (0000ae00)     _LED_U
0000ae1e     2b8 (0000ae00)     _blockHeight
0000ae25     2b8 (0000ae00)     _blockWidth
0000ae2c     2b8 (0000ae00)     _blockX
0000ae33     2b8 (0000ae00)     _blockY
0000ae3a     2b8 (0000ae00)     _Example_Result
0000ae3c     2b8 (0000ae00)     _Example_PassCount
0000ae3e     2b8 (0000ae00)     _Example_Fail

0000ae40     2b9 (0000ae40)     ___TI_enable_exit_profile_output
0000ae42     2b9 (0000ae40)     ___TI_cleanup_ptr
0000ae44     2b9 (0000ae40)     ___TI_dtors_ptr

0000b800     2e0 (0000b800)     __stack

00015000     540 (00015000)     _PieVectTableInit

000151c0     547 (000151c0)     __ctypes_

00047000    11c0 (00047000)     _Emif1Regs

00047800    11e0 (00047800)     _Emif2Regs

00048000    1200 (00048000)     _CanaRegs

0004a000    1280 (0004a000)     _CanbRegs

00050000    1400 (00050000)     _IpcRegs
00050024    1400 (00050000)     _FlashPumpSemaphoreRegs

0005d000    1740 (0005d000)     _DevCfgRegs

0005d180    1746 (0005d180)     _AnalogSubsysRegs

0005d200    1748 (0005d200)     _ClkCfgRegs

0005d300    174c (0005d300)     _CpuSysRegs

0005e608    1798 (0005e600)     _RomPrefetchRegs

0005f000    17c0 (0005f000)     _DcsmZ1Regs

0005f040    17c1 (0005f040)     _DcsmZ2Regs
0005f070    17c1 (0005f040)     _DcsmCommonRegs

0005f400    17d0 (0005f400)     _MemCfgRegs

0005f480    17d2 (0005f480)     _Emif1ConfigRegs
0005f4a0    17d2 (0005f480)     _Emif2ConfigRegs

0005f4c0    17d3 (0005f4c0)     _AccessProtectionRegs

0005f500    17d4 (0005f500)     _MemoryErrorRegs

0005f540    17d5 (0005f540)     _RomWaitStateRegs

0005f800    17e0 (0005f800)     _Flash0CtrlRegs

0005fb00    17ec (0005fb00)     _Flash0EccRegs


GLOBAL SYMBOLS: SORTED ALPHABETICALLY BY Name 

page  address   name                                  
----  -------   ----                                  
abs   ffffffff  .text                                 
0     0000cb03  C$$EXIT                               
0     0000a75a  FD$$ADD                               
0     0000caaf  FD$$CMP                               
0     0000c6a0  FD$$DIV                               
0     0000c7b3  FD$$MPY                               
0     0000ccf2  FD$$NEG                               
0     0000cccd  FD$$SUB                               
0     0000cbc3  FD$$TOI                               
0     0000cbe4  FD$$TOL                               
0     0000c72b  FS$$DIV                               
0     0000cc5b  FS$$TOFD                              
0     0000cc21  I$$TOFD                               
0     0000cad9  L$$DIV                                
0     0000cae8  L$$MOD                                
0     0000cc77  L$$TOFD                               
0     0000cc93  LL$$AND                               
0     0000cc03  LL$$CMP                               
0     0000a653  LL$$DIV                               
0     0000a68f  LL$$MOD                               
0     0000cc9b  LL$$OR                                
0     0000cca3  LL$$XOR                               
0     0000cce7  U$$DIV                                
0     0000ccec  U$$MOD                                
0     0000caf6  UL$$DIV                               
0     0000cafd  UL$$MOD                               
0     0000cc15  ULL$$CMP                              
0     0000a6c9  ULL$$DIV                              
0     0000a6f8  ULL$$MOD                              
0     00009616  _ADCA1_ISR                            
0     00009896  _ADCA2_ISR                            
0     000098a0  _ADCA3_ISR                            
0     000098aa  _ADCA4_ISR                            
0     0000988c  _ADCA_EVT_ISR                         
0     00009620  _ADCB1_ISR                            
0     000098be  _ADCB2_ISR                            
0     000098c8  _ADCB3_ISR                            
0     000098d2  _ADCB4_ISR                            
0     000098b4  _ADCB_EVT_ISR                         
0     0000962a  _ADCC1_ISR                            
0     00009a26  _ADCC2_ISR                            
0     00009a30  _ADCC3_ISR                            
0     00009a3a  _ADCC4_ISR                            
0     00009a1c  _ADCC_EVT_ISR                         
0     00009648  _ADCD1_ISR                            
0     00009a4e  _ADCD2_ISR                            
0     00009a58  _ADCD3_ISR                            
0     00009a62  _ADCD4_ISR                            
0     00009a44  _ADCD_EVT_ISR                         
0     00009a9e  _AUX_PLL_SLIP_ISR                     
1     0005f4c0  _AccessProtectionRegs                 
1     00007400  _AdcaRegs                             
1     00000b00  _AdcaResultRegs                       
1     00007480  _AdcbRegs                             
1     00000b20  _AdcbResultRegs                       
1     00007500  _AdccRegs                             
1     00000b40  _AdccResultRegs                       
1     00007580  _AdcdRegs                             
1     00000b60  _AdcdResultRegs                       
1     0005d180  _AnalogSubsysRegs                     
0     00009f17  _AuxAuxClkSel                         
0     00009f01  _AuxIntOsc2Sel                        
0     00009f0b  _AuxXtalOscSel                        
0     00009864  _CANA0_ISR                            
0     0000986e  _CANA1_ISR                            
0     00009878  _CANB0_ISR                            
0     00009882  _CANB1_ISR                            
0     000098dc  _CLA1_1_ISR                           
0     000098e6  _CLA1_2_ISR                           
0     000098f0  _CLA1_3_ISR                           
0     000098fa  _CLA1_4_ISR                           
0     00009904  _CLA1_5_ISR                           
0     0000990e  _CLA1_6_ISR                           
0     00009918  _CLA1_7_ISR                           
0     00009922  _CLA1_8_ISR                           
0     00009aa8  _CLA_OVERFLOW_ISR                     
0     00009ab2  _CLA_UNDERFLOW_ISR                    
1     00048000  _CanaRegs                             
1     0004a000  _CanbRegs                             
1     00001400  _Cla1Regs                             
0     00000ce0  _Cla1SoftIntRegs                      
1     0005d200  _ClkCfgRegs                           
1     00005c80  _Cmpss1Regs                           
1     00005ca0  _Cmpss2Regs                           
1     00005cc0  _Cmpss3Regs                           
1     00005ce0  _Cmpss4Regs                           
1     00005d00  _Cmpss5Regs                           
1     00005d20  _Cmpss6Regs                           
1     00005d40  _Cmpss7Regs                           
1     00005d60  _Cmpss8Regs                           
0     0000c877  _ConfigCpuTimer                       
0     00009f6b  _ConfigureTMXAnalogTrim               
1     0005d300  _CpuSysRegs                           
1     0000aa10  _CpuTimer0                            
1     00000c00  _CpuTimer0Regs                        
1     0000aa18  _CpuTimer1                            
1     00000c08  _CpuTimer1Regs                        
1     0000aa20  _CpuTimer2                            
1     00000c10  _CpuTimer2Regs                        
0     00009eac  _CsmUnlock                            
0     0000956c  _DATALOG_ISR                          
0     000097b0  _DMA_CH1_ISR                          
0     000097ba  _DMA_CH2_ISR                          
0     000097c4  _DMA_CH3_ISR                          
0     000097ce  _DMA_CH4_ISR                          
0     000097d8  _DMA_CH5_ISR                          
0     000097e2  _DMA_CH6_ISR                          
1     00005c00  _DacaRegs                             
1     00005c10  _DacbRegs                             
1     00005c20  _DaccRegs                             
1     0005f070  _DcsmCommonRegs                       
1     0005f000  _DcsmZ1Regs                           
1     0005f040  _DcsmZ2Regs                           
1     0005d000  _DevCfgRegs                           
0     00009bc0  _DisableDog                           
0     00009b81  _DisablePeripheralClocks              
1     00007980  _DmaClaSrcSelRegs                     
1     00001000  _DmaRegs                              
0     00009706  _ECAP1_ISR                            
0     00009710  _ECAP2_ISR                            
0     0000971a  _ECAP3_ISR                            
0     00009724  _ECAP4_ISR                            
0     0000972e  _ECAP5_ISR                            
0     00009738  _ECAP6_ISR                            
1     00005000  _ECap1Regs                            
1     00005020  _ECap2Regs                            
1     00005040  _ECap3Regs                            
1     00005060  _ECap4Regs                            
1     00005080  _ECap5Regs                            
1     000050a0  _ECap6Regs                            
0     00009a6c  _EMIF_ERROR_ISR                       
0     00009ac6  _EMPTY_ISR                            
0     00009580  _EMU_ISR                              
0     000099c2  _EPWM10_ISR                           
0     0000999a  _EPWM10_TZ_ISR                        
0     000099cc  _EPWM11_ISR                           
0     000099a4  _EPWM11_TZ_ISR                        
0     000099d6  _EPWM12_ISR                           
0     000099ae  _EPWM12_TZ_ISR                        
0     000096b6  _EPWM1_ISR                            
0     00009666  _EPWM1_TZ_ISR                         
0     000096c0  _EPWM2_ISR                            
0     00009670  _EPWM2_TZ_ISR                         
0     000096ca  _EPWM3_ISR                            
0     0000967a  _EPWM3_TZ_ISR                         
0     000096d4  _EPWM4_ISR                            
0     00009684  _EPWM4_TZ_ISR                         
0     000096de  _EPWM5_ISR                            
0     0000968e  _EPWM5_TZ_ISR                         
0     000096e8  _EPWM6_ISR                            
0     00009698  _EPWM6_TZ_ISR                         
0     000096f2  _EPWM7_ISR                            
0     000096a2  _EPWM7_TZ_ISR                         
0     000096fc  _EPWM8_ISR                            
0     000096ac  _EPWM8_TZ_ISR                         
0     000099b8  _EPWM9_ISR                            
0     00009990  _EPWM9_TZ_ISR                         
1     00004900  _EPwm10Regs                           
1     00004a00  _EPwm11Regs                           
1     00004b00  _EPwm12Regs                           
1     00004000  _EPwm1Regs                            
1     00004100  _EPwm2Regs                            
1     00004200  _EPwm3Regs                            
1     00004300  _EPwm4Regs                            
1     00004400  _EPwm5Regs                            
1     00004500  _EPwm6Regs                            
1     00004600  _EPwm7Regs                            
1     00004700  _EPwm8Regs                            
1     00004800  _EPwm9Regs                            
1     00007a00  _EPwmXbarRegs                         
0     00009742  _EQEP1_ISR                            
0     0000974c  _EQEP2_ISR                            
0     00009756  _EQEP3_ISR                            
1     00005100  _EQep1Regs                            
1     00005140  _EQep2Regs                            
1     00005180  _EQep3Regs                            
1     0005f480  _Emif1ConfigRegs                      
1     00047000  _Emif1Regs                            
1     0005f4a0  _Emif2ConfigRegs                      
1     00047800  _Emif2Regs                            
1     00000d00  _EmuBMode                             
1     00000d01  _EmuBootPins                          
0     0000cb4b  _EnableInterrupts                     
1     0000ae3e  _Example_Fail                         
1     0000ae3c  _Example_PassCount                    
1     0000ae3a  _Example_Result                       
0     00000123  _F28x_usDelay                         
0     00009a80  _FLASH_CORRECTABLE_ERROR_ISR          
0     00009954  _FPU_OVERFLOW_ISR                     
0     0000995e  _FPU_UNDERFLOW_ISR                    
1     0005f800  _Flash0CtrlRegs                       
1     0005fb00  _Flash0EccRegs                        
1     00050024  _FlashPumpSemaphoreRegs               
0     0000c1f9  _GPIO_EnableUnbondedIOPullups         
0     0000c1d4  _GPIO_EnableUnbondedIOPullupsFor100Pin
0     0000c1bb  _GPIO_EnableUnbondedIOPullupsFor176Pin
0     0000c20f  _GPIO_ReadPin                         
0     0000c160  _GPIO_SetupLock                       
0     0000c040  _GPIO_SetupPinMux                     
0     0000c0cc  _GPIO_SetupPinOptions                 
0     0000c189  _GPIO_SetupXINT1Gpio                  
0     0000c193  _GPIO_SetupXINT2Gpio                  
0     0000c19d  _GPIO_SetupXINT3Gpio                  
0     0000c1a7  _GPIO_SetupXINT4Gpio                  
0     0000c1b1  _GPIO_SetupXINT5Gpio                  
0     0000c226  _GPIO_WritePin                        
1     00007c00  _GpioCtrlRegs                         
1     00007f00  _GpioDataRegs                         
0     00009f35  _HALT                                 
0     00009f4e  _HIB                                  
0     000097f6  _I2CA_FIFO_ISR                        
0     000097ec  _I2CA_ISR                             
0     0000980a  _I2CB_FIFO_ISR                        
0     00009800  _I2CB_ISR                             
1     00007300  _I2caRegs                             
1     00007340  _I2cbRegs                             
0     00009f21  _IDLE                                 
0     00009594  _ILLEGAL_ISR                          
0     00009968  _IPC0_ISR                             
0     00009972  _IPC1_ISR                             
0     0000997c  _IPC2_ISR                             
0     00009986  _IPC3_ISR                             
0     00009dbd  _InitAuxPll                           
0     0000c836  _InitCpuTimers                        
0     0000c000  _InitGpio                             
0     00009afd  _InitPeripheralClocks                 
0     0000cb2c  _InitPieCtrl                          
0     0000cb54  _InitPieVectTable                     
0     00009add  _InitSysCtrl                          
0     00009bce  _InitSysPll                           
1     00007900  _InputXbarRegs                        
1     00050000  _IpcRegs                              
1     0000aa28  _LED_A                                
1     0000ac44  _LED_BLANK                            
1     0000ac53  _LED_D                                
1     0000ac62  _LED_E                                
1     0000ac71  _LED_I                                
1     0000ad16  _LED_J                                
1     0000ad25  _LED_K                                
1     0000adc8  _LED_L                                
1     0000add7  _LED_N                                
1     0000ade6  _LED_S                                
1     0000ae00  _LED_T                                
1     0000ae0f  _LED_U                                
1     0000ac81  _LEDdisplaynum                        
1     0000acd2  _LeftWheel                            
1     0000acd6  _LeftWheel1                           
0     00009788  _MCBSPA_RX_ISR                        
0     00009792  _MCBSPA_TX_ISR                        
0     0000979c  _MCBSPB_RX_ISR                        
0     000097a6  _MCBSPB_TX_ISR                        
1     00006000  _McbspaRegs                           
1     00006040  _McbspbRegs                           
1     0005f400  _MemCfgRegs                           
1     0005f500  _MemoryErrorRegs                      
0     0000958a  _NMI_ISR                              
0     00009ad3  _NOTUSED_ISR                          
1     00007060  _NmiIntruptRegs                       
1     00007a80  _OutputXbarRegs                       
0     00009abc  _PIE_RESERVED_ISR                     
1     00000ce0  _PieCtrlRegs                          
1     00000d00  _PieVectTable                         
1     00015000  _PieVectTableInit                     
0     00009a8a  _RAM_ACCESS_VIOLATION_ISR             
0     00009a76  _RAM_CORRECTABLE_ERROR_ISR            
0     00009576  _RTOS_ISR                             
0     0000c37f  _RXAINT_recv_ready                    
0     0000c3b6  _RXCINT_recv_ready                    
0     0000c3ed  _RXDINT_recv_ready                    
0     00009ba8  _ReleaseFlashPump                     
1     0000acd4  _RightWheel                           
1     0000acd8  _RightWheel1                          
1     0005e608  _RomPrefetchRegs                      
1     0005f540  _RomWaitStateRegs                     
0     0000983c  _SCIA_RX_ISR                          
0     00009846  _SCIA_TX_ISR                          
0     00009850  _SCIB_RX_ISR                          
0     0000985a  _SCIB_TX_ISR                          
0     00009814  _SCIC_RX_ISR                          
0     0000981e  _SCIC_TX_ISR                          
0     00009828  _SCID_RX_ISR                          
0     00009832  _SCID_TX_ISR                          
0     000099e0  _SD1_ISR                              
0     000099ea  _SD2_ISR                              
0     00009760  _SPIA_RX_ISR                          
0     0000976a  _SPIA_TX_ISR                          
0     00009774  _SPIB_RX_ISR                          
0     0000977e  _SPIB_TX_ISR                          
0     0000a303  _SPIB_isr                             
0     000099f4  _SPIC_RX_ISR                          
0     000099fe  _SPIC_TX_ISR                          
0     00009f2a  _STANDBY                              
0     00009f88  _SWI_isr                              
0     00009a94  _SYS_PLL_SLIP_ISR                     
1     00007200  _SciaRegs                             
1     00007210  _ScibRegs                             
1     00007220  _ScicRegs                             
1     00007230  _ScidRegs                             
1     00005e00  _Sdfm1Regs                            
1     00005e80  _Sdfm2Regs                            
0     00009b99  _SeizeFlashPump                       
1     0000a800  _SerialA                              
1     0000a8c0  _SerialC                              
1     0000a980  _SerialD                              
0     00009bb2  _ServiceDog                           
1     00006100  _SpiaRegs                             
1     00006110  _SpibRegs                             
1     00006120  _SpicRegs                             
1     00007940  _SyncSocRegs                          
0     00000127  _SysCtl_delay                         
0     00009ecd  _SysIntOsc1Sel                        
0     00009edd  _SysIntOsc2Sel                        
0     00009ef1  _SysXtalOscSel                        
0     00009652  _TIMER0_ISR                           
0     00009558  _TIMER1_ISR                           
0     00009562  _TIMER2_ISR                           
0     0000c244  _TXAINT_data_sent                     
0     0000c2ad  _TXCINT_data_sent                     
0     0000c316  _TXDINT_data_sent                     
1     0000ac80  _UARTPrint                            
0     00009a08  _UPPA_ISR                             
0     00009a12  _USBA_ISR                             
0     000095f8  _USER10_ISR                           
0     00009602  _USER11_ISR                           
0     0000960c  _USER12_ISR                           
0     0000959e  _USER1_ISR                            
0     000095a8  _USER2_ISR                            
0     000095b2  _USER3_ISR                            
0     000095bc  _USER4_ISR                            
0     000095c6  _USER5_ISR                            
0     000095d0  _USER6_ISR                            
0     000095da  _USER7_ISR                            
0     000095e4  _USER8_ISR                            
0     000095ee  _USER9_ISR                            
1     00006200  _UppRegs                              
0     0000994a  _VCU_ISR                              
0     0000965c  _WAKE_ISR                             
1     00007000  _WdRegs                               
0     00009634  _XINT1_ISR                            
0     0000963e  _XINT2_ISR                            
0     0000992c  _XINT3_ISR                            
0     00009936  _XINT4_ISR                            
0     00009940  _XINT5_ISR                            
1     00007920  _XbarRegs                             
1     00007070  _XintRegs                             
1     0000c000  __STACK_END                           
abs   00000800  __STACK_SIZE                          
1     0000ae42  ___TI_cleanup_ptr                     
1     0000ae44  ___TI_dtors_ptr                       
1     0000ae40  ___TI_enable_exit_profile_output      
0     0000ca4f  ___TI_ltoa                            
abs   ffffffff  ___TI_pprof_out_hndl                  
0     00008b53  ___TI_printfi                         
abs   ffffffff  ___TI_prof_data_size                  
abs   ffffffff  ___TI_prof_data_start                 
abs   ffffffff  ___binit__                            
abs   ffffffff  ___c_args__                           
0     0000b000  ___cinit__                            
abs   ffffffff  ___etext__                            
abs   ffffffff  ___pinit__                            
abs   ffffffff  ___text__                             
0     0000ccab  __args_main                           
1     000151c0  __ctypes_                             
1     0000aa3e  __lock                                
0     0000a7fe  __nop                                 
0     0000a7fa  __register_lock                       
0     0000a7f6  __register_unlock                     
1     0000b800  __stack                               
0     0000a7ff  __system_post_cinit                   
0     0000cd18  __system_pre_init                     
1     0000adfc  __unlock                              
1     0000aca5  _a                                    
1     0000acae  _a1                                   
0     0000cb03  _abort                                
1     0000acb7  _accelx                               
1     0000accc  _accelxReading                        
1     0000acb8  _accely                               
1     0000acce  _accelyReading                        
1     0000acb9  _accelz                               
1     0000acd0  _accelzReading                        
1     0000adf5  _area                                 
1     0000aa37  _area1                                
0     0000ca1e  _atoi                                 
1     0000aca1  _autoFlag                             
1     0000aca6  _b                                    
1     0000acaf  _b1                                   
1     0000ae1e  _blockHeight                          
1     0000ae25  _blockWidth                           
1     0000ae2c  _blockX                               
1     0000ae33  _blockY                               
0     0000c9c8  _c_int00                              
0     000093f0  _changeInputs                         
1     0000ac86  _checksum1                            
1     0000ac87  _checksum2                            
0     0000cb9f  _copy_in                              
0     0000cb7a  _copysignl                            
0     0000c8b2  _cos                                  
0     0000c8b2  _cosf                                 
1     0000aca3  _count                                
0     00009fa2  _cpu_timer0_isr                       
0     0000a009  _cpu_timer1_isr                       
0     0000a29e  _cpu_timer2_isr                       
0     0000c4aa  _displayLEDletter                     
1     0000acfc  _ekl                                  
1     0000acfe  _ekl1                                 
1     0000acf4  _ekr                                  
1     0000acf6  _ekr1                                 
1     0000ad3f  _errno                                
1     0000ad00  _eturn                                
0     0000cb05  _exit                                 
1     0000aca2  _flag                                 
0     0000c915  _frexpl                               
1     0000ac8c  _fwb1                                 
1     0000ac8d  _fwb2                                 
1     0000ac8e  _fwt                                  
1     0000ac8a  _fwv1                                 
1     0000ac8b  _fwv2                                 
1     0000ac90  _gb1                                  
1     0000ac99  _gb10                                 
1     0000ac9a  _gb11                                 
1     0000ac9b  _gb12                                 
1     0000ac9c  _gb13                                 
1     0000ac91  _gb2                                  
1     0000ac92  _gb3                                  
1     0000ac93  _gb4                                  
1     0000ac94  _gb5                                  
1     0000ac95  _gb6                                  
1     0000ac96  _gb7                                  
1     0000ac97  _gb8                                  
1     0000ac98  _gb9                                  
1     0000ac9d  _gbFlag                               
0     0000948b  _getBlocks                            
1     0000acba  _gyrox                                
1     0000acc6  _gyroxReading                         
1     0000acbb  _gyroy                                
1     0000acc8  _gyroyReading                         
1     0000acbc  _gyroz                                
1     0000acca  _gyrozReading                         
1     0000acab  _home                                 
1     0000acb4  _home1                                
1     0000ac88  _hwv1                                 
1     0000ac89  _hwv2                                 
1     0000acf8  _ikl                                  
1     0000acfa  _ikl1                                 
1     0000acf0  _ikr                                  
1     0000acf2  _ikr1                                 
0     000092fa  _init_eQEPs                           
0     0000a478  _init_serial                          
1     0000acec  _ki                                   
1     0000acea  _kp                                   
1     0000ad02  _kturn                                
0     0000c5f2  _ldexpl                               
1     0000acda  _leftdistance                         
1     0000ace2  _leftdistance1                        
1     0000acad  _leftright                            
1     0000ace6  _leftvel                              
1     0000ac85  _length                               
0     00008ce4  _main                                 
0     0000ccbd  _memccpy                              
0     0000cc3e  _memcpy                               
0     0000cd0c  _memset                               
1     0000aca9  _minus                                
1     0000acb2  _minus1                               
1     0000aca4  _num                                  
1     0000acc4  _numRXA                               
1     0000ad14  _numRXC                               
1     0000acc2  _numSWIcalls                          
1     0000acc0  _numTimer0calls                       
1     0000aca7  _one                                  
1     0000acb0  _one1                                 
1     0000ad0a  _phi                                  
1     0000acaa  _plus                                 
1     0000acb3  _plus1                                
1     0000acb5  _plusminus                            
1     0000acb6  _plusminus1                           
0     0000900f  _processNum                           
0     0000935f  _readEncLeft                          
0     0000937a  _readEncRight                         
1     0000acdc  _rightdistance                        
1     0000ace4  _rightdistance1                       
1     0000ace8  _rightvel                             
0     0000c5f2  _scalbnl                              
0     00008fd2  _serialRXA                            
0     00008fdc  _serialRXC                            
[...]
0     00009f17  _AuxAuxClkSel                         
0     00009f21  _IDLE                                 
0     00009f2a  _STANDBY                              
0     00009f35  _HALT                                 
0     00009f4e  _HIB                                  
0     00009f6b  _ConfigureTMXAnalogTrim               
0     00009f88  _SWI_isr                              
0     00009fa2  _cpu_timer0_isr                       
0     0000a009  _cpu_timer1_isr                       
0     0000a29e  _cpu_timer2_isr                       
0     0000a303  _SPIB_isr                             
0     0000a478  _init_serial                          
0     0000a5ca  _uninit_serial                        
0     0000a60b  _serial_send                          
0     0000a63c  _serial_printf                        
0     0000a653  LL$$DIV                               
0     0000a68f  LL$$MOD                               
0     0000a6c9  ULL$$DIV                              
0     0000a6f8  ULL$$MOD                              
0     0000a75a  FD$$ADD                               
0     0000a7f6  __register_unlock                     
0     0000a7fa  __register_lock                       
0     0000a7fe  __nop                                 
0     0000a7ff  __system_post_cinit                   
0     0000b000  ___cinit__                            
0     0000b000  cinit                                 
0     0000c000  _InitGpio                             
0     0000c040  _GPIO_SetupPinMux                     
0     0000c0cc  _GPIO_SetupPinOptions                 
0     0000c160  _GPIO_SetupLock                       
0     0000c189  _GPIO_SetupXINT1Gpio                  
0     0000c193  _GPIO_SetupXINT2Gpio                  
0     0000c19d  _GPIO_SetupXINT3Gpio                  
0     0000c1a7  _GPIO_SetupXINT4Gpio                  
0     0000c1b1  _GPIO_SetupXINT5Gpio                  
0     0000c1bb  _GPIO_EnableUnbondedIOPullupsFor176Pin
0     0000c1d4  _GPIO_EnableUnbondedIOPullupsFor100Pin
0     0000c1f9  _GPIO_EnableUnbondedIOPullups         
0     0000c20f  _GPIO_ReadPin                         
0     0000c226  _GPIO_WritePin                        
0     0000c244  _TXAINT_data_sent                     
0     0000c2ad  _TXCINT_data_sent                     
0     0000c316  _TXDINT_data_sent                     
0     0000c37f  _RXAINT_recv_ready                    
0     0000c3b6  _RXCINT_recv_ready                    
0     0000c3ed  _RXDINT_recv_ready                    
0     0000c424  _setLEDLetter                         
0     0000c4aa  _displayLEDletter                     
0     0000c51f  _strtol                               
0     0000c5f2  _ldexpl                               
0     0000c5f2  _scalbnl                              
0     0000c6a0  FD$$DIV                               
0     0000c72b  FS$$DIV                               
0     0000c7b3  FD$$MPY                               
0     0000c836  _InitCpuTimers                        
0     0000c877  _ConfigCpuTimer                       
0     0000c8b2  _cos                                  
0     0000c8b2  _cosf                                 
0     0000c915  _frexpl                               
0     0000c96f  _sin                                  
0     0000c96f  _sinf                                 
0     0000c9c8  _c_int00                              
0     0000ca1e  _atoi                                 
0     0000ca4f  ___TI_ltoa                            
0     0000ca7f  _vsprintf                             
0     0000caaf  FD$$CMP                               
0     0000cad9  L$$DIV                                
0     0000cae8  L$$MOD                                
0     0000caf6  UL$$DIV                               
0     0000cafd  UL$$MOD                               
0     0000cb03  C$$EXIT                               
0     0000cb03  _abort                                
0     0000cb05  _exit                                 
0     0000cb2c  _InitPieCtrl                          
0     0000cb4b  _EnableInterrupts                     
0     0000cb54  _InitPieVectTable                     
0     0000cb7a  _copysignl                            
0     0000cb9f  _copy_in                              
0     0000cbc3  FD$$TOI                               
0     0000cbe4  FD$$TOL                               
0     0000cc03  LL$$CMP                               
0     0000cc15  ULL$$CMP                              
0     0000cc21  I$$TOFD                               
0     0000cc3e  _memcpy                               
0     0000cc5b  FS$$TOFD                              
0     0000cc77  L$$TOFD                               
0     0000cc93  LL$$AND                               
0     0000cc9b  LL$$OR                                
0     0000cca3  LL$$XOR                               
0     0000ccab  __args_main                           
0     0000ccbd  _memccpy                              
0     0000cccd  FD$$SUB                               
0     0000ccdb  _strchr                               
0     0000cce7  U$$DIV                                
0     0000ccec  U$$MOD                                
0     0000ccf2  FD$$NEG                               
0     0000ccfb  _wcslen                               
0     0000cd04  _strlen                               
0     0000cd0c  _memset                               
0     0000cd13  _strcpy                               
0     0000cd18  __system_pre_init                     
1     00000b00  _AdcaResultRegs                       
1     00000b20  _AdcbResultRegs                       
1     00000b40  _AdccResultRegs                       
1     00000b60  _AdcdResultRegs                       
1     00000c00  _CpuTimer0Regs                        
1     00000c08  _CpuTimer1Regs                        
1     00000c10  _CpuTimer2Regs                        
1     00000ce0  _PieCtrlRegs                          
1     00000d00  _EmuBMode                             
1     00000d00  _PieVectTable                         
1     00000d01  _EmuBootPins                          
1     00001000  _DmaRegs                              
1     00001400  _Cla1Regs                             
1     00004000  _EPwm1Regs                            
1     00004100  _EPwm2Regs                            
1     00004200  _EPwm3Regs                            
1     00004300  _EPwm4Regs                            
1     00004400  _EPwm5Regs                            
1     00004500  _EPwm6Regs                            
1     00004600  _EPwm7Regs                            
1     00004700  _EPwm8Regs                            
1     00004800  _EPwm9Regs                            
1     00004900  _EPwm10Regs                           
1     00004a00  _EPwm11Regs                           
1     00004b00  _EPwm12Regs                           
1     00005000  _ECap1Regs                            
1     00005020  _ECap2Regs                            
1     00005040  _ECap3Regs                            
1     00005060  _ECap4Regs                            
1     00005080  _ECap5Regs                            
1     000050a0  _ECap6Regs                            
1     00005100  _EQep1Regs                            
1     00005140  _EQep2Regs                            
1     00005180  _EQep3Regs                            
1     00005c00  _DacaRegs                             
1     00005c10  _DacbRegs                             
1     00005c20  _DaccRegs                             
1     00005c80  _Cmpss1Regs                           
1     00005ca0  _Cmpss2Regs                           
1     00005cc0  _Cmpss3Regs                           
1     00005ce0  _Cmpss4Regs                           
1     00005d00  _Cmpss5Regs                           
1     00005d20  _Cmpss6Regs                           
1     00005d40  _Cmpss7Regs                           
1     00005d60  _Cmpss8Regs                           
1     00005e00  _Sdfm1Regs                            
1     00005e80  _Sdfm2Regs                            
1     00006000  _McbspaRegs                           
1     00006040  _McbspbRegs                           
1     00006100  _SpiaRegs                             
1     00006110  _SpibRegs                             
1     00006120  _SpicRegs                             
1     00006200  _UppRegs                              
1     00007000  _WdRegs                               
1     00007060  _NmiIntruptRegs                       
1     00007070  _XintRegs                             
1     00007200  _SciaRegs                             
1     00007210  _ScibRegs                             
1     00007220  _ScicRegs                             
1     00007230  _ScidRegs                             
1     00007300  _I2caRegs                             
1     00007340  _I2cbRegs                             
1     00007400  _AdcaRegs                             
1     00007480  _AdcbRegs                             
1     00007500  _AdccRegs                             
1     00007580  _AdcdRegs                             
1     00007900  _InputXbarRegs                        
1     00007920  _XbarRegs                             
1     00007940  _SyncSocRegs                          
1     00007980  _DmaClaSrcSelRegs                     
1     00007a00  _EPwmXbarRegs                         
1     00007a80  _OutputXbarRegs                       
1     00007c00  _GpioCtrlRegs                         
1     00007f00  _GpioDataRegs                         
1     0000a800  _SerialA                              
1     0000a8c0  _SerialC                              
1     0000a980  _SerialD                              
1     0000aa10  _CpuTimer0                            
1     0000aa18  _CpuTimer1                            
1     0000aa20  _CpuTimer2                            
1     0000aa28  _LED_A                                
1     0000aa37  _area1                                
1     0000aa3e  __lock                                
1     0000aa40  _songarray                            
1     0000ac44  _LED_BLANK                            
1     0000ac53  _LED_D                                
1     0000ac62  _LED_E                                
1     0000ac71  _LED_I                                
1     0000ac80  _UARTPrint                            
1     0000ac81  _LEDdisplaynum                        
1     0000ac82  _sync1                                
1     0000ac83  _sync2                                
1     0000ac84  _type                                 
1     0000ac85  _length                               
1     0000ac86  _checksum1                            
1     0000ac87  _checksum2                            
1     0000ac88  _hwv1                                 
1     0000ac89  _hwv2                                 
1     0000ac8a  _fwv1                                 
1     0000ac8b  _fwv2                                 
1     0000ac8c  _fwb1                                 
1     0000ac8d  _fwb2                                 
1     0000ac8e  _fwt                                  
1     0000ac8f  _temp                                 
1     0000ac90  _gb1                                  
1     0000ac91  _gb2                                  
1     0000ac92  _gb3                                  
1     0000ac93  _gb4                                  
1     0000ac94  _gb5                                  
1     0000ac95  _gb6                                  
1     0000ac96  _gb7                                  
1     0000ac97  _gb8                                  
1     0000ac98  _gb9                                  
1     0000ac99  _gb10                                 
1     0000ac9a  _gb11                                 
1     0000ac9b  _gb12                                 
1     0000ac9c  _gb13                                 
1     0000ac9d  _gbFlag                               
1     0000ac9e  _sng1Flag                             
1     0000ac9f  _sng2Flag                             
1     0000aca0  _sng1Count                            
1     0000aca1  _autoFlag                             
1     0000aca2  _flag                                 
1     0000aca3  _count                                
1     0000aca4  _num                                  
1     0000aca5  _a                                    
1     0000aca6  _b                                    
1     0000aca7  _one                                  
1     0000aca8  _two                                  
1     0000aca9  _minus                                
1     0000acaa  _plus                                 
1     0000acab  _home                                 
1     0000acac  _updown                               
1     0000acad  _leftright                            
1     0000acae  _a1                                   
1     0000acaf  _b1                                   
1     0000acb0  _one1                                 
1     0000acb1  _two1                                 
1     0000acb2  _minus1                               
1     0000acb3  _plus1                                
1     0000acb4  _home1                                
1     0000acb5  _plusminus                            
1     0000acb6  _plusminus1                           
1     0000acb7  _accelx                               
1     0000acb8  _accely                               
1     0000acb9  _accelz                               
1     0000acba  _gyrox                                
1     0000acbb  _gyroy                                
1     0000acbc  _gyroz                                
1     0000acbd  _songflag                             
1     0000acbe  _songcount                            
1     0000acc0  _numTimer0calls                       
1     0000acc2  _numSWIcalls                          
1     0000acc4  _numRXA                               
1     0000acc6  _gyroxReading                         
1     0000acc8  _gyroyReading                         
1     0000acca  _gyrozReading                         
1     0000accc  _accelxReading                        
1     0000acce  _accelyReading                        
1     0000acd0  _accelzReading                        
1     0000acd2  _LeftWheel                            
1     0000acd4  _RightWheel                           
1     0000acd6  _LeftWheel1                           
1     0000acd8  _RightWheel1                          
1     0000acda  _leftdistance                         
1     0000acdc  _rightdistance                        
1     0000acde  _uLeft                                
1     0000ace0  _uRight                               
1     0000ace2  _leftdistance1                        
1     0000ace4  _rightdistance1                       
1     0000ace6  _leftvel                              
1     0000ace8  _rightvel                             
1     0000acea  _kp                                   
1     0000acec  _ki                                   
1     0000acee  _vref                                 
1     0000acf0  _ikr                                  
1     0000acf2  _ikr1                                 
1     0000acf4  _ekr                                  
1     0000acf6  _ekr1                                 
1     0000acf8  _ikl                                  
1     0000acfa  _ikl1                                 
1     0000acfc  _ekl                                  
1     0000acfe  _ekl1                                 
1     0000ad00  _eturn                                
1     0000ad02  _kturn                                
1     0000ad04  _turn                                 
1     0000ad06  _x                                    
1     0000ad08  _y                                    
1     0000ad0a  _phi                                  
1     0000ad0c  _xdot                                 
1     0000ad0e  _xdot1                                
1     0000ad10  _ydot                                 
1     0000ad12  _ydot1                                
1     0000ad14  _numRXC                               
1     0000ad16  _LED_J                                
1     0000ad25  _LED_K                                
1     0000ad34  _str                                  
1     0000ad3f  _errno                                
1     0000ad40  _serial_printf_buf                    
1     0000adc8  _LED_L                                
1     0000add7  _LED_N                                
1     0000ade6  _LED_S                                
1     0000adf5  _area                                 
1     0000adfc  __unlock                              
1     0000ae00  _LED_T                                
1     0000ae0f  _LED_U                                
1     0000ae1e  _blockHeight                          
1     0000ae25  _blockWidth                           
1     0000ae2c  _blockX                               
1     0000ae33  _blockY                               
1     0000ae3a  _Example_Result                       
1     0000ae3c  _Example_PassCount                    
1     0000ae3e  _Example_Fail                         
1     0000ae40  ___TI_enable_exit_profile_output      
1     0000ae42  ___TI_cleanup_ptr                     
1     0000ae44  ___TI_dtors_ptr                       
1     0000b800  __stack                               
1     0000c000  __STACK_END                           
1     00015000  _PieVectTableInit                     
1     000151c0  __ctypes_                             
1     00047000  _Emif1Regs                            
1     00047800  _Emif2Regs                            
1     00048000  _CanaRegs                             
1     0004a000  _CanbRegs                             
1     00050000  _IpcRegs                              
1     00050024  _FlashPumpSemaphoreRegs               
1     0005d000  _DevCfgRegs                           
1     0005d180  _AnalogSubsysRegs                     
1     0005d200  _ClkCfgRegs                           
1     0005d300  _CpuSysRegs                           
1     0005e608  _RomPrefetchRegs                      
1     0005f000  _DcsmZ1Regs                           
1     0005f040  _DcsmZ2Regs                           
1     0005f070  _DcsmCommonRegs                       
1     0005f400  _MemCfgRegs                           
1     0005f480  _Emif1ConfigRegs                      
1     0005f4a0  _Emif2ConfigRegs                      
1     0005f4c0  _AccessProtectionRegs                 
1     0005f500  _MemoryErrorRegs                      
1     0005f540  _RomWaitStateRegs                     
1     0005f800  _Flash0CtrlRegs                       
1     0005fb00  _Flash0EccRegs                        
abs   00000800  __STACK_SIZE                          
abs   ffffffff  .text                                 
abs   ffffffff  ___TI_pprof_out_hndl                  
abs   ffffffff  ___TI_prof_data_size                  
abs   ffffffff  ___TI_prof_data_start                 
abs   ffffffff  ___binit__                            
abs   ffffffff  ___c_args__                           
abs   ffffffff  ___etext__                            
abs   ffffffff  ___pinit__                            
abs   ffffffff  ___text__                             
abs   ffffffff  binit                                 
abs   ffffffff  etext                                 
abs   ffffffff  pinit                                 

[531 symbols]
