<?xml version="1.0" encoding="ISO-8859-1" ?>
<link_info>
   <banner>TMS320C2000 Linker PC v20.2.2.LTS</banner>
   <copyright>Copyright (c) 1996-2018 Texas Instruments Incorporated</copyright>
   <link_time>0x61bb5de9</link_time>
   <link_errors>0x0</link_errors>
   <output_file>finalproject.out</output_file>
   <entry_point>
      <name>_c_int00</name>
      <address>0xc9c8</address>
   </entry_point>
   <input_file_list>
      <input_file id="fl-2">
         <path>.\</path>
         <kind>object</kind>
         <file>F28379dSerial.obj</file>
         <name>F28379dSerial.obj</name>
      </input_file>
      <input_file id="fl-3">
         <path>.\</path>
         <kind>object</kind>
         <file>F2837xD_Adc.obj</file>
         <name>F2837xD_Adc.obj</name>
      </input_file>
      <input_file id="fl-4">
         <path>.\</path>
         <kind>object</kind>
         <file>F2837xD_CodeStartBranch.obj</file>
         <name>F2837xD_CodeStartBranch.obj</name>
      </input_file>
      <input_file id="fl-5">
         <path>.\</path>
         <kind>object</kind>
         <file>F2837xD_CpuTimers.obj</file>
         <name>F2837xD_CpuTimers.obj</name>
      </input_file>
      <input_file id="fl-6">
         <path>.\</path>
         <kind>object</kind>
         <file>F2837xD_DefaultISR.obj</file>
         <name>F2837xD_DefaultISR.obj</name>
      </input_file>
      <input_file id="fl-7">
         <path>.\</path>
         <kind>object</kind>
         <file>F2837xD_EPwm.obj</file>
         <name>F2837xD_EPwm.obj</name>
      </input_file>
      <input_file id="fl-8">
         <path>.\</path>
         <kind>object</kind>
         <file>F2837xD_GlobalVariableDefs.obj</file>
         <name>F2837xD_GlobalVariableDefs.obj</name>
      </input_file>
      <input_file id="fl-9">
         <path>.\</path>
         <kind>object</kind>
         <file>F2837xD_Gpio.obj</file>
         <name>F2837xD_Gpio.obj</name>
      </input_file>
      <input_file id="fl-a">
         <path>.\</path>
         <kind>object</kind>
         <file>F2837xD_PieCtrl.obj</file>
         <name>F2837xD_PieCtrl.obj</name>
      </input_file>
      <input_file id="fl-b">
         <path>.\</path>
         <kind>object</kind>
         <file>F2837xD_PieVect.obj</file>
         <name>F2837xD_PieVect.obj</name>
      </input_file>
      <input_file id="fl-c">
         <path>.\</path>
         <kind>object</kind>
         <file>F2837xD_Spi.obj</file>
         <name>F2837xD_Spi.obj</name>
      </input_file>
      <input_file id="fl-d">
         <path>.\</path>
         <kind>object</kind>
         <file>F2837xD_SysCtrl.obj</file>
         <name>F2837xD_SysCtrl.obj</name>
      </input_file>
      <input_file id="fl-e">
         <path>.\</path>
         <kind>object</kind>
         <file>F2837xD_usDelay.obj</file>
         <name>F2837xD_usDelay.obj</name>
      </input_file>
      <input_file id="fl-f">
         <path>.\</path>
         <kind>object</kind>
         <file>LEDPatterns.obj</file>
         <name>LEDPatterns.obj</name>
      </input_file>
      <input_file id="fl-10">
         <path>.\</path>
         <kind>object</kind>
         <file>finalproject_main.obj</file>
         <name>finalproject_main.obj</name>
      </input_file>
      <input_file id="fl-11">
         <path>.\device\</path>
         <kind>object</kind>
         <file>device.obj</file>
         <name>device.obj</name>
      </input_file>
      <input_file id="fl-18">
         <kind>object</kind>
         <file>&lt;internal&gt;</file>
         <name>&lt;internal&gt;</name>
      </input_file>
      <input_file id="fl-1f">
         <path>C:\ME461jl\ME461\C2000Ware_3_02_00_00_F28379D\driverlib\f2837xd\driverlib\ccs\Debug\</path>
         <kind>archive</kind>
         <file>driverlib_coff.lib</file>
         <name>sysctl.obj</name>
      </input_file>
      <input_file id="fl-2b">
         <path>C:\ti\ccs1010\ccs\tools\compiler\ti-cgt-c2000_20.2.2.LTS\lib\</path>
         <kind>archive</kind>
         <file>rts2800_fpu32.lib</file>
         <name>vsprintf.c.obj</name>
      </input_file>
      <input_file id="fl-2c">
         <path>C:\ti\ccs1010\ccs\tools\compiler\ti-cgt-c2000_20.2.2.LTS\lib\</path>
         <kind>archive</kind>
         <file>rts2800_fpu32.lib</file>
         <name>s_cosf.c.obj</name>
      </input_file>
      <input_file id="fl-2d">
         <path>C:\ti\ccs1010\ccs\tools\compiler\ti-cgt-c2000_20.2.2.LTS\lib\</path>
         <kind>archive</kind>
         <file>rts2800_fpu32.lib</file>
         <name>s_sinf.c.obj</name>
      </input_file>
      <input_file id="fl-2e">
         <path>C:\ti\ccs1010\ccs\tools\compiler\ti-cgt-c2000_20.2.2.LTS\lib\</path>
         <kind>archive</kind>
         <file>rts2800_fpu32.lib</file>
         <name>boot28.asm.obj</name>
      </input_file>
      <input_file id="fl-2f">
         <path>C:\ti\ccs1010\ccs\tools\compiler\ti-cgt-c2000_20.2.2.LTS\lib\</path>
         <kind>archive</kind>
         <file>rts2800_fpu32.lib</file>
         <name>fs_div28.asm.obj</name>
      </input_file>
      <input_file id="fl-30">
         <path>C:\ti\ccs1010\ccs\tools\compiler\ti-cgt-c2000_20.2.2.LTS\lib\</path>
         <kind>archive</kind>
         <file>rts2800_fpu32.lib</file>
         <name>u_div28.asm.obj</name>
      </input_file>
      <input_file id="fl-31">
         <path>C:\ti\ccs1010\ccs\tools\compiler\ti-cgt-c2000_20.2.2.LTS\lib\</path>
         <kind>archive</kind>
         <file>rts2800_fpu32.lib</file>
         <name>l_div28.asm.obj</name>
      </input_file>
      <input_file id="fl-32">
         <path>C:\ti\ccs1010\ccs\tools\compiler\ti-cgt-c2000_20.2.2.LTS\lib\</path>
         <kind>archive</kind>
         <file>rts2800_fpu32.lib</file>
         <name>cpy_tbl.c.obj</name>
      </input_file>
      <input_file id="fl-33">
         <path>C:\ti\ccs1010\ccs\tools\compiler\ti-cgt-c2000_20.2.2.LTS\lib\</path>
         <kind>archive</kind>
         <file>rts2800_fpu32.lib</file>
         <name>memcpy.c.obj</name>
      </input_file>
      <input_file id="fl-34">
         <path>C:\ti\ccs1010\ccs\tools\compiler\ti-cgt-c2000_20.2.2.LTS\lib\</path>
         <kind>archive</kind>
         <file>rts2800_fpu32.lib</file>
         <name>pre_init.c.obj</name>
      </input_file>
      <input_file id="fl-35">
         <path>C:\ti\ccs1010\ccs\tools\compiler\ti-cgt-c2000_20.2.2.LTS\lib\</path>
         <kind>archive</kind>
         <file>rts2800_fpu32.lib</file>
         <name>startup.c.obj</name>
      </input_file>
      <input_file id="fl-36">
         <path>C:\ti\ccs1010\ccs\tools\compiler\ti-cgt-c2000_20.2.2.LTS\lib\</path>
         <kind>archive</kind>
         <file>rts2800_fpu32.lib</file>
         <name>exit.c.obj</name>
      </input_file>
      <input_file id="fl-37">
         <path>C:\ti\ccs1010\ccs\tools\compiler\ti-cgt-c2000_20.2.2.LTS\lib\</path>
         <kind>archive</kind>
         <file>rts2800_fpu32.lib</file>
         <name>_lock.c.obj</name>
      </input_file>
      <input_file id="fl-38">
         <path>C:\ti\ccs1010\ccs\tools\compiler\ti-cgt-c2000_20.2.2.LTS\lib\</path>
         <kind>archive</kind>
         <file>rts2800_fpu32.lib</file>
         <name>args_main.c.obj</name>
      </input_file>
      <input_file id="fl-39">
         <path>C:\ti\ccs1010\ccs\tools\compiler\ti-cgt-c2000_20.2.2.LTS\lib\</path>
         <kind>archive</kind>
         <file>rts2800_fpu32.lib</file>
         <name>strcpy.c.obj</name>
      </input_file>
      <input_file id="fl-3a">
         <path>C:\ti\ccs1010\ccs\tools\compiler\ti-cgt-c2000_20.2.2.LTS\lib\</path>
         <kind>archive</kind>
         <file>rts2800_fpu32.lib</file>
         <name>strlen.c.obj</name>
      </input_file>
      <input_file id="fl-3b">
         <path>C:\ti\ccs1010\ccs\tools\compiler\ti-cgt-c2000_20.2.2.LTS\lib\</path>
         <kind>archive</kind>
         <file>rts2800_fpu32.lib</file>
         <name>strtol.c.obj</name>
      </input_file>
      <input_file id="fl-3c">
         <path>C:\ti\ccs1010\ccs\tools\compiler\ti-cgt-c2000_20.2.2.LTS\lib\</path>
         <kind>archive</kind>
         <file>rts2800_fpu32.lib</file>
         <name>errno.c.obj</name>
      </input_file>
      <input_file id="fl-3d">
         <path>C:\ti\ccs1010\ccs\tools\compiler\ti-cgt-c2000_20.2.2.LTS\lib\</path>
         <kind>archive</kind>
         <file>rts2800_fpu32.lib</file>
         <name>_printfi.c.obj</name>
      </input_file>
      <input_file id="fl-3e">
         <path>C:\ti\ccs1010\ccs\tools\compiler\ti-cgt-c2000_20.2.2.LTS\lib\</path>
         <kind>archive</kind>
         <file>rts2800_fpu32.lib</file>
         <name>fd_cmp28.asm.obj</name>
      </input_file>
      <input_file id="fl-3f">
         <path>C:\ti\ccs1010\ccs\tools\compiler\ti-cgt-c2000_20.2.2.LTS\lib\</path>
         <kind>archive</kind>
         <file>rts2800_fpu32.lib</file>
         <name>fd_mpy28.asm.obj</name>
      </input_file>
      <input_file id="fl-40">
         <path>C:\ti\ccs1010\ccs\tools\compiler\ti-cgt-c2000_20.2.2.LTS\lib\</path>
         <kind>archive</kind>
         <file>rts2800_fpu32.lib</file>
         <name>fd_neg28.asm.obj</name>
      </input_file>
      <input_file id="fl-41">
         <path>C:\ti\ccs1010\ccs\tools\compiler\ti-cgt-c2000_20.2.2.LTS\lib\</path>
         <kind>archive</kind>
         <file>rts2800_fpu32.lib</file>
         <name>fd_sub28.asm.obj</name>
      </input_file>
      <input_file id="fl-42">
         <path>C:\ti\ccs1010\ccs\tools\compiler\ti-cgt-c2000_20.2.2.LTS\lib\</path>
         <kind>archive</kind>
         <file>rts2800_fpu32.lib</file>
         <name>fd_toi28.asm.obj</name>
      </input_file>
      <input_file id="fl-43">
         <path>C:\ti\ccs1010\ccs\tools\compiler\ti-cgt-c2000_20.2.2.LTS\lib\</path>
         <kind>archive</kind>
         <file>rts2800_fpu32.lib</file>
         <name>fd_tol28.asm.obj</name>
      </input_file>
      <input_file id="fl-44">
         <path>C:\ti\ccs1010\ccs\tools\compiler\ti-cgt-c2000_20.2.2.LTS\lib\</path>
         <kind>archive</kind>
         <file>rts2800_fpu32.lib</file>
         <name>ll_aox28.asm.obj</name>
      </input_file>
      <input_file id="fl-45">
         <path>C:\ti\ccs1010\ccs\tools\compiler\ti-cgt-c2000_20.2.2.LTS\lib\</path>
         <kind>archive</kind>
         <file>rts2800_fpu32.lib</file>
         <name>ll_cmp28.asm.obj</name>
      </input_file>
      <input_file id="fl-46">
         <path>C:\ti\ccs1010\ccs\tools\compiler\ti-cgt-c2000_20.2.2.LTS\lib\</path>
         <kind>archive</kind>
         <file>rts2800_fpu32.lib</file>
         <name>ll_div28.asm.obj</name>
      </input_file>
      <input_file id="fl-47">
         <path>C:\ti\ccs1010\ccs\tools\compiler\ti-cgt-c2000_20.2.2.LTS\lib\</path>
         <kind>archive</kind>
         <file>rts2800_fpu32.lib</file>
         <name>i_tofd28.asm.obj</name>
      </input_file>
      <input_file id="fl-48">
         <path>C:\ti\ccs1010\ccs\tools\compiler\ti-cgt-c2000_20.2.2.LTS\lib\</path>
         <kind>archive</kind>
         <file>rts2800_fpu32.lib</file>
         <name>l_tofd28.asm.obj</name>
      </input_file>
      <input_file id="fl-49">
         <path>C:\ti\ccs1010\ccs\tools\compiler\ti-cgt-c2000_20.2.2.LTS\lib\</path>
         <kind>archive</kind>
         <file>rts2800_fpu32.lib</file>
         <name>fs_tofdfpu32.asm.obj</name>
      </input_file>
      <input_file id="fl-4a">
         <path>C:\ti\ccs1010\ccs\tools\compiler\ti-cgt-c2000_20.2.2.LTS\lib\</path>
         <kind>archive</kind>
         <file>rts2800_fpu32.lib</file>
         <name>fd_div28.asm.obj</name>
      </input_file>
      <input_file id="fl-4b">
         <path>C:\ti\ccs1010\ccs\tools\compiler\ti-cgt-c2000_20.2.2.LTS\lib\</path>
         <kind>archive</kind>
         <file>rts2800_fpu32.lib</file>
         <name>_ltoa.c.obj</name>
      </input_file>
      <input_file id="fl-4c">
         <path>C:\ti\ccs1010\ccs\tools\compiler\ti-cgt-c2000_20.2.2.LTS\lib\</path>
         <kind>archive</kind>
         <file>rts2800_fpu32.lib</file>
         <name>atoi.c.obj</name>
      </input_file>
      <input_file id="fl-4d">
         <path>C:\ti\ccs1010\ccs\tools\compiler\ti-cgt-c2000_20.2.2.LTS\lib\</path>
         <kind>archive</kind>
         <file>rts2800_fpu32.lib</file>
         <name>ctype.c.obj</name>
      </input_file>
      <input_file id="fl-4e">
         <path>C:\ti\ccs1010\ccs\tools\compiler\ti-cgt-c2000_20.2.2.LTS\lib\</path>
         <kind>archive</kind>
         <file>rts2800_fpu32.lib</file>
         <name>memccpy.c.obj</name>
      </input_file>
      <input_file id="fl-4f">
         <path>C:\ti\ccs1010\ccs\tools\compiler\ti-cgt-c2000_20.2.2.LTS\lib\</path>
         <kind>archive</kind>
         <file>rts2800_fpu32.lib</file>
         <name>memset.c.obj</name>
      </input_file>
      <input_file id="fl-50">
         <path>C:\ti\ccs1010\ccs\tools\compiler\ti-cgt-c2000_20.2.2.LTS\lib\</path>
         <kind>archive</kind>
         <file>rts2800_fpu32.lib</file>
         <name>strchr.c.obj</name>
      </input_file>
      <input_file id="fl-51">
         <path>C:\ti\ccs1010\ccs\tools\compiler\ti-cgt-c2000_20.2.2.LTS\lib\</path>
         <kind>archive</kind>
         <file>rts2800_fpu32.lib</file>
         <name>s_frexp.c.obj</name>
      </input_file>
      <input_file id="fl-52">
         <path>C:\ti\ccs1010\ccs\tools\compiler\ti-cgt-c2000_20.2.2.LTS\lib\</path>
         <kind>archive</kind>
         <file>rts2800_fpu32.lib</file>
         <name>s_scalbn.c.obj</name>
      </input_file>
      <input_file id="fl-53">
         <path>C:\ti\ccs1010\ccs\tools\compiler\ti-cgt-c2000_20.2.2.LTS\lib\</path>
         <kind>archive</kind>
         <file>rts2800_fpu32.lib</file>
         <name>wcslen.c.obj</name>
      </input_file>
      <input_file id="fl-54">
         <path>C:\ti\ccs1010\ccs\tools\compiler\ti-cgt-c2000_20.2.2.LTS\lib\</path>
         <kind>archive</kind>
         <file>rts2800_fpu32.lib</file>
         <name>s_copysign.c.obj</name>
      </input_file>
      <input_file id="fl-55">
         <path>C:\ti\ccs1010\ccs\tools\compiler\ti-cgt-c2000_20.2.2.LTS\lib\</path>
         <kind>archive</kind>
         <file>rts2800_fpu32.lib</file>
         <name>fd_add28.asm.obj</name>
      </input_file>
   </input_file_list>
   <object_component_list>
      <object_component id="oc-90">
         <name>codestart</name>
         <load_address>0x0</load_address>
         <run_address>0x0</run_address>
         <size>0x2</size>
         <input_file_ref idref="fl-4"/>
      </object_component>
      <object_component id="oc-258">
         <name>.text</name>
         <load_address>0x8000</load_address>
         <run_address>0x8000</run_address>
         <size>0xce4</size>
         <input_file_ref idref="fl-3d"/>
      </object_component>
      <object_component id="oc-225">
         <name>.text</name>
         <load_address>0x8ce4</load_address>
         <run_address>0x8ce4</run_address>
         <size>0x874</size>
         <input_file_ref idref="fl-10"/>
      </object_component>
      <object_component id="oc-9c">
         <name>.text:retain</name>
         <load_address>0x9558</load_address>
         <run_address>0x9558</run_address>
         <size>0x585</size>
         <input_file_ref idref="fl-6"/>
      </object_component>
      <object_component id="oc-24e">
         <name>.text</name>
         <load_address>0x9add</load_address>
         <run_address>0x9add</run_address>
         <size>0x4ab</size>
         <input_file_ref idref="fl-d"/>
      </object_component>
      <object_component id="oc-12f">
         <name>.text:retain</name>
         <load_address>0x9f88</load_address>
         <run_address>0x9f88</run_address>
         <size>0x43d</size>
         <input_file_ref idref="fl-10"/>
      </object_component>
      <object_component id="oc-223">
         <name>.text</name>
         <load_address>0xa3c5</load_address>
         <run_address>0xa3c5</run_address>
         <size>0x28e</size>
         <input_file_ref idref="fl-2"/>
      </object_component>
      <object_component id="oc-1cf">
         <name>.text</name>
         <load_address>0xa653</load_address>
         <run_address>0xa653</run_address>
         <size>0x107</size>
         <input_file_ref idref="fl-46"/>
      </object_component>
      <object_component id="oc-219">
         <name>.text</name>
         <load_address>0xa75a</load_address>
         <run_address>0xa75a</run_address>
         <size>0x9c</size>
         <input_file_ref idref="fl-55"/>
      </object_component>
      <object_component id="oc-256">
         <name>.text</name>
         <load_address>0xa7f6</load_address>
         <run_address>0xa7f6</run_address>
         <size>0x9</size>
         <input_file_ref idref="fl-37"/>
      </object_component>
      <object_component id="oc-220">
         <name>.text</name>
         <load_address>0xa7ff</load_address>
         <run_address>0xa7ff</run_address>
         <size>0x1</size>
         <input_file_ref idref="fl-35"/>
      </object_component>
      <object_component id="oc-22d">
         <name>.text</name>
         <load_address>0xc000</load_address>
         <run_address>0xc000</run_address>
         <size>0x244</size>
         <input_file_ref idref="fl-9"/>
      </object_component>
      <object_component id="oc-86">
         <name>.text:retain</name>
         <load_address>0xc244</load_address>
         <run_address>0xc244</run_address>
         <size>0x1e0</size>
         <input_file_ref idref="fl-2"/>
      </object_component>
      <object_component id="oc-224">
         <name>.text</name>
         <load_address>0xc424</load_address>
         <run_address>0xc424</run_address>
         <size>0xfb</size>
         <input_file_ref idref="fl-f"/>
      </object_component>
      <object_component id="oc-254">
         <name>.text</name>
         <load_address>0xc51f</load_address>
         <run_address>0xc51f</run_address>
         <size>0xd3</size>
         <input_file_ref idref="fl-3b"/>
      </object_component>
      <object_component id="oc-25f">
         <name>.text</name>
         <load_address>0xc5f2</load_address>
         <run_address>0xc5f2</run_address>
         <size>0xae</size>
         <input_file_ref idref="fl-52"/>
      </object_component>
      <object_component id="oc-1e3">
         <name>.text</name>
         <load_address>0xc6a0</load_address>
         <run_address>0xc6a0</run_address>
         <size>0x8b</size>
         <input_file_ref idref="fl-4a"/>
      </object_component>
      <object_component id="oc-159">
         <name>.text</name>
         <load_address>0xc72b</load_address>
         <run_address>0xc72b</run_address>
         <size>0x88</size>
         <input_file_ref idref="fl-2f"/>
      </object_component>
      <object_component id="oc-1ac">
         <name>.text</name>
         <load_address>0xc7b3</load_address>
         <run_address>0xc7b3</run_address>
         <size>0x83</size>
         <input_file_ref idref="fl-3f"/>
      </object_component>
      <object_component id="oc-251">
         <name>.text</name>
         <load_address>0xc836</load_address>
         <run_address>0xc836</run_address>
         <size>0x7c</size>
         <input_file_ref idref="fl-5"/>
      </object_component>
      <object_component id="oc-22b">
         <name>.text</name>
         <load_address>0xc8b2</load_address>
         <run_address>0xc8b2</run_address>
         <size>0x63</size>
         <input_file_ref idref="fl-2c"/>
      </object_component>
      <object_component id="oc-25e">
         <name>.text</name>
         <load_address>0xc915</load_address>
         <run_address>0xc915</run_address>
         <size>0x5a</size>
         <input_file_ref idref="fl-51"/>
      </object_component>
      <object_component id="oc-22c">
         <name>.text</name>
         <load_address>0xc96f</load_address>
         <run_address>0xc96f</run_address>
         <size>0x59</size>
         <input_file_ref idref="fl-2d"/>
      </object_component>
      <object_component id="oc-83">
         <name>.text</name>
         <load_address>0xc9c8</load_address>
         <run_address>0xc9c8</run_address>
         <size>0x56</size>
         <input_file_ref idref="fl-2e"/>
      </object_component>
      <object_component id="oc-25c">
         <name>.text</name>
         <load_address>0xca1e</load_address>
         <run_address>0xca1e</run_address>
         <size>0x31</size>
         <input_file_ref idref="fl-4c"/>
      </object_component>
      <object_component id="oc-25d">
         <name>.text</name>
         <load_address>0xca4f</load_address>
         <run_address>0xca4f</run_address>
         <size>0x30</size>
         <input_file_ref idref="fl-4b"/>
      </object_component>
      <object_component id="oc-234">
         <name>.text</name>
         <load_address>0xca7f</load_address>
         <run_address>0xca7f</run_address>
         <size>0x30</size>
         <input_file_ref idref="fl-2b"/>
      </object_component>
      <object_component id="oc-1a7">
         <name>.text</name>
         <load_address>0xcaaf</load_address>
         <run_address>0xcaaf</run_address>
         <size>0x2a</size>
         <input_file_ref idref="fl-3e"/>
      </object_component>
      <object_component id="oc-163">
         <name>.text</name>
         <load_address>0xcad9</load_address>
         <run_address>0xcad9</run_address>
         <size>0x2a</size>
         <input_file_ref idref="fl-31"/>
      </object_component>
      <object_component id="oc-222">
         <name>.text</name>
         <load_address>0xcb03</load_address>
         <run_address>0xcb03</run_address>
         <size>0x29</size>
         <input_file_ref idref="fl-36"/>
      </object_component>
      <object_component id="oc-24f">
         <name>.text</name>
         <load_address>0xcb2c</load_address>
         <run_address>0xcb2c</run_address>
         <size>0x28</size>
         <input_file_ref idref="fl-a"/>
      </object_component>
      <object_component id="oc-250">
         <name>.text</name>
         <load_address>0xcb54</load_address>
         <run_address>0xcb54</run_address>
         <size>0x26</size>
         <input_file_ref idref="fl-b"/>
      </object_component>
      <object_component id="oc-264">
         <name>.text</name>
         <load_address>0xcb7a</load_address>
         <run_address>0xcb7a</run_address>
         <size>0x25</size>
         <input_file_ref idref="fl-54"/>
      </object_component>
      <object_component id="oc-21f">
         <name>.text</name>
         <load_address>0xcb9f</load_address>
         <run_address>0xcb9f</run_address>
         <size>0x24</size>
         <input_file_ref idref="fl-32"/>
      </object_component>
      <object_component id="oc-1bb">
         <name>.text</name>
         <load_address>0xcbc3</load_address>
         <run_address>0xcbc3</run_address>
         <size>0x21</size>
         <input_file_ref idref="fl-42"/>
      </object_component>
      <object_component id="oc-1c0">
         <name>.text</name>
         <load_address>0xcbe4</load_address>
         <run_address>0xcbe4</run_address>
         <size>0x1f</size>
         <input_file_ref idref="fl-43"/>
      </object_component>
      <object_component id="oc-1ca">
         <name>.text</name>
         <load_address>0xcc03</load_address>
         <run_address>0xcc03</run_address>
         <size>0x1e</size>
         <input_file_ref idref="fl-45"/>
      </object_component>
      <object_component id="oc-1d4">
         <name>.text</name>
         <load_address>0xcc21</load_address>
         <run_address>0xcc21</run_address>
         <size>0x1d</size>
         <input_file_ref idref="fl-47"/>
      </object_component>
      <object_component id="oc-230">
         <name>.text</name>
         <load_address>0xcc3e</load_address>
         <run_address>0xcc3e</run_address>
         <size>0x1d</size>
         <input_file_ref idref="fl-33"/>
      </object_component>
      <object_component id="oc-1de">
         <name>.text</name>
         <load_address>0xcc5b</load_address>
         <run_address>0xcc5b</run_address>
         <size>0x1c</size>
         <input_file_ref idref="fl-49"/>
      </object_component>
      <object_component id="oc-1d9">
         <name>.text</name>
         <load_address>0xcc77</load_address>
         <run_address>0xcc77</run_address>
         <size>0x1c</size>
         <input_file_ref idref="fl-48"/>
      </object_component>
      <object_component id="oc-1c5">
         <name>.text</name>
         <load_address>0xcc93</load_address>
         <run_address>0xcc93</run_address>
         <size>0x18</size>
         <input_file_ref idref="fl-44"/>
      </object_component>
      <object_component id="oc-221">
         <name>.text</name>
         <load_address>0xccab</load_address>
         <run_address>0xccab</run_address>
         <size>0x12</size>
         <input_file_ref idref="fl-38"/>
      </object_component>
      <object_component id="oc-262">
         <name>.text</name>
         <load_address>0xccbd</load_address>
         <run_address>0xccbd</run_address>
         <size>0x10</size>
         <input_file_ref idref="fl-4e"/>
      </object_component>
      <object_component id="oc-1b6">
         <name>.text</name>
         <load_address>0xcccd</load_address>
         <run_address>0xcccd</run_address>
         <size>0xe</size>
         <input_file_ref idref="fl-41"/>
      </object_component>
      <object_component id="oc-260">
         <name>.text</name>
         <load_address>0xccdb</load_address>
         <run_address>0xccdb</run_address>
         <size>0xc</size>
         <input_file_ref idref="fl-50"/>
      </object_component>
      <object_component id="oc-15e">
         <name>.text</name>
         <load_address>0xcce7</load_address>
         <run_address>0xcce7</run_address>
         <size>0xb</size>
         <input_file_ref idref="fl-30"/>
      </object_component>
      <object_component id="oc-1b1">
         <name>.text</name>
         <load_address>0xccf2</load_address>
         <run_address>0xccf2</run_address>
         <size>0x9</size>
         <input_file_ref idref="fl-40"/>
      </object_component>
      <object_component id="oc-263">
         <name>.text</name>
         <load_address>0xccfb</load_address>
         <run_address>0xccfb</run_address>
         <size>0x9</size>
         <input_file_ref idref="fl-53"/>
      </object_component>
      <object_component id="oc-235">
         <name>.text</name>
         <load_address>0xcd04</load_address>
         <run_address>0xcd04</run_address>
         <size>0x8</size>
         <input_file_ref idref="fl-3a"/>
      </object_component>
      <object_component id="oc-261">
         <name>.text</name>
         <load_address>0xcd0c</load_address>
         <run_address>0xcd0c</run_address>
         <size>0x7</size>
         <input_file_ref idref="fl-4f"/>
      </object_component>
      <object_component id="oc-253">
         <name>.text</name>
         <load_address>0xcd13</load_address>
         <run_address>0xcd13</run_address>
         <size>0x5</size>
         <input_file_ref idref="fl-39"/>
      </object_component>
      <object_component id="oc-21e">
         <name>.text</name>
         <load_address>0xcd18</load_address>
         <run_address>0xcd18</run_address>
         <size>0x2</size>
         <input_file_ref idref="fl-34"/>
      </object_component>
      <object_component id="oc-22f">
         <name>.cinit:_songarray</name>
         <load_address>0xb000</load_address>
         <run_address>0xb000</run_address>
         <size>0x207</size>
         <input_file_ref idref="fl-10"/>
      </object_component>
      <object_component id="oc-12d">
         <name>.cinit</name>
         <load_address>0xb207</load_address>
         <run_address>0xb207</run_address>
         <size>0x1d3</size>
         <input_file_ref idref="fl-10"/>
      </object_component>
      <object_component id="oc-245">
         <name>.cinit:_LED_A</name>
         <load_address>0xb3da</load_address>
         <run_address>0xb3da</run_address>
         <size>0x12</size>
         <input_file_ref idref="fl-f"/>
      </object_component>
      <object_component id="oc-243">
         <name>.cinit:_LED_BLANK</name>
         <load_address>0xb3ec</load_address>
         <run_address>0xb3ec</run_address>
         <size>0x12</size>
         <input_file_ref idref="fl-f"/>
      </object_component>
      <object_component id="oc-247">
         <name>.cinit:_LED_D</name>
         <load_address>0xb3fe</load_address>
         <run_address>0xb3fe</run_address>
         <size>0x12</size>
         <input_file_ref idref="fl-f"/>
      </object_component>
      <object_component id="oc-24d">
         <name>.cinit:_LED_E</name>
         <load_address>0xb410</load_address>
         <run_address>0xb410</run_address>
         <size>0x12</size>
         <input_file_ref idref="fl-f"/>
      </object_component>
      <object_component id="oc-23f">
         <name>.cinit:_LED_I</name>
         <load_address>0xb422</load_address>
         <run_address>0xb422</run_address>
         <size>0x12</size>
         <input_file_ref idref="fl-f"/>
      </object_component>
      <object_component id="oc-237">
         <name>.cinit:_LED_J</name>
         <load_address>0xb434</load_address>
         <run_address>0xb434</run_address>
         <size>0x12</size>
         <input_file_ref idref="fl-f"/>
      </object_component>
      <object_component id="oc-24b">
         <name>.cinit:_LED_K</name>
         <load_address>0xb446</load_address>
         <run_address>0xb446</run_address>
         <size>0x12</size>
         <input_file_ref idref="fl-f"/>
      </object_component>
      <object_component id="oc-249">
         <name>.cinit:_LED_L</name>
         <load_address>0xb458</load_address>
         <run_address>0xb458</run_address>
         <size>0x12</size>
         <input_file_ref idref="fl-f"/>
      </object_component>
      <object_component id="oc-241">
         <name>.cinit:_LED_N</name>
         <load_address>0xb46a</load_address>
         <run_address>0xb46a</run_address>
         <size>0x12</size>
         <input_file_ref idref="fl-f"/>
      </object_component>
      <object_component id="oc-23b">
         <name>.cinit:_LED_S</name>
         <load_address>0xb47c</load_address>
         <run_address>0xb47c</run_address>
         <size>0x12</size>
         <input_file_ref idref="fl-f"/>
      </object_component>
      <object_component id="oc-23d">
         <name>.cinit:_LED_T</name>
         <load_address>0xb48e</load_address>
         <run_address>0xb48e</run_address>
         <size>0x12</size>
         <input_file_ref idref="fl-f"/>
      </object_component>
      <object_component id="oc-239">
         <name>.cinit:_LED_U</name>
         <load_address>0xb4a0</load_address>
         <run_address>0xb4a0</run_address>
         <size>0x12</size>
         <input_file_ref idref="fl-f"/>
      </object_component>
      <object_component id="oc-136">
         <name>.cinit</name>
         <load_address>0xb4b2</load_address>
         <run_address>0xb4b2</run_address>
         <size>0xf</size>
         <input_file_ref idref="fl-11"/>
      </object_component>
      <object_component id="oc-17d">
         <name>.cinit</name>
         <load_address>0xb4c1</load_address>
         <run_address>0xb4c1</run_address>
         <size>0xe</size>
         <input_file_ref idref="fl-36"/>
      </object_component>
      <object_component id="oc-232">
         <name>.cinit:__lock</name>
         <load_address>0xb4cf</load_address>
         <run_address>0xb4cf</run_address>
         <size>0x5</size>
         <input_file_ref idref="fl-37"/>
      </object_component>
      <object_component id="oc-257">
         <name>.cinit:__unlock</name>
         <load_address>0xb4d4</load_address>
         <run_address>0xb4d4</run_address>
         <size>0x5</size>
         <input_file_ref idref="fl-37"/>
      </object_component>
      <object_component id="oc-19d">
         <name>.cinit</name>
         <load_address>0xb4d9</load_address>
         <run_address>0xb4d9</run_address>
         <size>0x4</size>
         <input_file_ref idref="fl-3c"/>
      </object_component>
      <object_component id="oc-154">
         <name>.reset</name>
         <load_address>0x3fffc0</load_address>
         <run_address>0x3fffc0</run_address>
         <size>0x2</size>
         <input_file_ref idref="fl-2e"/>
      </object_component>
      <object_component id="oc-153">
         <name>.stack</name>
         <uninitialized>true</uninitialized>
         <run_address>0xb800</run_address>
         <size>0x0</size>
         <input_file_ref idref="fl-2e"/>
      </object_component>
      <object_component id="oc-2ed">
         <name>.stack</name>
         <uninitialized>true</uninitialized>
         <run_address>0xb800</run_address>
         <size>0x0</size>
      </object_component>
      <object_component id="oc-233">
         <name>.ebss:_serial_printf_buf</name>
         <uninitialized>true</uninitialized>
         <run_address>0xad40</run_address>
         <size>0x88</size>
         <input_file_ref idref="fl-2"/>
      </object_component>
      <object_component id="oc-85">
         <name>.ebss</name>
         <uninitialized>true</uninitialized>
         <run_address>0xa800</run_address>
         <size>0x210</size>
         <input_file_ref idref="fl-2"/>
      </object_component>
      <object_component id="oc-96">
         <name>.ebss</name>
         <uninitialized>true</uninitialized>
         <run_address>0xaa10</run_address>
         <size>0x18</size>
         <input_file_ref idref="fl-5"/>
      </object_component>
      <object_component id="oc-244">
         <name>.ebss:_LED_A</name>
         <uninitialized>true</uninitialized>
         <run_address>0xaa28</run_address>
         <size>0xf</size>
         <input_file_ref idref="fl-f"/>
      </object_component>
      <object_component id="oc-246">
         <name>.ebss:_LED_D</name>
         <uninitialized>true</uninitialized>
         <run_address>0xac53</run_address>
         <size>0xf</size>
         <input_file_ref idref="fl-f"/>
      </object_component>
      <object_component id="oc-24c">
         <name>.ebss:_LED_E</name>
         <uninitialized>true</uninitialized>
         <run_address>0xac62</run_address>
         <size>0xf</size>
         <input_file_ref idref="fl-f"/>
      </object_component>
      <object_component id="oc-236">
         <name>.ebss:_LED_J</name>
         <uninitialized>true</uninitialized>
         <run_address>0xad16</run_address>
         <size>0xf</size>
         <input_file_ref idref="fl-f"/>
      </object_component>
      <object_component id="oc-238">
         <name>.ebss:_LED_U</name>
         <uninitialized>true</uninitialized>
         <run_address>0xae0f</run_address>
         <size>0xf</size>
         <input_file_ref idref="fl-f"/>
      </object_component>
      <object_component id="oc-23a">
         <name>.ebss:_LED_S</name>
         <uninitialized>true</uninitialized>
         <run_address>0xade6</run_address>
         <size>0xf</size>
         <input_file_ref idref="fl-f"/>
      </object_component>
      <object_component id="oc-23c">
         <name>.ebss:_LED_T</name>
         <uninitialized>true</uninitialized>
         <run_address>0xae00</run_address>
         <size>0xf</size>
         <input_file_ref idref="fl-f"/>
      </object_component>
      <object_component id="oc-23e">
         <name>.ebss:_LED_I</name>
         <uninitialized>true</uninitialized>
         <run_address>0xac71</run_address>
         <size>0xf</size>
         <input_file_ref idref="fl-f"/>
      </object_component>
      <object_component id="oc-240">
         <name>.ebss:_LED_N</name>
         <uninitialized>true</uninitialized>
         <run_address>0xadd7</run_address>
         <size>0xf</size>
         <input_file_ref idref="fl-f"/>
      </object_component>
      <object_component id="oc-248">
         <name>.ebss:_LED_L</name>
         <uninitialized>true</uninitialized>
         <run_address>0xadc8</run_address>
         <size>0xf</size>
         <input_file_ref idref="fl-f"/>
      </object_component>
      <object_component id="oc-24a">
         <name>.ebss:_LED_K</name>
         <uninitialized>true</uninitialized>
         <run_address>0xad25</run_address>
         <size>0xf</size>
         <input_file_ref idref="fl-f"/>
      </object_component>
      <object_component id="oc-242">
         <name>.ebss:_LED_BLANK</name>
         <uninitialized>true</uninitialized>
         <run_address>0xac44</run_address>
         <size>0xf</size>
         <input_file_ref idref="fl-f"/>
      </object_component>
      <object_component id="oc-12e">
         <name>.ebss</name>
         <uninitialized>true</uninitialized>
         <run_address>0xac80</run_address>
         <size>0x96</size>
         <input_file_ref idref="fl-10"/>
      </object_component>
      <object_component id="oc-229">
         <name>.ebss:_blockX</name>
         <uninitialized>true</uninitialized>
         <run_address>0xae2c</run_address>
         <size>0x7</size>
         <input_file_ref idref="fl-10"/>
      </object_component>
      <object_component id="oc-255">
         <name>.ebss:_blockY</name>
         <uninitialized>true</uninitialized>
         <run_address>0xae33</run_address>
         <size>0x7</size>
         <input_file_ref idref="fl-10"/>
      </object_component>
      <object_component id="oc-227">
         <name>.ebss:_blockWidth</name>
         <uninitialized>true</uninitialized>
         <run_address>0xae25</run_address>
         <size>0x7</size>
         <input_file_ref idref="fl-10"/>
      </object_component>
      <object_component id="oc-226">
         <name>.ebss:_blockHeight</name>
         <uninitialized>true</uninitialized>
         <run_address>0xae1e</run_address>
         <size>0x7</size>
         <input_file_ref idref="fl-10"/>
      </object_component>
      <object_component id="oc-228">
         <name>.ebss:_area</name>
         <uninitialized>true</uninitialized>
         <run_address>0xadf5</run_address>
         <size>0x7</size>
         <input_file_ref idref="fl-10"/>
      </object_component>
      <object_component id="oc-22a">
         <name>.ebss:_area1</name>
         <uninitialized>true</uninitialized>
         <run_address>0xaa37</run_address>
         <size>0x7</size>
         <input_file_ref idref="fl-10"/>
      </object_component>
      <object_component id="oc-252">
         <name>.ebss:_str</name>
         <uninitialized>true</uninitialized>
         <run_address>0xad34</run_address>
         <size>0xb</size>
         <input_file_ref idref="fl-10"/>
      </object_component>
      <object_component id="oc-22e">
         <name>.ebss:_songarray</name>
         <uninitialized>true</uninitialized>
         <run_address>0xaa40</run_address>
         <size>0x204</size>
         <input_file_ref idref="fl-10"/>
      </object_component>
      <object_component id="oc-137">
         <name>.ebss</name>
         <uninitialized>true</uninitialized>
         <run_address>0xae3a</run_address>
         <size>0x6</size>
         <input_file_ref idref="fl-11"/>
      </object_component>
      <object_component id="oc-17e">
         <name>.ebss</name>
         <uninitialized>true</uninitialized>
         <run_address>0xae40</run_address>
         <size>0x6</size>
         <input_file_ref idref="fl-36"/>
      </object_component>
      <object_component id="oc-231">
         <name>.ebss:__lock</name>
         <uninitialized>true</uninitialized>
         <run_address>0xaa3e</run_address>
         <size>0x2</size>
         <input_file_ref idref="fl-37"/>
      </object_component>
      <object_component id="oc-25b">
         <name>.ebss:__unlock</name>
         <uninitialized>true</uninitialized>
         <run_address>0xadfc</run_address>
         <size>0x2</size>
         <input_file_ref idref="fl-37"/>
      </object_component>
      <object_component id="oc-19e">
         <name>.ebss</name>
         <uninitialized>true</uninitialized>
         <run_address>0xad3f</run_address>
         <size>0x1</size>
         <input_file_ref idref="fl-3c"/>
      </object_component>
      <object_component id="oc-259">
         <name>.econst:_PieVectTableInit</name>
         <load_address>0x15000</load_address>
         <run_address>0x15000</run_address>
         <size>0x1c0</size>
         <input_file_ref idref="fl-b"/>
      </object_component>
      <object_component id="oc-25a">
         <name>.econst:.string:__ctypes_</name>
         <load_address>0x151c0</load_address>
         <run_address>0x151c0</run_address>
         <size>0x101</size>
         <input_file_ref idref="fl-4d"/>
      </object_component>
      <object_component id="oc-13f">
         <name>.econst:.string</name>
         <load_address>0x152c2</load_address>
         <run_address>0x152c2</run_address>
         <size>0x60</size>
         <input_file_ref idref="fl-1f"/>
      </object_component>
      <object_component id="oc-130">
         <name>.econst:.string</name>
         <load_address>0x15322</load_address>
         <run_address>0x15322</run_address>
         <size>0x2b</size>
         <input_file_ref idref="fl-10"/>
      </object_component>
      <object_component id="oc-1a2">
         <name>.econst:.string</name>
         <load_address>0x1534e</load_address>
         <run_address>0x1534e</run_address>
         <size>0x26</size>
         <input_file_ref idref="fl-3d"/>
      </object_component>
      <object_component id="oc-1a1">
         <name>.econst</name>
         <load_address>0x15374</load_address>
         <run_address>0x15374</run_address>
         <size>0x1c</size>
         <input_file_ref idref="fl-3d"/>
      </object_component>
      <object_component id="oc-20a">
         <name>.econst</name>
         <load_address>0x15390</load_address>
         <run_address>0x15390</run_address>
         <size>0x1c</size>
         <input_file_ref idref="fl-52"/>
      </object_component>
      <object_component id="oc-138">
         <name>.econst:.string</name>
         <load_address>0x153ac</load_address>
         <run_address>0x153ac</run_address>
         <size>0x13</size>
         <input_file_ref idref="fl-11"/>
      </object_component>
      <object_component id="oc-204">
         <name>.econst</name>
         <load_address>0x153c0</load_address>
         <run_address>0x153c0</run_address>
         <size>0x8</size>
         <input_file_ref idref="fl-51"/>
      </object_component>
      <object_component id="oc-122">
         <name>.TI.ramfunc</name>
         <load_address>0x123</load_address>
         <run_address>0x123</run_address>
         <size>0x4</size>
         <input_file_ref idref="fl-e"/>
      </object_component>
      <object_component id="oc-13e">
         <name>.TI.ramfunc</name>
         <load_address>0x127</load_address>
         <run_address>0x127</run_address>
         <size>0x4</size>
         <input_file_ref idref="fl-1f"/>
      </object_component>
      <object_component id="oc-107">
         <name>PieVectTableFile</name>
         <uninitialized>true</uninitialized>
         <run_address>0xd00</run_address>
         <size>0x1c0</size>
         <input_file_ref idref="fl-8"/>
      </object_component>
      <object_component id="oc-a7">
         <name>EmuBModeVar</name>
         <uninitialized>true</uninitialized>
         <run_address>0xd00</run_address>
         <size>0x1</size>
         <input_file_ref idref="fl-8"/>
      </object_component>
      <object_component id="oc-a8">
         <name>EmuBootPinsVar</name>
         <uninitialized>true</uninitialized>
         <run_address>0xd01</run_address>
         <size>0x1</size>
         <input_file_ref idref="fl-8"/>
      </object_component>
      <object_component id="oc-be">
         <name>AdcaResultFile</name>
         <uninitialized>true</uninitialized>
         <run_address>0xb00</run_address>
         <size>0x18</size>
         <input_file_ref idref="fl-8"/>
      </object_component>
      <object_component id="oc-bf">
         <name>AdcbResultFile</name>
         <uninitialized>true</uninitialized>
         <run_address>0xb20</run_address>
         <size>0x18</size>
         <input_file_ref idref="fl-8"/>
      </object_component>
      <object_component id="oc-c0">
         <name>AdccResultFile</name>
         <uninitialized>true</uninitialized>
         <run_address>0xb40</run_address>
         <size>0x18</size>
         <input_file_ref idref="fl-8"/>
      </object_component>
      <object_component id="oc-c1">
         <name>AdcdResultFile</name>
         <uninitialized>true</uninitialized>
         <run_address>0xb60</run_address>
         <size>0x18</size>
         <input_file_ref idref="fl-8"/>
      </object_component>
      <object_component id="oc-ed">
         <name>AdcaRegsFile</name>
         <uninitialized>true</uninitialized>
         <run_address>0x7400</run_address>
         <size>0x80</size>
         <input_file_ref idref="fl-8"/>
      </object_component>
      <object_component id="oc-ee">
         <name>AdcbRegsFile</name>
         <uninitialized>true</uninitialized>
         <run_address>0x7480</run_address>
         <size>0x80</size>
         <input_file_ref idref="fl-8"/>
      </object_component>
      <object_component id="oc-ef">
         <name>AdccRegsFile</name>
         <uninitialized>true</uninitialized>
         <run_address>0x7500</run_address>
         <size>0x80</size>
         <input_file_ref idref="fl-8"/>
      </object_component>
      <object_component id="oc-f0">
         <name>AdcdRegsFile</name>
         <uninitialized>true</uninitialized>
         <run_address>0x7580</run_address>
         <size>0x80</size>
         <input_file_ref idref="fl-8"/>
      </object_component>
      <object_component id="oc-e9">
         <name>AnalogSubsysRegsFile</name>
         <uninitialized>true</uninitialized>
         <run_address>0x5d180</run_address>
         <size>0x48</size>
         <input_file_ref idref="fl-8"/>
      </object_component>
      <object_component id="oc-103">
         <name>CanaRegsFile</name>
         <uninitialized>true</uninitialized>
         <run_address>0x48000</run_address>
         <size>0x164</size>
         <input_file_ref idref="fl-8"/>
      </object_component>
      <object_component id="oc-104">
         <name>CanbRegsFile</name>
         <uninitialized>true</uninitialized>
         <run_address>0x4a000</run_address>
         <size>0x164</size>
         <input_file_ref idref="fl-8"/>
      </object_component>
      <object_component id="oc-e4">
         <name>Cla1RegsFile</name>
         <uninitialized>true</uninitialized>
         <run_address>0x1400</run_address>
         <size>0x3e</size>
         <input_file_ref idref="fl-8"/>
      </object_component>
      <object_component id="oc-ac">
         <name>Cla1SoftIntRegsFile</name>
         <uninitialized>true</uninitialized>
         <run_address>0xce0</run_address>
         <size>0x4</size>
         <input_file_ref idref="fl-8"/>
      </object_component>
      <object_component id="oc-c4">
         <name>Cmpss1RegsFile</name>
         <uninitialized>true</uninitialized>
         <run_address>0x5c80</run_address>
         <size>0x20</size>
         <input_file_ref idref="fl-8"/>
      </object_component>
      <object_component id="oc-c5">
         <name>Cmpss2RegsFile</name>
         <uninitialized>true</uninitialized>
         <run_address>0x5ca0</run_address>
         <size>0x20</size>
         <input_file_ref idref="fl-8"/>
      </object_component>
      <object_component id="oc-c6">
         <name>Cmpss3RegsFile</name>
         <uninitialized>true</uninitialized>
         <run_address>0x5cc0</run_address>
         <size>0x20</size>
         <input_file_ref idref="fl-8"/>
      </object_component>
      <object_component id="oc-c7">
         <name>Cmpss4RegsFile</name>
         <uninitialized>true</uninitialized>
         <run_address>0x5ce0</run_address>
         <size>0x20</size>
         <input_file_ref idref="fl-8"/>
      </object_component>
      <object_component id="oc-c8">
         <name>Cmpss5RegsFile</name>
         <uninitialized>true</uninitialized>
         <run_address>0x5d00</run_address>
         <size>0x20</size>
         <input_file_ref idref="fl-8"/>
      </object_component>
      <object_component id="oc-c9">
         <name>Cmpss6RegsFile</name>
         <uninitialized>true</uninitialized>
         <run_address>0x5d20</run_address>
         <size>0x20</size>
         <input_file_ref idref="fl-8"/>
      </object_component>
      <object_component id="oc-ca">
         <name>Cmpss7RegsFile</name>
         <uninitialized>true</uninitialized>
         <run_address>0x5d40</run_address>
         <size>0x20</size>
         <input_file_ref idref="fl-8"/>
      </object_component>
      <object_component id="oc-cb">
         <name>Cmpss8RegsFile</name>
         <uninitialized>true</uninitialized>
         <run_address>0x5d60</run_address>
         <size>0x20</size>
         <input_file_ref idref="fl-8"/>
      </object_component>
      <object_component id="oc-b2">
         <name>CpuTimer0RegsFile</name>
         <uninitialized>true</uninitialized>
         <run_address>0xc00</run_address>
         <size>0x8</size>
         <input_file_ref idref="fl-8"/>
      </object_component>
      <object_component id="oc-b3">
         <name>CpuTimer1RegsFile</name>
         <uninitialized>true</uninitialized>
         <run_address>0xc08</run_address>
         <size>0x8</size>
         <input_file_ref idref="fl-8"/>
      </object_component>
      <object_component id="oc-b4">
         <name>CpuTimer2RegsFile</name>
         <uninitialized>true</uninitialized>
         <run_address>0xc10</run_address>
         <size>0x8</size>
         <input_file_ref idref="fl-8"/>
      </object_component>
      <object_component id="oc-af">
         <name>DacaRegsFile</name>
         <uninitialized>true</uninitialized>
         <run_address>0x5c00</run_address>
         <size>0x8</size>
         <input_file_ref idref="fl-8"/>
      </object_component>
      <object_component id="oc-b0">
         <name>DacbRegsFile</name>
         <uninitialized>true</uninitialized>
         <run_address>0x5c10</run_address>
         <size>0x8</size>
         <input_file_ref idref="fl-8"/>
      </object_component>
      <object_component id="oc-b1">
         <name>DaccRegsFile</name>
         <uninitialized>true</uninitialized>
         <run_address>0x5c20</run_address>
         <size>0x8</size>
         <input_file_ref idref="fl-8"/>
      </object_component>
      <object_component id="oc-db">
         <name>DcsmZ1RegsFile</name>
         <uninitialized>true</uninitialized>
         <run_address>0x5f000</run_address>
         <size>0x24</size>
         <input_file_ref idref="fl-8"/>
      </object_component>
      <object_component id="oc-dc">
         <name>DcsmZ2RegsFile</name>
         <uninitialized>true</uninitialized>
         <run_address>0x5f040</run_address>
         <size>0x24</size>
         <input_file_ref idref="fl-8"/>
      </object_component>
      <object_component id="oc-b5">
         <name>DcsmCommonRegsFile</name>
         <uninitialized>true</uninitialized>
         <run_address>0x5f070</run_address>
         <size>0x8</size>
         <input_file_ref idref="fl-8"/>
      </object_component>
      <object_component id="oc-f5">
         <name>DmaRegsFile</name>
         <uninitialized>true</uninitialized>
         <run_address>0x1000</run_address>
         <size>0xe0</size>
         <input_file_ref idref="fl-8"/>
      </object_component>
      <object_component id="oc-c2">
         <name>DmaClaSrcSelRegsFile</name>
         <uninitialized>true</uninitialized>
         <run_address>0x7980</run_address>
         <size>0x1a</size>
         <input_file_ref idref="fl-8"/>
      </object_component>
      <object_component id="oc-cc">
         <name>ECap1RegsFile</name>
         <uninitialized>true</uninitialized>
         <run_address>0x5000</run_address>
         <size>0x20</size>
         <input_file_ref idref="fl-8"/>
      </object_component>
      <object_component id="oc-cd">
         <name>ECap2RegsFile</name>
         <uninitialized>true</uninitialized>
         <run_address>0x5020</run_address>
         <size>0x20</size>
         <input_file_ref idref="fl-8"/>
      </object_component>
      <object_component id="oc-ce">
         <name>ECap3RegsFile</name>
         <uninitialized>true</uninitialized>
         <run_address>0x5040</run_address>
         <size>0x20</size>
         <input_file_ref idref="fl-8"/>
      </object_component>
      <object_component id="oc-cf">
         <name>ECap4RegsFile</name>
         <uninitialized>true</uninitialized>
         <run_address>0x5060</run_address>
         <size>0x20</size>
         <input_file_ref idref="fl-8"/>
      </object_component>
      <object_component id="oc-d0">
         <name>ECap5RegsFile</name>
         <uninitialized>true</uninitialized>
         <run_address>0x5080</run_address>
         <size>0x20</size>
         <input_file_ref idref="fl-8"/>
      </object_component>
      <object_component id="oc-d1">
         <name>ECap6RegsFile</name>
         <uninitialized>true</uninitialized>
         <run_address>0x50a0</run_address>
         <size>0x20</size>
         <input_file_ref idref="fl-8"/>
      </object_component>
      <object_component id="oc-eb">
         <name>Emif1RegsFile</name>
         <uninitialized>true</uninitialized>
         <run_address>0x47000</run_address>
         <size>0x70</size>
         <input_file_ref idref="fl-8"/>
      </object_component>
      <object_component id="oc-ec">
         <name>Emif2RegsFile</name>
         <uninitialized>true</uninitialized>
         <run_address>0x47800</run_address>
         <size>0x70</size>
         <input_file_ref idref="fl-8"/>
      </object_component>
      <object_component id="oc-f6">
         <name>EPwm1RegsFile</name>
         <uninitialized>true</uninitialized>
         <run_address>0x4000</run_address>
         <size>0x100</size>
         <input_file_ref idref="fl-8"/>
      </object_component>
      <object_component id="oc-f7">
         <name>EPwm2RegsFile</name>
         <uninitialized>true</uninitialized>
         <run_address>0x4100</run_address>
         <size>0x100</size>
         <input_file_ref idref="fl-8"/>
      </object_component>
      <object_component id="oc-f8">
         <name>EPwm3RegsFile</name>
         <uninitialized>true</uninitialized>
         <run_address>0x4200</run_address>
         <size>0x100</size>
         <input_file_ref idref="fl-8"/>
      </object_component>
      <object_component id="oc-f9">
         <name>EPwm4RegsFile</name>
         <uninitialized>true</uninitialized>
         <run_address>0x4300</run_address>
         <size>0x100</size>
         <input_file_ref idref="fl-8"/>
      </object_component>
      <object_component id="oc-fa">
         <name>EPwm5RegsFile</name>
         <uninitialized>true</uninitialized>
         <run_address>0x4400</run_address>
         <size>0x100</size>
         <input_file_ref idref="fl-8"/>
      </object_component>
      <object_component id="oc-fb">
         <name>EPwm6RegsFile</name>
         <uninitialized>true</uninitialized>
         <run_address>0x4500</run_address>
         <size>0x100</size>
         <input_file_ref idref="fl-8"/>
      </object_component>
      <object_component id="oc-fc">
         <name>EPwm7RegsFile</name>
         <uninitialized>true</uninitialized>
         <run_address>0x4600</run_address>
         <size>0x100</size>
         <input_file_ref idref="fl-8"/>
      </object_component>
      <object_component id="oc-fd">
         <name>EPwm8RegsFile</name>
         <uninitialized>true</uninitialized>
         <run_address>0x4700</run_address>
         <size>0x100</size>
         <input_file_ref idref="fl-8"/>
      </object_component>
      <object_component id="oc-fe">
         <name>EPwm9RegsFile</name>
         <uninitialized>true</uninitialized>
         <run_address>0x4800</run_address>
         <size>0x100</size>
         <input_file_ref idref="fl-8"/>
      </object_component>
      <object_component id="oc-ff">
         <name>EPwm10RegsFile</name>
         <uninitialized>true</uninitialized>
         <run_address>0x4900</run_address>
         <size>0x100</size>
         <input_file_ref idref="fl-8"/>
      </object_component>
      <object_component id="oc-100">
         <name>EPwm11RegsFile</name>
         <uninitialized>true</uninitialized>
         <run_address>0x4a00</run_address>
         <size>0x100</size>
         <input_file_ref idref="fl-8"/>
      </object_component>
      <object_component id="oc-101">
         <name>EPwm12RegsFile</name>
         <uninitialized>true</uninitialized>
         <run_address>0x4b00</run_address>
         <size>0x100</size>
         <input_file_ref idref="fl-8"/>
      </object_component>
      <object_component id="oc-e5">
         <name>EPwmXbarRegsFile</name>
         <uninitialized>true</uninitialized>
         <run_address>0x7a00</run_address>
         <size>0x40</size>
         <input_file_ref idref="fl-8"/>
      </object_component>
      <object_component id="oc-d6">
         <name>EQep1RegsFile</name>
         <uninitialized>true</uninitialized>
         <run_address>0x5100</run_address>
         <size>0x22</size>
         <input_file_ref idref="fl-8"/>
      </object_component>
      <object_component id="oc-d7">
         <name>EQep2RegsFile</name>
         <uninitialized>true</uninitialized>
         <run_address>0x5140</run_address>
         <size>0x22</size>
         <input_file_ref idref="fl-8"/>
      </object_component>
      <object_component id="oc-d8">
         <name>EQep3RegsFile</name>
         <uninitialized>true</uninitialized>
         <run_address>0x5180</run_address>
         <size>0x22</size>
         <input_file_ref idref="fl-8"/>
      </object_component>
      <object_component id="oc-106">
         <name>Flash0CtrlRegsFile</name>
         <uninitialized>true</uninitialized>
         <run_address>0x5f800</run_address>
         <size>0x182</size>
         <input_file_ref idref="fl-8"/>
      </object_component>
      <object_component id="oc-e0">
         <name>Flash0EccRegsFile</name>
         <uninitialized>true</uninitialized>
         <run_address>0x5fb00</run_address>
         <size>0x28</size>
         <input_file_ref idref="fl-8"/>
      </object_component>
      <object_component id="oc-105">
         <name>GpioCtrlRegsFile</name>
         <uninitialized>true</uninitialized>
         <run_address>0x7c00</run_address>
         <size>0x180</size>
         <input_file_ref idref="fl-8"/>
      </object_component>
      <object_component id="oc-e2">
         <name>GpioDataRegsFile</name>
         <uninitialized>true</uninitialized>
         <run_address>0x7f00</run_address>
         <size>0x30</size>
         <input_file_ref idref="fl-8"/>
      </object_component>
      <object_component id="oc-e6">
         <name>OutputXbarRegsFile</name>
         <uninitialized>true</uninitialized>
         <run_address>0x7a80</run_address>
         <size>0x40</size>
         <input_file_ref idref="fl-8"/>
      </object_component>
      <object_component id="oc-d9">
         <name>I2caRegsFile</name>
         <uninitialized>true</uninitialized>
         <run_address>0x7300</run_address>
         <size>0x22</size>
         <input_file_ref idref="fl-8"/>
      </object_component>
      <object_component id="oc-da">
         <name>I2cbRegsFile</name>
         <uninitialized>true</uninitialized>
         <run_address>0x7340</run_address>
         <size>0x22</size>
         <input_file_ref idref="fl-8"/>
      </object_component>
      <object_component id="oc-d2">
         <name>InputXbarRegsFile</name>
         <uninitialized>true</uninitialized>
         <run_address>0x7900</run_address>
         <size>0x20</size>
         <input_file_ref idref="fl-8"/>
      </object_component>
      <object_component id="oc-d3">
         <name>XbarRegsFile</name>
         <uninitialized>true</uninitialized>
         <run_address>0x7920</run_address>
         <size>0x20</size>
         <input_file_ref idref="fl-8"/>
      </object_component>
      <object_component id="oc-dd">
         <name>IpcRegsFile</name>
         <uninitialized>true</uninitialized>
         <run_address>0x50000</run_address>
         <size>0x24</size>
         <input_file_ref idref="fl-8"/>
      </object_component>
      <object_component id="oc-a9">
         <name>FlashPumpSemaphoreRegsFile</name>
         <uninitialized>true</uninitialized>
         <run_address>0x50024</run_address>
         <size>0x2</size>
         <input_file_ref idref="fl-8"/>
      </object_component>
      <object_component id="oc-aa">
         <name>RomPrefetchRegsFile</name>
         <uninitialized>true</uninitialized>
         <run_address>0x5e608</run_address>
         <size>0x2</size>
         <input_file_ref idref="fl-8"/>
      </object_component>
      <object_component id="oc-f1">
         <name>MemCfgRegsFile</name>
         <uninitialized>true</uninitialized>
         <run_address>0x5f400</run_address>
         <size>0x80</size>
         <input_file_ref idref="fl-8"/>
      </object_component>
      <object_component id="oc-d4">
         <name>Emif1ConfigRegsFile</name>
         <uninitialized>true</uninitialized>
         <run_address>0x5f480</run_address>
         <size>0x20</size>
         <input_file_ref idref="fl-8"/>
      </object_component>
      <object_component id="oc-d5">
         <name>Emif2ConfigRegsFile</name>
         <uninitialized>true</uninitialized>
         <run_address>0x5f4a0</run_address>
         <size>0x20</size>
         <input_file_ref idref="fl-8"/>
      </object_component>
      <object_component id="oc-e7">
         <name>AccessProtectionRegsFile</name>
         <uninitialized>true</uninitialized>
         <run_address>0x5f4c0</run_address>
         <size>0x40</size>
         <input_file_ref idref="fl-8"/>
      </object_component>
      <object_component id="oc-e8">
         <name>MemoryErrorRegsFile</name>
         <uninitialized>true</uninitialized>
         <run_address>0x5f500</run_address>
         <size>0x40</size>
         <input_file_ref idref="fl-8"/>
      </object_component>
      <object_component id="oc-ab">
         <name>RomWaitStateRegsFile</name>
         <uninitialized>true</uninitialized>
         <run_address>0x5f540</run_address>
         <size>0x2</size>
         <input_file_ref idref="fl-8"/>
      </object_component>
      <object_component id="oc-de">
         <name>McbspaRegsFile</name>
         <uninitialized>true</uninitialized>
         <run_address>0x6000</run_address>
         <size>0x24</size>
         <input_file_ref idref="fl-8"/>
      </object_component>
      <object_component id="oc-df">
         <name>McbspbRegsFile</name>
         <uninitialized>true</uninitialized>
         <run_address>0x6040</run_address>
         <size>0x24</size>
         <input_file_ref idref="fl-8"/>
      </object_component>
      <object_component id="oc-ea">
         <name>UppRegsFile</name>
         <uninitialized>true</uninitialized>
         <run_address>0x6200</run_address>
         <size>0x48</size>
         <input_file_ref idref="fl-8"/>
      </object_component>
      <object_component id="oc-ae">
         <name>NmiIntruptRegsFile</name>
         <uninitialized>true</uninitialized>
         <run_address>0x7060</run_address>
         <size>0x7</size>
         <input_file_ref idref="fl-8"/>
      </object_component>
      <object_component id="oc-c3">
         <name>PieCtrlRegsFile</name>
         <uninitialized>true</uninitialized>
         <run_address>0xce0</run_address>
         <size>0x1a</size>
         <input_file_ref idref="fl-8"/>
      </object_component>
      <object_component id="oc-b7">
         <name>SciaRegsFile</name>
         <uninitialized>true</uninitialized>
         <run_address>0x7200</run_address>
         <size>0x10</size>
         <input_file_ref idref="fl-8"/>
      </object_component>
      <object_component id="oc-b8">
         <name>ScibRegsFile</name>
         <uninitialized>true</uninitialized>
         <run_address>0x7210</run_address>
         <size>0x10</size>
         <input_file_ref idref="fl-8"/>
      </object_component>
      <object_component id="oc-b9">
         <name>ScicRegsFile</name>
         <uninitialized>true</uninitialized>
         <run_address>0x7220</run_address>
         <size>0x10</size>
         <input_file_ref idref="fl-8"/>
      </object_component>
      <object_component id="oc-ba">
         <name>ScidRegsFile</name>
         <uninitialized>true</uninitialized>
         <run_address>0x7230</run_address>
         <size>0x10</size>
         <input_file_ref idref="fl-8"/>
      </object_component>
      <object_component id="oc-f2">
         <name>Sdfm1RegsFile</name>
         <uninitialized>true</uninitialized>
         <run_address>0x5e00</run_address>
         <size>0x80</size>
         <input_file_ref idref="fl-8"/>
      </object_component>
      <object_component id="oc-f3">
         <name>Sdfm2RegsFile</name>
         <uninitialized>true</uninitialized>
         <run_address>0x5e80</run_address>
         <size>0x80</size>
         <input_file_ref idref="fl-8"/>
      </object_component>
      <object_component id="oc-bb">
         <name>SpiaRegsFile</name>
         <uninitialized>true</uninitialized>
         <run_address>0x6100</run_address>
         <size>0x10</size>
         <input_file_ref idref="fl-8"/>
      </object_component>
      <object_component id="oc-bc">
         <name>SpibRegsFile</name>
         <uninitialized>true</uninitialized>
         <run_address>0x6110</run_address>
         <size>0x10</size>
         <input_file_ref idref="fl-8"/>
      </object_component>
      <object_component id="oc-bd">
         <name>SpicRegsFile</name>
         <uninitialized>true</uninitialized>
         <run_address>0x6120</run_address>
         <size>0x10</size>
         <input_file_ref idref="fl-8"/>
      </object_component>
      <object_component id="oc-102">
         <name>DevCfgRegsFile</name>
         <uninitialized>true</uninitialized>
         <run_address>0x5d000</run_address>
         <size>0x12e</size>
         <input_file_ref idref="fl-8"/>
      </object_component>
      <object_component id="oc-e3">
         <name>ClkCfgRegsFile</name>
         <uninitialized>true</uninitialized>
         <run_address>0x5d200</run_address>
         <size>0x32</size>
         <input_file_ref idref="fl-8"/>
      </object_component>
      <object_component id="oc-f4">
         <name>CpuSysRegsFile</name>
         <uninitialized>true</uninitialized>
         <run_address>0x5d300</run_address>
         <size>0x82</size>
         <input_file_ref idref="fl-8"/>
      </object_component>
      <object_component id="oc-ad">
         <name>SyncSocRegsFile</name>
         <uninitialized>true</uninitialized>
         <run_address>0x7940</run_address>
         <size>0x6</size>
         <input_file_ref idref="fl-8"/>
      </object_component>
      <object_component id="oc-e1">
         <name>WdRegsFile</name>
         <uninitialized>true</uninitialized>
         <run_address>0x7000</run_address>
         <size>0x2b</size>
         <input_file_ref idref="fl-8"/>
      </object_component>
      <object_component id="oc-b6">
         <name>XintRegsFile</name>
         <uninitialized>true</uninitialized>
         <run_address>0x7070</run_address>
         <size>0xb</size>
         <input_file_ref idref="fl-8"/>
      </object_component>
      <object_component id="oc-84">
         <name>.debug_info</name>
         <load_address>0x0</load_address>
         <run_address>0x0</run_address>
         <size>0x62d2</size>
         <input_file_ref idref="fl-2"/>
      </object_component>
      <object_component id="oc-8b">
         <name>.debug_info</name>
         <load_address>0x62d2</load_address>
         <run_address>0x62d2</run_address>
         <size>0x466c</size>
         <input_file_ref idref="fl-3"/>
      </object_component>
      <object_component id="oc-92">
         <name>.debug_info</name>
         <load_address>0xa93e</load_address>
         <run_address>0xa93e</run_address>
         <size>0xef</size>
         <input_file_ref idref="fl-4"/>
      </object_component>
      <object_component id="oc-95">
         <name>.debug_info</name>
         <load_address>0xaa2d</load_address>
         <run_address>0xaa2d</run_address>
         <size>0x975</size>
         <input_file_ref idref="fl-5"/>
      </object_component>
      <object_component id="oc-9b">
         <name>.debug_info</name>
         <load_address>0xb3a2</load_address>
         <run_address>0xb3a2</run_address>
         <size>0x34d2</size>
         <input_file_ref idref="fl-6"/>
      </object_component>
      <object_component id="oc-a1">
         <name>.debug_info</name>
         <load_address>0xe874</load_address>
         <run_address>0xe874</run_address>
         <size>0xf3c8</size>
         <input_file_ref idref="fl-7"/>
      </object_component>
      <object_component id="oc-a6">
         <name>.debug_info</name>
         <load_address>0x1dc3c</load_address>
         <run_address>0x1dc3c</run_address>
         <size>0x50529</size>
         <input_file_ref idref="fl-8"/>
      </object_component>
      <object_component id="oc-109">
         <name>.debug_info</name>
         <load_address>0x6e165</load_address>
         <run_address>0x6e165</run_address>
         <size>0x19f59</size>
         <input_file_ref idref="fl-9"/>
      </object_component>
      <object_component id="oc-10e">
         <name>.debug_info</name>
         <load_address>0x880be</load_address>
         <run_address>0x880be</run_address>
         <size>0x3543</size>
         <input_file_ref idref="fl-a"/>
      </object_component>
      <object_component id="oc-113">
         <name>.debug_info</name>
         <load_address>0x8b601</load_address>
         <run_address>0x8b601</run_address>
         <size>0x6709</size>
         <input_file_ref idref="fl-b"/>
      </object_component>
      <object_component id="oc-118">
         <name>.debug_info</name>
         <load_address>0x91d0a</load_address>
         <run_address>0x91d0a</run_address>
         <size>0xfcaf</size>
         <input_file_ref idref="fl-c"/>
      </object_component>
      <object_component id="oc-11d">
         <name>.debug_info</name>
         <load_address>0xa19b9</load_address>
         <run_address>0xa19b9</run_address>
         <size>0xcb8d</size>
         <input_file_ref idref="fl-d"/>
      </object_component>
      <object_component id="oc-124">
         <name>.debug_info</name>
         <load_address>0xae546</load_address>
         <run_address>0xae546</run_address>
         <size>0xea</size>
         <input_file_ref idref="fl-e"/>
      </object_component>
      <object_component id="oc-127">
         <name>.debug_info</name>
         <load_address>0xae630</load_address>
         <run_address>0xae630</run_address>
         <size>0x605b</size>
         <input_file_ref idref="fl-f"/>
      </object_component>
      <object_component id="oc-12c">
         <name>.debug_info</name>
         <load_address>0xb468b</load_address>
         <run_address>0xb468b</run_address>
         <size>0x24413</size>
         <input_file_ref idref="fl-10"/>
      </object_component>
      <object_component id="oc-135">
         <name>.debug_info</name>
         <load_address>0xd8a9e</load_address>
         <run_address>0xd8a9e</run_address>
         <size>0xe0f</size>
         <input_file_ref idref="fl-11"/>
      </object_component>
      <object_component id="oc-13d">
         <name>.debug_info</name>
         <load_address>0xd98ad</load_address>
         <run_address>0xd98ad</run_address>
         <size>0x502</size>
         <input_file_ref idref="fl-1f"/>
      </object_component>
      <object_component id="oc-144">
         <name>.debug_info</name>
         <load_address>0xd9daf</load_address>
         <run_address>0xd9daf</run_address>
         <size>0x67e</size>
         <input_file_ref idref="fl-2b"/>
      </object_component>
      <object_component id="oc-149">
         <name>.debug_info</name>
         <load_address>0xda42d</load_address>
         <run_address>0xda42d</run_address>
         <size>0x3cf</size>
         <input_file_ref idref="fl-2c"/>
      </object_component>
      <object_component id="oc-14e">
         <name>.debug_info</name>
         <load_address>0xda7fc</load_address>
         <run_address>0xda7fc</run_address>
         <size>0x3e1</size>
         <input_file_ref idref="fl-2d"/>
      </object_component>
      <object_component id="oc-155">
         <name>.debug_info</name>
         <load_address>0xdabdd</load_address>
         <run_address>0xdabdd</run_address>
         <size>0x173</size>
         <input_file_ref idref="fl-2e"/>
      </object_component>
      <object_component id="oc-15a">
         <name>.debug_info</name>
         <load_address>0xdad50</load_address>
         <run_address>0xdad50</run_address>
         <size>0x114</size>
         <input_file_ref idref="fl-2f"/>
      </object_component>
      <object_component id="oc-15f">
         <name>.debug_info</name>
         <load_address>0xdae64</load_address>
         <run_address>0xdae64</run_address>
         <size>0x141</size>
         <input_file_ref idref="fl-30"/>
      </object_component>
      <object_component id="oc-164">
         <name>.debug_info</name>
         <load_address>0xdafa5</load_address>
         <run_address>0xdafa5</run_address>
         <size>0x1a5</size>
         <input_file_ref idref="fl-31"/>
      </object_component>
      <object_component id="oc-168">
         <name>.debug_info</name>
         <load_address>0xdb14a</load_address>
         <run_address>0xdb14a</run_address>
         <size>0x561</size>
         <input_file_ref idref="fl-32"/>
      </object_component>
      <object_component id="oc-16d">
         <name>.debug_info</name>
         <load_address>0xdb6ab</load_address>
         <run_address>0xdb6ab</run_address>
         <size>0x43a</size>
         <input_file_ref idref="fl-33"/>
      </object_component>
      <object_component id="oc-172">
         <name>.debug_info</name>
         <load_address>0xdbae5</load_address>
         <run_address>0xdbae5</run_address>
         <size>0x3ad</size>
         <input_file_ref idref="fl-34"/>
      </object_component>
      <object_component id="oc-177">
         <name>.debug_info</name>
         <load_address>0xdbe92</load_address>
         <run_address>0xdbe92</run_address>
         <size>0x3aa</size>
         <input_file_ref idref="fl-35"/>
      </object_component>
      <object_component id="oc-17c">
         <name>.debug_info</name>
         <load_address>0xdc23c</load_address>
         <run_address>0xdc23c</run_address>
         <size>0x544</size>
         <input_file_ref idref="fl-36"/>
      </object_component>
      <object_component id="oc-183">
         <name>.debug_info</name>
         <load_address>0xdc780</load_address>
         <run_address>0xdc780</run_address>
         <size>0x4cc</size>
         <input_file_ref idref="fl-37"/>
      </object_component>
      <object_component id="oc-188">
         <name>.debug_info</name>
         <load_address>0xdcc4c</load_address>
         <run_address>0xdcc4c</run_address>
         <size>0x467</size>
         <input_file_ref idref="fl-38"/>
      </object_component>
      <object_component id="oc-18d">
         <name>.debug_info</name>
         <load_address>0xdd0b3</load_address>
         <run_address>0xdd0b3</run_address>
         <size>0x4e5</size>
         <input_file_ref idref="fl-39"/>
      </object_component>
      <object_component id="oc-192">
         <name>.debug_info</name>
         <load_address>0xdd598</load_address>
         <run_address>0xdd598</run_address>
         <size>0x4aa</size>
         <input_file_ref idref="fl-3a"/>
      </object_component>
      <object_component id="oc-197">
         <name>.debug_info</name>
         <load_address>0xdda42</load_address>
         <run_address>0xdda42</run_address>
         <size>0x575</size>
         <input_file_ref idref="fl-3b"/>
      </object_component>
      <object_component id="oc-19c">
         <name>.debug_info</name>
         <load_address>0xddfb7</load_address>
         <run_address>0xddfb7</run_address>
         <size>0x1c6</size>
         <input_file_ref idref="fl-3c"/>
      </object_component>
      <object_component id="oc-1a0">
         <name>.debug_info</name>
         <load_address>0xde17d</load_address>
         <run_address>0xde17d</run_address>
         <size>0x26e8</size>
         <input_file_ref idref="fl-3d"/>
      </object_component>
      <object_component id="oc-1a8">
         <name>.debug_info</name>
         <load_address>0xe0865</load_address>
         <run_address>0xe0865</run_address>
         <size>0x120</size>
         <input_file_ref idref="fl-3e"/>
      </object_component>
      <object_component id="oc-1ad">
         <name>.debug_info</name>
         <load_address>0xe0985</load_address>
         <run_address>0xe0985</run_address>
         <size>0x114</size>
         <input_file_ref idref="fl-3f"/>
      </object_component>
      <object_component id="oc-1b2">
         <name>.debug_info</name>
         <load_address>0xe0a99</load_address>
         <run_address>0xe0a99</run_address>
         <size>0x114</size>
         <input_file_ref idref="fl-40"/>
      </object_component>
      <object_component id="oc-1b7">
         <name>.debug_info</name>
         <load_address>0xe0bad</load_address>
         <run_address>0xe0bad</run_address>
         <size>0x122</size>
[...]
      <symbol id="sm-6a7">
         <name>_temp</name>
         <value>0xac8f</value>
         <object_component_ref idref="oc-12e"/>
      </symbol>
      <symbol id="sm-6a8">
         <name>_two1</name>
         <value>0xacb1</value>
         <object_component_ref idref="oc-12e"/>
      </symbol>
      <symbol id="sm-6a9">
         <name>_leftdistance1</name>
         <value>0xace2</value>
         <object_component_ref idref="oc-12e"/>
      </symbol>
      <symbol id="sm-6aa">
         <name>_area</name>
         <value>0xadf5</value>
         <object_component_ref idref="oc-228"/>
      </symbol>
      <symbol id="sm-6ab">
         <name>_LEDdisplaynum</name>
         <value>0xac81</value>
         <object_component_ref idref="oc-12e"/>
      </symbol>
      <symbol id="sm-6ac">
         <name>_sng1Flag</name>
         <value>0xac9e</value>
         <object_component_ref idref="oc-12e"/>
      </symbol>
      <symbol id="sm-6ad">
         <name>_ekl1</name>
         <value>0xacfe</value>
         <object_component_ref idref="oc-12e"/>
      </symbol>
      <symbol id="sm-6ae">
         <name>_checksum2</name>
         <value>0xac87</value>
         <object_component_ref idref="oc-12e"/>
      </symbol>
      <symbol id="sm-6af">
         <name>_checksum1</name>
         <value>0xac86</value>
         <object_component_ref idref="oc-12e"/>
      </symbol>
      <symbol id="sm-6b0">
         <name>_toVolts</name>
         <value>0x9059</value>
         <object_component_ref idref="oc-225"/>
      </symbol>
      <symbol id="sm-6b2">
         <name>_numSWIcalls</name>
         <value>0xacc2</value>
         <object_component_ref idref="oc-12e"/>
      </symbol>
      <symbol id="sm-6b3">
         <name>_songcount</name>
         <value>0xacbe</value>
         <object_component_ref idref="oc-12e"/>
      </symbol>
      <symbol id="sm-6b4">
         <name>_readEncRight</name>
         <value>0x937a</value>
         <object_component_ref idref="oc-225"/>
      </symbol>
      <symbol id="sm-6b6">
         <name>_numTimer0calls</name>
         <value>0xacc0</value>
         <object_component_ref idref="oc-12e"/>
      </symbol>
      <symbol id="sm-6b7">
         <name>_b1</name>
         <value>0xacaf</value>
         <object_component_ref idref="oc-12e"/>
      </symbol>
      <symbol id="sm-6b8">
         <name>_area1</name>
         <value>0xaa37</value>
         <object_component_ref idref="oc-22a"/>
      </symbol>
      <symbol id="sm-6b9">
         <name>_ikr</name>
         <value>0xacf0</value>
         <object_component_ref idref="oc-12e"/>
      </symbol>
      <symbol id="sm-6ba">
         <name>_gyroyReading</name>
         <value>0xacc8</value>
         <object_component_ref idref="oc-12e"/>
      </symbol>
      <symbol id="sm-6bb">
         <name>_ikl</name>
         <value>0xacf8</value>
         <object_component_ref idref="oc-12e"/>
      </symbol>
      <symbol id="sm-6bc">
         <name>_processNum</name>
         <value>0x900f</value>
         <object_component_ref idref="oc-225"/>
      </symbol>
      <symbol id="sm-6be">
         <name>_a1</name>
         <value>0xacae</value>
         <object_component_ref idref="oc-12e"/>
      </symbol>
      <symbol id="sm-6bf">
         <name>_ikr1</name>
         <value>0xacf2</value>
         <object_component_ref idref="oc-12e"/>
      </symbol>
      <symbol id="sm-6c0">
         <name>_str</name>
         <value>0xad34</value>
         <object_component_ref idref="oc-252"/>
      </symbol>
      <symbol id="sm-6c1">
         <name>_minus</name>
         <value>0xaca9</value>
         <object_component_ref idref="oc-12e"/>
      </symbol>
      <symbol id="sm-6c2">
         <name>_vref</name>
         <value>0xacee</value>
         <object_component_ref idref="oc-12e"/>
      </symbol>
      <symbol id="sm-6c3">
         <name>_plusminus1</name>
         <value>0xacb6</value>
         <object_component_ref idref="oc-12e"/>
      </symbol>
      <symbol id="sm-6c4">
         <name>_ekr</name>
         <value>0xacf4</value>
         <object_component_ref idref="oc-12e"/>
      </symbol>
      <symbol id="sm-6c5">
         <name>_ekl</name>
         <value>0xacfc</value>
         <object_component_ref idref="oc-12e"/>
      </symbol>
      <symbol id="sm-6c6">
         <name>_SWI_isr</name>
         <value>0x9f88</value>
         <object_component_ref idref="oc-12f"/>
      </symbol>
      <symbol id="sm-6c8">
         <name>_plus1</name>
         <value>0xacb3</value>
         <object_component_ref idref="oc-12e"/>
      </symbol>
      <symbol id="sm-6c9">
         <name>_blockWidth</name>
         <value>0xae25</value>
         <object_component_ref idref="oc-227"/>
      </symbol>
      <symbol id="sm-6ca">
         <name>_xdot1</name>
         <value>0xad0e</value>
         <object_component_ref idref="oc-12e"/>
      </symbol>
      <symbol id="sm-6cb">
         <name>_home1</name>
         <value>0xacb4</value>
         <object_component_ref idref="oc-12e"/>
      </symbol>
      <symbol id="sm-6cc">
         <name>_ydot</name>
         <value>0xad10</value>
         <object_component_ref idref="oc-12e"/>
      </symbol>
      <symbol id="sm-6cd">
         <name>_phi</name>
         <value>0xad0a</value>
         <object_component_ref idref="oc-12e"/>
      </symbol>
      <symbol id="sm-6ce">
         <name>_fwv2</name>
         <value>0xac8b</value>
         <object_component_ref idref="oc-12e"/>
      </symbol>
      <symbol id="sm-6cf">
         <name>_fwv1</name>
         <value>0xac8a</value>
         <object_component_ref idref="oc-12e"/>
      </symbol>
      <symbol id="sm-6d0">
         <name>_y</name>
         <value>0xad08</value>
         <object_component_ref idref="oc-12e"/>
      </symbol>
      <symbol id="sm-6d1">
         <name>_x</name>
         <value>0xad06</value>
         <object_component_ref idref="oc-12e"/>
      </symbol>
      <symbol id="sm-6d2">
         <name>_b</name>
         <value>0xaca6</value>
         <object_component_ref idref="oc-12e"/>
      </symbol>
      <symbol id="sm-6d3">
         <name>_a</name>
         <value>0xaca5</value>
         <object_component_ref idref="oc-12e"/>
      </symbol>
      <symbol id="sm-6d4">
         <name>_count</name>
         <value>0xaca3</value>
         <object_component_ref idref="oc-12e"/>
      </symbol>
      <symbol id="sm-6d5">
         <name>_eturn</name>
         <value>0xad00</value>
         <object_component_ref idref="oc-12e"/>
      </symbol>
      <symbol id="sm-6d6">
         <name>_plusminus</name>
         <value>0xacb5</value>
         <object_component_ref idref="oc-12e"/>
      </symbol>
      <symbol id="sm-6d7">
         <name>_ikl1</name>
         <value>0xacfa</value>
         <object_component_ref idref="oc-12e"/>
      </symbol>
      <symbol id="sm-6d8">
         <name>_sng2Flag</name>
         <value>0xac9f</value>
         <object_component_ref idref="oc-12e"/>
      </symbol>
      <symbol id="sm-6d9">
         <name>_gyrozReading</name>
         <value>0xacca</value>
         <object_component_ref idref="oc-12e"/>
      </symbol>
      <symbol id="sm-6da">
         <name>_changeInputs</name>
         <value>0x93f0</value>
         <object_component_ref idref="oc-225"/>
      </symbol>
      <symbol id="sm-6dc">
         <name>_songflag</name>
         <value>0xacbd</value>
         <object_component_ref idref="oc-12e"/>
      </symbol>
      <symbol id="sm-6dd">
         <name>_home</name>
         <value>0xacab</value>
         <object_component_ref idref="oc-12e"/>
      </symbol>
      <symbol id="sm-6de">
         <name>_ydot1</name>
         <value>0xad12</value>
         <object_component_ref idref="oc-12e"/>
      </symbol>
      <symbol id="sm-6df">
         <name>_rightdistance</name>
         <value>0xacdc</value>
         <object_component_ref idref="oc-12e"/>
      </symbol>
      <symbol id="sm-6e0">
         <name>_uLeft</name>
         <value>0xacde</value>
         <object_component_ref idref="oc-12e"/>
      </symbol>
      <symbol id="sm-6e1">
         <name>_accelxReading</name>
         <value>0xaccc</value>
         <object_component_ref idref="oc-12e"/>
      </symbol>
      <symbol id="sm-6e2">
         <name>_setupSpic</name>
         <value>0x929a</value>
         <object_component_ref idref="oc-225"/>
      </symbol>
      <symbol id="sm-6e4">
         <name>_setupSpib</name>
         <value>0x906b</value>
         <object_component_ref idref="oc-225"/>
      </symbol>
      <symbol id="sm-6f6">
         <name>_Example_Fail</name>
         <value>0xae3e</value>
         <object_component_ref idref="oc-137"/>
      </symbol>
      <symbol id="sm-6f7">
         <name>_Example_Result</name>
         <value>0xae3a</value>
         <object_component_ref idref="oc-137"/>
      </symbol>
      <symbol id="sm-6f8">
         <name>_Example_PassCount</name>
         <value>0xae3c</value>
         <object_component_ref idref="oc-137"/>
      </symbol>
      <symbol id="sm-707">
         <name>_SysCtl_delay</name>
         <value>0x127</value>
         <object_component_ref idref="oc-13e"/>
      </symbol>
      <symbol id="sm-715">
         <name>_vsprintf</name>
         <value>0xca7f</value>
         <object_component_ref idref="oc-234"/>
      </symbol>
      <symbol id="sm-724">
         <name>_cos</name>
         <value>0xc8b2</value>
         <object_component_ref idref="oc-22b"/>
      </symbol>
      <symbol id="sm-725">
         <name>_cosf</name>
         <value>0xc8b2</value>
         <object_component_ref idref="oc-22b"/>
      </symbol>
      <symbol id="sm-733">
         <name>_sin</name>
         <value>0xc96f</value>
         <object_component_ref idref="oc-22c"/>
      </symbol>
      <symbol id="sm-734">
         <name>_sinf</name>
         <value>0xc96f</value>
         <object_component_ref idref="oc-22c"/>
      </symbol>
      <symbol id="sm-750">
         <name>_c_int00</name>
         <value>0xc9c8</value>
         <object_component_ref idref="oc-83"/>
      </symbol>
      <symbol id="sm-751">
         <name>__stack</name>
         <value>0xb800</value>
         <object_component_ref idref="oc-153"/>
      </symbol>
      <symbol id="sm-762">
         <name>FS$$DIV</name>
         <value>0xc72b</value>
         <object_component_ref idref="oc-159"/>
      </symbol>
      <symbol id="sm-76e">
         <name>U$$MOD</name>
         <value>0xccec</value>
         <object_component_ref idref="oc-15e"/>
      </symbol>
      <symbol id="sm-76f">
         <name>U$$DIV</name>
         <value>0xcce7</value>
         <object_component_ref idref="oc-15e"/>
      </symbol>
      <symbol id="sm-77b">
         <name>UL$$MOD</name>
         <value>0xcafd</value>
         <object_component_ref idref="oc-163"/>
      </symbol>
      <symbol id="sm-77c">
         <name>L$$MOD</name>
         <value>0xcae8</value>
         <object_component_ref idref="oc-163"/>
      </symbol>
      <symbol id="sm-77d">
         <name>L$$DIV</name>
         <value>0xcad9</value>
         <object_component_ref idref="oc-163"/>
      </symbol>
      <symbol id="sm-77e">
         <name>UL$$DIV</name>
         <value>0xcaf6</value>
         <object_component_ref idref="oc-163"/>
      </symbol>
      <symbol id="sm-78d">
         <name>_copy_in</name>
         <value>0xcb9f</value>
         <object_component_ref idref="oc-21f"/>
      </symbol>
      <symbol id="sm-79f">
         <name>_memcpy</name>
         <value>0xcc3e</value>
         <object_component_ref idref="oc-230"/>
      </symbol>
      <symbol id="sm-7ac">
         <name>__system_pre_init</name>
         <value>0xcd18</value>
         <object_component_ref idref="oc-21e"/>
      </symbol>
      <symbol id="sm-7ba">
         <name>__system_post_cinit</name>
         <value>0xa7ff</value>
         <object_component_ref idref="oc-220"/>
      </symbol>
      <symbol id="sm-7cf">
         <name>C$$EXIT</name>
         <value>0xcb03</value>
         <object_component_ref idref="oc-222"/>
      </symbol>
      <symbol id="sm-7d0">
         <name>_exit</name>
         <value>0xcb05</value>
         <object_component_ref idref="oc-222"/>
      </symbol>
      <symbol id="sm-7d2">
         <name>___TI_cleanup_ptr</name>
         <value>0xae42</value>
         <object_component_ref idref="oc-17e"/>
      </symbol>
      <symbol id="sm-7d3">
         <name>___TI_enable_exit_profile_output</name>
         <value>0xae40</value>
         <object_component_ref idref="oc-17e"/>
      </symbol>
      <symbol id="sm-7d4">
         <name>_abort</name>
         <value>0xcb03</value>
         <object_component_ref idref="oc-222"/>
      </symbol>
      <symbol id="sm-7d6">
         <name>___TI_dtors_ptr</name>
         <value>0xae44</value>
         <object_component_ref idref="oc-17e"/>
      </symbol>
      <symbol id="sm-7ea">
         <name>__unlock</name>
         <value>0xadfc</value>
         <object_component_ref idref="oc-25b"/>
      </symbol>
      <symbol id="sm-7eb">
         <name>__lock</name>
         <value>0xaa3e</value>
         <object_component_ref idref="oc-231"/>
      </symbol>
      <symbol id="sm-7ec">
         <name>__register_lock</name>
         <value>0xa7fa</value>
         <object_component_ref idref="oc-256"/>
      </symbol>
      <symbol id="sm-7ee">
         <name>__nop</name>
         <value>0xa7fe</value>
         <object_component_ref idref="oc-256"/>
      </symbol>
      <symbol id="sm-7f0">
         <name>__register_unlock</name>
         <value>0xa7f6</value>
         <object_component_ref idref="oc-256"/>
      </symbol>
      <symbol id="sm-800">
         <name>__args_main</name>
         <value>0xccab</value>
         <object_component_ref idref="oc-221"/>
      </symbol>
      <symbol id="sm-80e">
         <name>_strcpy</name>
         <value>0xcd13</value>
         <object_component_ref idref="oc-253"/>
      </symbol>
      <symbol id="sm-81c">
         <name>_strlen</name>
         <value>0xcd04</value>
         <object_component_ref idref="oc-235"/>
      </symbol>
      <symbol id="sm-842">
         <name>_strtol</name>
         <value>0xc51f</value>
         <object_component_ref idref="oc-254"/>
      </symbol>
      <symbol id="sm-84d">
         <name>_errno</name>
         <value>0xad3f</value>
         <object_component_ref idref="oc-19e"/>
      </symbol>
      <symbol id="sm-9ad">
         <name>___TI_printfi</name>
         <value>0x8b53</value>
         <object_component_ref idref="oc-258"/>
      </symbol>
      <symbol id="sm-9be">
         <name>FD$$CMP</name>
         <value>0xcaaf</value>
         <object_component_ref idref="oc-1a7"/>
      </symbol>
      <symbol id="sm-9d0">
         <name>FD$$MPY</name>
         <value>0xc7b3</value>
         <object_component_ref idref="oc-1ac"/>
      </symbol>
      <symbol id="sm-9dd">
         <name>FD$$NEG</name>
         <value>0xccf2</value>
         <object_component_ref idref="oc-1b1"/>
      </symbol>
      <symbol id="sm-9e9">
         <name>FD$$SUB</name>
         <value>0xcccd</value>
         <object_component_ref idref="oc-1b6"/>
      </symbol>
      <symbol id="sm-9f8">
         <name>FD$$TOI</name>
         <value>0xcbc3</value>
         <object_component_ref idref="oc-1bb"/>
      </symbol>
      <symbol id="sm-a07">
         <name>FD$$TOL</name>
         <value>0xcbe4</value>
         <object_component_ref idref="oc-1c0"/>
      </symbol>
      <symbol id="sm-a13">
         <name>LL$$AND</name>
         <value>0xcc93</value>
         <object_component_ref idref="oc-1c5"/>
      </symbol>
      <symbol id="sm-a14">
         <name>LL$$OR</name>
         <value>0xcc9b</value>
         <object_component_ref idref="oc-1c5"/>
      </symbol>
      <symbol id="sm-a15">
         <name>LL$$XOR</name>
         <value>0xcca3</value>
         <object_component_ref idref="oc-1c5"/>
      </symbol>
      <symbol id="sm-a23">
         <name>ULL$$CMP</name>
         <value>0xcc15</value>
         <object_component_ref idref="oc-1ca"/>
      </symbol>
      <symbol id="sm-a24">
         <name>LL$$CMP</name>
         <value>0xcc03</value>
         <object_component_ref idref="oc-1ca"/>
      </symbol>
      <symbol id="sm-a50">
         <name>ULL$$MOD</name>
         <value>0xa6f8</value>
         <object_component_ref idref="oc-1cf"/>
      </symbol>
      <symbol id="sm-a51">
         <name>ULL$$DIV</name>
         <value>0xa6c9</value>
         <object_component_ref idref="oc-1cf"/>
      </symbol>
      <symbol id="sm-a52">
         <name>LL$$MOD</name>
         <value>0xa68f</value>
         <object_component_ref idref="oc-1cf"/>
      </symbol>
      <symbol id="sm-a53">
         <name>LL$$DIV</name>
         <value>0xa653</value>
         <object_component_ref idref="oc-1cf"/>
      </symbol>
      <symbol id="sm-a63">
         <name>I$$TOFD</name>
         <value>0xcc21</value>
         <object_component_ref idref="oc-1d4"/>
      </symbol>
      <symbol id="sm-a73">
         <name>L$$TOFD</name>
         <value>0xcc77</value>
         <object_component_ref idref="oc-1d9"/>
      </symbol>
      <symbol id="sm-a83">
         <name>FS$$TOFD</name>
         <value>0xcc5b</value>
         <object_component_ref idref="oc-1de"/>
      </symbol>
      <symbol id="sm-a9a">
         <name>FD$$DIV</name>
         <value>0xc6a0</value>
         <object_component_ref idref="oc-1e3"/>
      </symbol>
      <symbol id="sm-aa8">
         <name>___TI_ltoa</name>
         <value>0xca4f</value>
         <object_component_ref idref="oc-25d"/>
      </symbol>
      <symbol id="sm-abd">
         <name>_atoi</name>
         <value>0xca1e</value>
         <object_component_ref idref="oc-25c"/>
      </symbol>
      <symbol id="sm-ac6">
         <name>__ctypes_</name>
         <value>0x151c0</value>
         <object_component_ref idref="oc-25a"/>
      </symbol>
      <symbol id="sm-ad5">
         <name>_memccpy</name>
         <value>0xccbd</value>
         <object_component_ref idref="oc-262"/>
      </symbol>
      <symbol id="sm-ae4">
         <name>_memset</name>
         <value>0xcd0c</value>
         <object_component_ref idref="oc-261"/>
      </symbol>
      <symbol id="sm-af4">
         <name>_strchr</name>
         <value>0xccdb</value>
         <object_component_ref idref="oc-260"/>
      </symbol>
      <symbol id="sm-b08">
         <name>_frexpl</name>
         <value>0xc915</value>
         <object_component_ref idref="oc-25e"/>
      </symbol>
      <symbol id="sm-b27">
         <name>_scalbnl</name>
         <value>0xc5f2</value>
         <object_component_ref idref="oc-25f"/>
      </symbol>
      <symbol id="sm-b29">
         <name>_ldexpl</name>
         <value>0xc5f2</value>
         <object_component_ref idref="oc-25f"/>
      </symbol>
      <symbol id="sm-b37">
         <name>_wcslen</name>
         <value>0xccfb</value>
         <object_component_ref idref="oc-263"/>
      </symbol>
      <symbol id="sm-b45">
         <name>_copysignl</name>
         <value>0xcb7a</value>
         <object_component_ref idref="oc-264"/>
      </symbol>
      <symbol id="sm-b61">
         <name>FD$$ADD</name>
         <value>0xa75a</value>
         <object_component_ref idref="oc-219"/>
      </symbol>
   </symbol_table>
   <title>Link successful</title>
</link_info>
