<?xml version="1.0" encoding="ISO-8859-1" ?>
<link_info>
   <banner>TMS320C2000 Linker PC v20.2.2.LTS</banner>
   <copyright>Copyright (c) 1996-2018 Texas Instruments Incorporated</copyright>
   <link_time>0x61bb6992</link_time>
   <link_errors>0x0</link_errors>
   <output_file>finalproject.out</output_file>
   <entry_point>
      <name>_c_int00</name>
      <address>0x82f80</address>
   </entry_point>
   <input_file_list>
      <input_file id="fl-2">
         <path>.\</path>
         <kind>object</kind>
         <file>F28379dSerial.obj</file>
         <name>F28379dSerial.obj</name>
      </input_file>
      <input_file id="fl-3">
         <path>.\</path>
         <kind>object</kind>
         <file>F2837xD_Adc.obj</file>
         <name>F2837xD_Adc.obj</name>
      </input_file>
      <input_file id="fl-4">
         <path>.\</path>
         <kind>object</kind>
         <file>F2837xD_CodeStartBranch.obj</file>
         <name>F2837xD_CodeStartBranch.obj</name>
      </input_file>
      <input_file id="fl-5">
         <path>.\</path>
         <kind>object</kind>
         <file>F2837xD_CpuTimers.obj</file>
         <name>F2837xD_CpuTimers.obj</name>
      </input_file>
      <input_file id="fl-6">
         <path>.\</path>
         <kind>object</kind>
         <file>F2837xD_DefaultISR.obj</file>
         <name>F2837xD_DefaultISR.obj</name>
      </input_file>
      <input_file id="fl-7">
         <path>.\</path>
         <kind>object</kind>
         <file>F2837xD_EPwm.obj</file>
         <name>F2837xD_EPwm.obj</name>
      </input_file>
      <input_file id="fl-8">
         <path>.\</path>
         <kind>object</kind>
         <file>F2837xD_GlobalVariableDefs.obj</file>
         <name>F2837xD_GlobalVariableDefs.obj</name>
      </input_file>
      <input_file id="fl-9">
         <path>.\</path>
         <kind>object</kind>
         <file>F2837xD_Gpio.obj</file>
         <name>F2837xD_Gpio.obj</name>
      </input_file>
      <input_file id="fl-a">
         <path>.\</path>
         <kind>object</kind>
         <file>F2837xD_PieCtrl.obj</file>
         <name>F2837xD_PieCtrl.obj</name>
      </input_file>
      <input_file id="fl-b">
         <path>.\</path>
         <kind>object</kind>
         <file>F2837xD_PieVect.obj</file>
         <name>F2837xD_PieVect.obj</name>
      </input_file>
      <input_file id="fl-c">
         <path>.\</path>
         <kind>object</kind>
         <file>F2837xD_Spi.obj</file>
         <name>F2837xD_Spi.obj</name>
      </input_file>
      <input_file id="fl-d">
         <path>.\</path>
         <kind>object</kind>
         <file>F2837xD_SysCtrl.obj</file>
         <name>F2837xD_SysCtrl.obj</name>
      </input_file>
      <input_file id="fl-e">
         <path>.\</path>
         <kind>object</kind>
         <file>F2837xD_usDelay.obj</file>
         <name>F2837xD_usDelay.obj</name>
      </input_file>
      <input_file id="fl-f">
         <path>.\</path>
         <kind>object</kind>
         <file>LEDPatterns.obj</file>
         <name>LEDPatterns.obj</name>
      </input_file>
      <input_file id="fl-10">
         <path>.\</path>
         <kind>object</kind>
         <file>finalproject_main.obj</file>
         <name>finalproject_main.obj</name>
      </input_file>
      <input_file id="fl-11">
         <path>.\device\</path>
         <kind>object</kind>
         <file>device.obj</file>
         <name>device.obj</name>
      </input_file>
      <input_file id="fl-18">
         <kind>object</kind>
         <file>&lt;internal&gt;</file>
         <name>&lt;internal&gt;</name>
      </input_file>
      <input_file id="fl-1f">
         <path>C:\ME461jl\ME461\C2000Ware_3_02_00_00_F28379D\driverlib\f2837xd\driverlib\ccs\Debug\</path>
         <kind>archive</kind>
         <file>driverlib_coff.lib</file>
         <name>flash.obj</name>
      </input_file>
      <input_file id="fl-20">
         <path>C:\ME461jl\ME461\C2000Ware_3_02_00_00_F28379D\driverlib\f2837xd\driverlib\ccs\Debug\</path>
         <kind>archive</kind>
         <file>driverlib_coff.lib</file>
         <name>sysctl.obj</name>
      </input_file>
      <input_file id="fl-2c">
         <path>C:\ti\ccs1010\ccs\tools\compiler\ti-cgt-c2000_20.2.2.LTS\lib\</path>
         <kind>archive</kind>
         <file>rts2800_fpu32.lib</file>
         <name>vsprintf.c.obj</name>
      </input_file>
      <input_file id="fl-2d">
         <path>C:\ti\ccs1010\ccs\tools\compiler\ti-cgt-c2000_20.2.2.LTS\lib\</path>
         <kind>archive</kind>
         <file>rts2800_fpu32.lib</file>
         <name>s_cosf.c.obj</name>
      </input_file>
      <input_file id="fl-2e">
         <path>C:\ti\ccs1010\ccs\tools\compiler\ti-cgt-c2000_20.2.2.LTS\lib\</path>
         <kind>archive</kind>
         <file>rts2800_fpu32.lib</file>
         <name>s_sinf.c.obj</name>
      </input_file>
      <input_file id="fl-2f">
         <path>C:\ti\ccs1010\ccs\tools\compiler\ti-cgt-c2000_20.2.2.LTS\lib\</path>
         <kind>archive</kind>
         <file>rts2800_fpu32.lib</file>
         <name>boot28.asm.obj</name>
      </input_file>
      <input_file id="fl-30">
         <path>C:\ti\ccs1010\ccs\tools\compiler\ti-cgt-c2000_20.2.2.LTS\lib\</path>
         <kind>archive</kind>
         <file>rts2800_fpu32.lib</file>
         <name>fs_div28.asm.obj</name>
      </input_file>
      <input_file id="fl-31">
         <path>C:\ti\ccs1010\ccs\tools\compiler\ti-cgt-c2000_20.2.2.LTS\lib\</path>
         <kind>archive</kind>
         <file>rts2800_fpu32.lib</file>
         <name>u_div28.asm.obj</name>
      </input_file>
      <input_file id="fl-32">
         <path>C:\ti\ccs1010\ccs\tools\compiler\ti-cgt-c2000_20.2.2.LTS\lib\</path>
         <kind>archive</kind>
         <file>rts2800_fpu32.lib</file>
         <name>l_div28.asm.obj</name>
      </input_file>
      <input_file id="fl-33">
         <path>C:\ti\ccs1010\ccs\tools\compiler\ti-cgt-c2000_20.2.2.LTS\lib\</path>
         <kind>archive</kind>
         <file>rts2800_fpu32.lib</file>
         <name>cpy_tbl.c.obj</name>
      </input_file>
      <input_file id="fl-34">
         <path>C:\ti\ccs1010\ccs\tools\compiler\ti-cgt-c2000_20.2.2.LTS\lib\</path>
         <kind>archive</kind>
         <file>rts2800_fpu32.lib</file>
         <name>memcpy.c.obj</name>
      </input_file>
      <input_file id="fl-35">
         <path>C:\ti\ccs1010\ccs\tools\compiler\ti-cgt-c2000_20.2.2.LTS\lib\</path>
         <kind>archive</kind>
         <file>rts2800_fpu32.lib</file>
         <name>pre_init.c.obj</name>
      </input_file>
      <input_file id="fl-36">
         <path>C:\ti\ccs1010\ccs\tools\compiler\ti-cgt-c2000_20.2.2.LTS\lib\</path>
         <kind>archive</kind>
         <file>rts2800_fpu32.lib</file>
         <name>startup.c.obj</name>
      </input_file>
      <input_file id="fl-37">
         <path>C:\ti\ccs1010\ccs\tools\compiler\ti-cgt-c2000_20.2.2.LTS\lib\</path>
         <kind>archive</kind>
         <file>rts2800_fpu32.lib</file>
         <name>exit.c.obj</name>
      </input_file>
      <input_file id="fl-38">
         <path>C:\ti\ccs1010\ccs\tools\compiler\ti-cgt-c2000_20.2.2.LTS\lib\</path>
         <kind>archive</kind>
         <file>rts2800_fpu32.lib</file>
         <name>_lock.c.obj</name>
      </input_file>
      <input_file id="fl-39">
         <path>C:\ti\ccs1010\ccs\tools\compiler\ti-cgt-c2000_20.2.2.LTS\lib\</path>
         <kind>archive</kind>
         <file>rts2800_fpu32.lib</file>
         <name>args_main.c.obj</name>
      </input_file>
      <input_file id="fl-3a">
         <path>C:\ti\ccs1010\ccs\tools\compiler\ti-cgt-c2000_20.2.2.LTS\lib\</path>
         <kind>archive</kind>
         <file>rts2800_fpu32.lib</file>
         <name>strcpy.c.obj</name>
      </input_file>
      <input_file id="fl-3b">
         <path>C:\ti\ccs1010\ccs\tools\compiler\ti-cgt-c2000_20.2.2.LTS\lib\</path>
         <kind>archive</kind>
         <file>rts2800_fpu32.lib</file>
         <name>strlen.c.obj</name>
      </input_file>
      <input_file id="fl-3c">
         <path>C:\ti\ccs1010\ccs\tools\compiler\ti-cgt-c2000_20.2.2.LTS\lib\</path>
         <kind>archive</kind>
         <file>rts2800_fpu32.lib</file>
         <name>strtol.c.obj</name>
      </input_file>
      <input_file id="fl-3d">
         <path>C:\ti\ccs1010\ccs\tools\compiler\ti-cgt-c2000_20.2.2.LTS\lib\</path>
         <kind>archive</kind>
         <file>rts2800_fpu32.lib</file>
         <name>errno.c.obj</name>
      </input_file>
      <input_file id="fl-3e">
         <path>C:\ti\ccs1010\ccs\tools\compiler\ti-cgt-c2000_20.2.2.LTS\lib\</path>
         <kind>archive</kind>
         <file>rts2800_fpu32.lib</file>
         <name>_printfi.c.obj</name>
      </input_file>
      <input_file id="fl-3f">
         <path>C:\ti\ccs1010\ccs\tools\compiler\ti-cgt-c2000_20.2.2.LTS\lib\</path>
         <kind>archive</kind>
         <file>rts2800_fpu32.lib</file>
         <name>fd_cmp28.asm.obj</name>
      </input_file>
      <input_file id="fl-40">
         <path>C:\ti\ccs1010\ccs\tools\compiler\ti-cgt-c2000_20.2.2.LTS\lib\</path>
         <kind>archive</kind>
         <file>rts2800_fpu32.lib</file>
         <name>fd_mpy28.asm.obj</name>
      </input_file>
      <input_file id="fl-41">
         <path>C:\ti\ccs1010\ccs\tools\compiler\ti-cgt-c2000_20.2.2.LTS\lib\</path>
         <kind>archive</kind>
         <file>rts2800_fpu32.lib</file>
         <name>fd_neg28.asm.obj</name>
      </input_file>
      <input_file id="fl-42">
         <path>C:\ti\ccs1010\ccs\tools\compiler\ti-cgt-c2000_20.2.2.LTS\lib\</path>
         <kind>archive</kind>
         <file>rts2800_fpu32.lib</file>
         <name>fd_sub28.asm.obj</name>
      </input_file>
      <input_file id="fl-43">
         <path>C:\ti\ccs1010\ccs\tools\compiler\ti-cgt-c2000_20.2.2.LTS\lib\</path>
         <kind>archive</kind>
         <file>rts2800_fpu32.lib</file>
         <name>fd_toi28.asm.obj</name>
      </input_file>
      <input_file id="fl-44">
         <path>C:\ti\ccs1010\ccs\tools\compiler\ti-cgt-c2000_20.2.2.LTS\lib\</path>
         <kind>archive</kind>
         <file>rts2800_fpu32.lib</file>
         <name>fd_tol28.asm.obj</name>
      </input_file>
      <input_file id="fl-45">
         <path>C:\ti\ccs1010\ccs\tools\compiler\ti-cgt-c2000_20.2.2.LTS\lib\</path>
         <kind>archive</kind>
         <file>rts2800_fpu32.lib</file>
         <name>ll_aox28.asm.obj</name>
      </input_file>
      <input_file id="fl-46">
         <path>C:\ti\ccs1010\ccs\tools\compiler\ti-cgt-c2000_20.2.2.LTS\lib\</path>
         <kind>archive</kind>
         <file>rts2800_fpu32.lib</file>
         <name>ll_cmp28.asm.obj</name>
      </input_file>
      <input_file id="fl-47">
         <path>C:\ti\ccs1010\ccs\tools\compiler\ti-cgt-c2000_20.2.2.LTS\lib\</path>
         <kind>archive</kind>
         <file>rts2800_fpu32.lib</file>
         <name>ll_div28.asm.obj</name>
      </input_file>
      <input_file id="fl-48">
         <path>C:\ti\ccs1010\ccs\tools\compiler\ti-cgt-c2000_20.2.2.LTS\lib\</path>
         <kind>archive</kind>
         <file>rts2800_fpu32.lib</file>
         <name>i_tofd28.asm.obj</name>
      </input_file>
      <input_file id="fl-49">
         <path>C:\ti\ccs1010\ccs\tools\compiler\ti-cgt-c2000_20.2.2.LTS\lib\</path>
         <kind>archive</kind>
         <file>rts2800_fpu32.lib</file>
         <name>l_tofd28.asm.obj</name>
      </input_file>
      <input_file id="fl-4a">
         <path>C:\ti\ccs1010\ccs\tools\compiler\ti-cgt-c2000_20.2.2.LTS\lib\</path>
         <kind>archive</kind>
         <file>rts2800_fpu32.lib</file>
         <name>fs_tofdfpu32.asm.obj</name>
      </input_file>
      <input_file id="fl-4b">
         <path>C:\ti\ccs1010\ccs\tools\compiler\ti-cgt-c2000_20.2.2.LTS\lib\</path>
         <kind>archive</kind>
         <file>rts2800_fpu32.lib</file>
         <name>fd_div28.asm.obj</name>
      </input_file>
      <input_file id="fl-4c">
         <path>C:\ti\ccs1010\ccs\tools\compiler\ti-cgt-c2000_20.2.2.LTS\lib\</path>
         <kind>archive</kind>
         <file>rts2800_fpu32.lib</file>
         <name>_ltoa.c.obj</name>
      </input_file>
      <input_file id="fl-4d">
         <path>C:\ti\ccs1010\ccs\tools\compiler\ti-cgt-c2000_20.2.2.LTS\lib\</path>
         <kind>archive</kind>
         <file>rts2800_fpu32.lib</file>
         <name>atoi.c.obj</name>
      </input_file>
      <input_file id="fl-4e">
         <path>C:\ti\ccs1010\ccs\tools\compiler\ti-cgt-c2000_20.2.2.LTS\lib\</path>
         <kind>archive</kind>
         <file>rts2800_fpu32.lib</file>
         <name>ctype.c.obj</name>
      </input_file>
      <input_file id="fl-4f">
         <path>C:\ti\ccs1010\ccs\tools\compiler\ti-cgt-c2000_20.2.2.LTS\lib\</path>
         <kind>archive</kind>
         <file>rts2800_fpu32.lib</file>
         <name>memccpy.c.obj</name>
      </input_file>
      <input_file id="fl-50">
         <path>C:\ti\ccs1010\ccs\tools\compiler\ti-cgt-c2000_20.2.2.LTS\lib\</path>
         <kind>archive</kind>
         <file>rts2800_fpu32.lib</file>
         <name>memset.c.obj</name>
      </input_file>
      <input_file id="fl-51">
         <path>C:\ti\ccs1010\ccs\tools\compiler\ti-cgt-c2000_20.2.2.LTS\lib\</path>
         <kind>archive</kind>
         <file>rts2800_fpu32.lib</file>
         <name>strchr.c.obj</name>
      </input_file>
      <input_file id="fl-52">
         <path>C:\ti\ccs1010\ccs\tools\compiler\ti-cgt-c2000_20.2.2.LTS\lib\</path>
         <kind>archive</kind>
         <file>rts2800_fpu32.lib</file>
         <name>s_frexp.c.obj</name>
      </input_file>
      <input_file id="fl-53">
         <path>C:\ti\ccs1010\ccs\tools\compiler\ti-cgt-c2000_20.2.2.LTS\lib\</path>
         <kind>archive</kind>
         <file>rts2800_fpu32.lib</file>
         <name>s_scalbn.c.obj</name>
      </input_file>
      <input_file id="fl-54">
         <path>C:\ti\ccs1010\ccs\tools\compiler\ti-cgt-c2000_20.2.2.LTS\lib\</path>
         <kind>archive</kind>
         <file>rts2800_fpu32.lib</file>
         <name>wcslen.c.obj</name>
      </input_file>
      <input_file id="fl-55">
         <path>C:\ti\ccs1010\ccs\tools\compiler\ti-cgt-c2000_20.2.2.LTS\lib\</path>
         <kind>archive</kind>
         <file>rts2800_fpu32.lib</file>
         <name>s_copysign.c.obj</name>
      </input_file>
      <input_file id="fl-56">
         <path>C:\ti\ccs1010\ccs\tools\compiler\ti-cgt-c2000_20.2.2.LTS\lib\</path>
         <kind>archive</kind>
         <file>rts2800_fpu32.lib</file>
         <name>fd_add28.asm.obj</name>
      </input_file>
   </input_file_list>
   <object_component_list>
      <object_component id="oc-236">
         <name>.cinit:_songarray</name>
         <load_address>0x832e0</load_address>
         <run_address>0x832e0</run_address>
         <size>0x207</size>
         <input_file_ref idref="fl-10"/>
      </object_component>
      <object_component id="oc-12e">
         <name>.cinit</name>
         <load_address>0x834e7</load_address>
         <run_address>0x834e7</run_address>
         <size>0x1d3</size>
         <input_file_ref idref="fl-10"/>
      </object_component>
      <object_component id="oc-24c">
         <name>.cinit:_LED_A</name>
         <load_address>0x836ba</load_address>
         <run_address>0x836ba</run_address>
         <size>0x12</size>
         <input_file_ref idref="fl-f"/>
      </object_component>
      <object_component id="oc-24a">
         <name>.cinit:_LED_BLANK</name>
         <load_address>0x836cc</load_address>
         <run_address>0x836cc</run_address>
         <size>0x12</size>
         <input_file_ref idref="fl-f"/>
      </object_component>
      <object_component id="oc-24e">
         <name>.cinit:_LED_D</name>
         <load_address>0x836de</load_address>
         <run_address>0x836de</run_address>
         <size>0x12</size>
         <input_file_ref idref="fl-f"/>
      </object_component>
      <object_component id="oc-254">
         <name>.cinit:_LED_E</name>
         <load_address>0x836f0</load_address>
         <run_address>0x836f0</run_address>
         <size>0x12</size>
         <input_file_ref idref="fl-f"/>
      </object_component>
      <object_component id="oc-246">
         <name>.cinit:_LED_I</name>
         <load_address>0x83702</load_address>
         <run_address>0x83702</run_address>
         <size>0x12</size>
         <input_file_ref idref="fl-f"/>
      </object_component>
      <object_component id="oc-23e">
         <name>.cinit:_LED_J</name>
         <load_address>0x83714</load_address>
         <run_address>0x83714</run_address>
         <size>0x12</size>
         <input_file_ref idref="fl-f"/>
      </object_component>
      <object_component id="oc-252">
         <name>.cinit:_LED_K</name>
         <load_address>0x83726</load_address>
         <run_address>0x83726</run_address>
         <size>0x12</size>
         <input_file_ref idref="fl-f"/>
      </object_component>
      <object_component id="oc-250">
         <name>.cinit:_LED_L</name>
         <load_address>0x83738</load_address>
         <run_address>0x83738</run_address>
         <size>0x12</size>
         <input_file_ref idref="fl-f"/>
      </object_component>
      <object_component id="oc-248">
         <name>.cinit:_LED_N</name>
         <load_address>0x8374a</load_address>
         <run_address>0x8374a</run_address>
         <size>0x12</size>
         <input_file_ref idref="fl-f"/>
      </object_component>
      <object_component id="oc-242">
         <name>.cinit:_LED_S</name>
         <load_address>0x8375c</load_address>
         <run_address>0x8375c</run_address>
         <size>0x12</size>
         <input_file_ref idref="fl-f"/>
      </object_component>
      <object_component id="oc-244">
         <name>.cinit:_LED_T</name>
         <load_address>0x8376e</load_address>
         <run_address>0x8376e</run_address>
         <size>0x12</size>
         <input_file_ref idref="fl-f"/>
      </object_component>
      <object_component id="oc-240">
         <name>.cinit:_LED_U</name>
         <load_address>0x83780</load_address>
         <run_address>0x83780</run_address>
         <size>0x12</size>
         <input_file_ref idref="fl-f"/>
      </object_component>
      <object_component id="oc-137">
         <name>.cinit</name>
         <load_address>0x83792</load_address>
         <run_address>0x83792</run_address>
         <size>0xf</size>
         <input_file_ref idref="fl-11"/>
      </object_component>
      <object_component id="oc-184">
         <name>.cinit</name>
         <load_address>0x837a1</load_address>
         <run_address>0x837a1</run_address>
         <size>0xe</size>
         <input_file_ref idref="fl-37"/>
      </object_component>
      <object_component id="oc-239">
         <name>.cinit:__lock</name>
         <load_address>0x837af</load_address>
         <run_address>0x837af</run_address>
         <size>0x5</size>
         <input_file_ref idref="fl-38"/>
      </object_component>
      <object_component id="oc-25e">
         <name>.cinit:__unlock</name>
         <load_address>0x837b4</load_address>
         <run_address>0x837b4</run_address>
         <size>0x5</size>
         <input_file_ref idref="fl-38"/>
      </object_component>
      <object_component id="oc-1a4">
         <name>.cinit</name>
         <load_address>0x837b9</load_address>
         <run_address>0x837b9</run_address>
         <size>0x4</size>
         <input_file_ref idref="fl-3d"/>
      </object_component>
      <object_component id="oc-25f">
         <name>.text</name>
         <load_address>0x80008</load_address>
         <run_address>0x80008</run_address>
         <size>0xce4</size>
         <input_file_ref idref="fl-3e"/>
      </object_component>
      <object_component id="oc-22d">
         <name>.text</name>
         <load_address>0x80cec</load_address>
         <run_address>0x80cec</run_address>
         <size>0x874</size>
         <input_file_ref idref="fl-10"/>
      </object_component>
      <object_component id="oc-9d">
         <name>.text:retain</name>
         <load_address>0x81560</load_address>
         <run_address>0x81560</run_address>
         <size>0x585</size>
         <input_file_ref idref="fl-6"/>
      </object_component>
      <object_component id="oc-255">
         <name>.text</name>
         <load_address>0x81ae5</load_address>
         <run_address>0x81ae5</run_address>
         <size>0x4b4</size>
         <input_file_ref idref="fl-d"/>
      </object_component>
      <object_component id="oc-232">
         <name>.text</name>
         <load_address>0x81f99</load_address>
         <run_address>0x81f99</run_address>
         <size>0x63</size>
         <input_file_ref idref="fl-2d"/>
      </object_component>
      <object_component id="oc-225">
         <name>.text</name>
         <load_address>0x81ffc</load_address>
         <run_address>0x81ffc</run_address>
         <size>0x2</size>
         <input_file_ref idref="fl-35"/>
      </object_component>
      <object_component id="oc-227">
         <name>.text</name>
         <load_address>0x81ffe</load_address>
         <run_address>0x81ffe</run_address>
         <size>0x1</size>
         <input_file_ref idref="fl-36"/>
      </object_component>
      <object_component id="oc-130">
         <name>.text:retain</name>
         <load_address>0x82000</load_address>
         <run_address>0x82000</run_address>
         <size>0x436</size>
         <input_file_ref idref="fl-10"/>
      </object_component>
      <object_component id="oc-234">
         <name>.text</name>
         <load_address>0x82436</load_address>
         <run_address>0x82436</run_address>
         <size>0x244</size>
         <input_file_ref idref="fl-9"/>
      </object_component>
      <object_component id="oc-22b">
         <name>.text</name>
         <load_address>0x8267a</load_address>
         <run_address>0x8267a</run_address>
         <size>0x222</size>
         <input_file_ref idref="fl-2"/>
      </object_component>
      <object_component id="oc-1d6">
         <name>.text</name>
         <load_address>0x8289c</load_address>
         <run_address>0x8289c</run_address>
         <size>0x107</size>
         <input_file_ref idref="fl-47"/>
      </object_component>
      <object_component id="oc-22c">
         <name>.text</name>
         <load_address>0x829a3</load_address>
         <run_address>0x829a3</run_address>
         <size>0xfb</size>
         <input_file_ref idref="fl-f"/>
      </object_component>
      <object_component id="oc-25b">
         <name>.text</name>
         <load_address>0x82a9e</load_address>
         <run_address>0x82a9e</run_address>
         <size>0xd3</size>
         <input_file_ref idref="fl-3c"/>
      </object_component>
      <object_component id="oc-267">
         <name>.text</name>
         <load_address>0x82b71</load_address>
         <run_address>0x82b71</run_address>
         <size>0xae</size>
         <input_file_ref idref="fl-53"/>
      </object_component>
      <object_component id="oc-220">
         <name>.text</name>
         <load_address>0x82c1f</load_address>
         <run_address>0x82c1f</run_address>
         <size>0x9c</size>
         <input_file_ref idref="fl-56"/>
      </object_component>
      <object_component id="oc-1ea">
         <name>.text</name>
         <load_address>0x82cbb</load_address>
         <run_address>0x82cbb</run_address>
         <size>0x8b</size>
         <input_file_ref idref="fl-4b"/>
      </object_component>
      <object_component id="oc-160">
         <name>.text</name>
         <load_address>0x82d46</load_address>
         <run_address>0x82d46</run_address>
         <size>0x88</size>
         <input_file_ref idref="fl-30"/>
      </object_component>
      <object_component id="oc-1b3">
         <name>.text</name>
         <load_address>0x82dce</load_address>
         <run_address>0x82dce</run_address>
         <size>0x83</size>
         <input_file_ref idref="fl-40"/>
      </object_component>
      <object_component id="oc-258">
         <name>.text</name>
         <load_address>0x82e51</load_address>
         <run_address>0x82e51</run_address>
         <size>0x7c</size>
         <input_file_ref idref="fl-5"/>
      </object_component>
      <object_component id="oc-266">
         <name>.text</name>
         <load_address>0x82ecd</load_address>
         <run_address>0x82ecd</run_address>
         <size>0x5a</size>
         <input_file_ref idref="fl-52"/>
      </object_component>
      <object_component id="oc-233">
         <name>.text</name>
         <load_address>0x82f27</load_address>
         <run_address>0x82f27</run_address>
         <size>0x59</size>
         <input_file_ref idref="fl-2e"/>
      </object_component>
      <object_component id="oc-84">
         <name>.text</name>
         <load_address>0x82f80</load_address>
         <run_address>0x82f80</run_address>
         <size>0x56</size>
         <input_file_ref idref="fl-2f"/>
      </object_component>
      <object_component id="oc-264">
         <name>.text</name>
         <load_address>0x82fd6</load_address>
         <run_address>0x82fd6</run_address>
         <size>0x31</size>
         <input_file_ref idref="fl-4d"/>
      </object_component>
      <object_component id="oc-265">
         <name>.text</name>
         <load_address>0x83007</load_address>
         <run_address>0x83007</run_address>
         <size>0x30</size>
         <input_file_ref idref="fl-4c"/>
      </object_component>
      <object_component id="oc-23b">
         <name>.text</name>
         <load_address>0x83037</load_address>
         <run_address>0x83037</run_address>
         <size>0x30</size>
         <input_file_ref idref="fl-2c"/>
      </object_component>
      <object_component id="oc-1ae">
         <name>.text</name>
         <load_address>0x83067</load_address>
         <run_address>0x83067</run_address>
         <size>0x2a</size>
         <input_file_ref idref="fl-3f"/>
      </object_component>
      <object_component id="oc-16a">
         <name>.text</name>
         <load_address>0x83091</load_address>
         <run_address>0x83091</run_address>
         <size>0x2a</size>
         <input_file_ref idref="fl-32"/>
      </object_component>
      <object_component id="oc-229">
         <name>.text</name>
         <load_address>0x830bb</load_address>
         <run_address>0x830bb</run_address>
         <size>0x29</size>
         <input_file_ref idref="fl-37"/>
      </object_component>
      <object_component id="oc-256">
         <name>.text</name>
         <load_address>0x830e4</load_address>
         <run_address>0x830e4</run_address>
         <size>0x28</size>
         <input_file_ref idref="fl-a"/>
      </object_component>
      <object_component id="oc-257">
         <name>.text</name>
         <load_address>0x8310c</load_address>
         <run_address>0x8310c</run_address>
         <size>0x26</size>
         <input_file_ref idref="fl-b"/>
      </object_component>
      <object_component id="oc-26c">
         <name>.text</name>
         <load_address>0x83132</load_address>
         <run_address>0x83132</run_address>
         <size>0x25</size>
         <input_file_ref idref="fl-55"/>
      </object_component>
      <object_component id="oc-226">
         <name>.text</name>
         <load_address>0x83157</load_address>
         <run_address>0x83157</run_address>
         <size>0x24</size>
         <input_file_ref idref="fl-33"/>
      </object_component>
      <object_component id="oc-1c2">
         <name>.text</name>
         <load_address>0x8317b</load_address>
         <run_address>0x8317b</run_address>
         <size>0x21</size>
         <input_file_ref idref="fl-43"/>
      </object_component>
      <object_component id="oc-1c7">
         <name>.text</name>
         <load_address>0x8319c</load_address>
         <run_address>0x8319c</run_address>
         <size>0x1f</size>
         <input_file_ref idref="fl-44"/>
      </object_component>
      <object_component id="oc-1d1">
         <name>.text</name>
         <load_address>0x831bb</load_address>
         <run_address>0x831bb</run_address>
         <size>0x1e</size>
         <input_file_ref idref="fl-46"/>
      </object_component>
      <object_component id="oc-1db">
         <name>.text</name>
         <load_address>0x831d9</load_address>
         <run_address>0x831d9</run_address>
         <size>0x1d</size>
         <input_file_ref idref="fl-48"/>
      </object_component>
      <object_component id="oc-237">
         <name>.text</name>
         <load_address>0x831f6</load_address>
         <run_address>0x831f6</run_address>
         <size>0x1d</size>
         <input_file_ref idref="fl-34"/>
      </object_component>
      <object_component id="oc-1e5">
         <name>.text</name>
         <load_address>0x83213</load_address>
         <run_address>0x83213</run_address>
         <size>0x1c</size>
         <input_file_ref idref="fl-4a"/>
      </object_component>
      <object_component id="oc-1e0">
         <name>.text</name>
         <load_address>0x8322f</load_address>
         <run_address>0x8322f</run_address>
         <size>0x1c</size>
         <input_file_ref idref="fl-49"/>
      </object_component>
      <object_component id="oc-1cc">
         <name>.text</name>
         <load_address>0x8324b</load_address>
         <run_address>0x8324b</run_address>
         <size>0x18</size>
         <input_file_ref idref="fl-45"/>
      </object_component>
      <object_component id="oc-228">
         <name>.text</name>
         <load_address>0x83263</load_address>
         <run_address>0x83263</run_address>
         <size>0x12</size>
         <input_file_ref idref="fl-39"/>
      </object_component>
      <object_component id="oc-26a">
         <name>.text</name>
         <load_address>0x83275</load_address>
         <run_address>0x83275</run_address>
         <size>0x10</size>
         <input_file_ref idref="fl-4f"/>
      </object_component>
      <object_component id="oc-1bd">
         <name>.text</name>
         <load_address>0x83285</load_address>
         <run_address>0x83285</run_address>
         <size>0xe</size>
         <input_file_ref idref="fl-42"/>
      </object_component>
      <object_component id="oc-268">
         <name>.text</name>
         <load_address>0x83293</load_address>
         <run_address>0x83293</run_address>
         <size>0xc</size>
         <input_file_ref idref="fl-51"/>
      </object_component>
      <object_component id="oc-165">
         <name>.text</name>
         <load_address>0x8329f</load_address>
         <run_address>0x8329f</run_address>
         <size>0xb</size>
         <input_file_ref idref="fl-31"/>
      </object_component>
      <object_component id="oc-25d">
         <name>.text</name>
         <load_address>0x832aa</load_address>
         <run_address>0x832aa</run_address>
         <size>0x9</size>
         <input_file_ref idref="fl-38"/>
      </object_component>
      <object_component id="oc-1b8">
         <name>.text</name>
         <load_address>0x832b3</load_address>
         <run_address>0x832b3</run_address>
         <size>0x9</size>
         <input_file_ref idref="fl-41"/>
      </object_component>
      <object_component id="oc-26b">
         <name>.text</name>
         <load_address>0x832bc</load_address>
         <run_address>0x832bc</run_address>
         <size>0x9</size>
         <input_file_ref idref="fl-54"/>
      </object_component>
      <object_component id="oc-23c">
         <name>.text</name>
         <load_address>0x832c5</load_address>
         <run_address>0x832c5</run_address>
         <size>0x8</size>
         <input_file_ref idref="fl-3b"/>
      </object_component>
      <object_component id="oc-269">
         <name>.text</name>
         <load_address>0x832cd</load_address>
         <run_address>0x832cd</run_address>
         <size>0x7</size>
         <input_file_ref idref="fl-50"/>
      </object_component>
      <object_component id="oc-25a">
         <name>.text</name>
         <load_address>0x832d4</load_address>
         <run_address>0x832d4</run_address>
         <size>0x5</size>
         <input_file_ref idref="fl-3a"/>
      </object_component>
      <object_component id="oc-91">
         <name>codestart</name>
         <load_address>0x80000</load_address>
         <run_address>0x80000</run_address>
         <size>0x2</size>
         <input_file_ref idref="fl-4"/>
      </object_component>
      <object_component id="oc-15a">
         <name>.stack</name>
         <uninitialized>true</uninitialized>
         <run_address>0xb000</run_address>
         <size>0x0</size>
         <input_file_ref idref="fl-2f"/>
      </object_component>
      <object_component id="oc-2f6">
         <name>.stack</name>
         <uninitialized>true</uninitialized>
         <run_address>0xb000</run_address>
         <size>0x0</size>
      </object_component>
      <object_component id="oc-15b">
         <name>.reset</name>
         <load_address>0x3fffc0</load_address>
         <run_address>0x3fffc0</run_address>
         <size>0x2</size>
         <input_file_ref idref="fl-2f"/>
      </object_component>
      <object_component id="oc-86">
         <name>.ebss</name>
         <uninitialized>true</uninitialized>
         <run_address>0xc000</run_address>
         <size>0x210</size>
         <input_file_ref idref="fl-2"/>
      </object_component>
      <object_component id="oc-97">
         <name>.ebss</name>
         <uninitialized>true</uninitialized>
         <run_address>0xc210</run_address>
         <size>0x18</size>
         <input_file_ref idref="fl-5"/>
      </object_component>
      <object_component id="oc-24b">
         <name>.ebss:_LED_A</name>
         <uninitialized>true</uninitialized>
         <run_address>0xc228</run_address>
         <size>0xf</size>
         <input_file_ref idref="fl-f"/>
      </object_component>
      <object_component id="oc-230">
         <name>.ebss:_area</name>
         <uninitialized>true</uninitialized>
         <run_address>0xc237</run_address>
         <size>0x7</size>
         <input_file_ref idref="fl-10"/>
      </object_component>
      <object_component id="oc-238">
         <name>.ebss:__lock</name>
         <uninitialized>true</uninitialized>
         <run_address>0xc23e</run_address>
         <size>0x2</size>
         <input_file_ref idref="fl-38"/>
      </object_component>
      <object_component id="oc-235">
         <name>.ebss:_songarray</name>
         <uninitialized>true</uninitialized>
         <run_address>0xc240</run_address>
         <size>0x204</size>
         <input_file_ref idref="fl-10"/>
      </object_component>
      <object_component id="oc-249">
         <name>.ebss:_LED_BLANK</name>
         <uninitialized>true</uninitialized>
         <run_address>0xc444</run_address>
         <size>0xf</size>
         <input_file_ref idref="fl-f"/>
      </object_component>
      <object_component id="oc-24d">
         <name>.ebss:_LED_D</name>
         <uninitialized>true</uninitialized>
         <run_address>0xc453</run_address>
         <size>0xf</size>
         <input_file_ref idref="fl-f"/>
      </object_component>
      <object_component id="oc-253">
         <name>.ebss:_LED_E</name>
         <uninitialized>true</uninitialized>
         <run_address>0xc462</run_address>
         <size>0xf</size>
         <input_file_ref idref="fl-f"/>
      </object_component>
      <object_component id="oc-245">
         <name>.ebss:_LED_I</name>
         <uninitialized>true</uninitialized>
         <run_address>0xc471</run_address>
         <size>0xf</size>
         <input_file_ref idref="fl-f"/>
      </object_component>
      <object_component id="oc-12f">
         <name>.ebss</name>
         <uninitialized>true</uninitialized>
         <run_address>0xc480</run_address>
         <size>0x96</size>
         <input_file_ref idref="fl-10"/>
      </object_component>
      <object_component id="oc-23d">
         <name>.ebss:_LED_J</name>
         <uninitialized>true</uninitialized>
         <run_address>0xc516</run_address>
         <size>0xf</size>
         <input_file_ref idref="fl-f"/>
      </object_component>
      <object_component id="oc-251">
         <name>.ebss:_LED_K</name>
         <uninitialized>true</uninitialized>
         <run_address>0xc525</run_address>
         <size>0xf</size>
         <input_file_ref idref="fl-f"/>
      </object_component>
      <object_component id="oc-259">
         <name>.ebss:_str</name>
         <uninitialized>true</uninitialized>
         <run_address>0xc534</run_address>
         <size>0xb</size>
         <input_file_ref idref="fl-10"/>
      </object_component>
      <object_component id="oc-1a5">
         <name>.ebss</name>
         <uninitialized>true</uninitialized>
         <run_address>0xc53f</run_address>
         <size>0x1</size>
         <input_file_ref idref="fl-3d"/>
      </object_component>
      <object_component id="oc-23a">
         <name>.ebss:_serial_printf_buf</name>
         <uninitialized>true</uninitialized>
         <run_address>0xc540</run_address>
         <size>0x88</size>
         <input_file_ref idref="fl-2"/>
      </object_component>
      <object_component id="oc-24f">
         <name>.ebss:_LED_L</name>
         <uninitialized>true</uninitialized>
         <run_address>0xc5c8</run_address>
         <size>0xf</size>
         <input_file_ref idref="fl-f"/>
      </object_component>
      <object_component id="oc-247">
         <name>.ebss:_LED_N</name>
         <uninitialized>true</uninitialized>
         <run_address>0xc5d7</run_address>
         <size>0xf</size>
         <input_file_ref idref="fl-f"/>
      </object_component>
      <object_component id="oc-241">
         <name>.ebss:_LED_S</name>
         <uninitialized>true</uninitialized>
         <run_address>0xc5e6</run_address>
         <size>0xf</size>
         <input_file_ref idref="fl-f"/>
      </object_component>
      <object_component id="oc-22e">
         <name>.ebss:_blockHeight</name>
         <uninitialized>true</uninitialized>
         <run_address>0xc5f5</run_address>
         <size>0x7</size>
         <input_file_ref idref="fl-10"/>
      </object_component>
      <object_component id="oc-263">
         <name>.ebss:__unlock</name>
         <uninitialized>true</uninitialized>
         <run_address>0xc5fc</run_address>
         <size>0x2</size>
         <input_file_ref idref="fl-38"/>
      </object_component>
      <object_component id="oc-243">
         <name>.ebss:_LED_T</name>
         <uninitialized>true</uninitialized>
         <run_address>0xc600</run_address>
         <size>0xf</size>
         <input_file_ref idref="fl-f"/>
      </object_component>
      <object_component id="oc-23f">
         <name>.ebss:_LED_U</name>
         <uninitialized>true</uninitialized>
         <run_address>0xc60f</run_address>
         <size>0xf</size>
         <input_file_ref idref="fl-f"/>
      </object_component>
      <object_component id="oc-22f">
         <name>.ebss:_blockWidth</name>
         <uninitialized>true</uninitialized>
         <run_address>0xc61e</run_address>
         <size>0x7</size>
         <input_file_ref idref="fl-10"/>
      </object_component>
      <object_component id="oc-231">
         <name>.ebss:_blockX</name>
         <uninitialized>true</uninitialized>
         <run_address>0xc625</run_address>
         <size>0x7</size>
         <input_file_ref idref="fl-10"/>
      </object_component>
      <object_component id="oc-25c">
         <name>.ebss:_blockY</name>
         <uninitialized>true</uninitialized>
         <run_address>0xc62c</run_address>
         <size>0x7</size>
         <input_file_ref idref="fl-10"/>
      </object_component>
      <object_component id="oc-138">
         <name>.ebss</name>
         <uninitialized>true</uninitialized>
         <run_address>0xc634</run_address>
         <size>0x6</size>
         <input_file_ref idref="fl-11"/>
      </object_component>
      <object_component id="oc-185">
         <name>.ebss</name>
         <uninitialized>true</uninitialized>
         <run_address>0xc63a</run_address>
         <size>0x6</size>
         <input_file_ref idref="fl-37"/>
      </object_component>
      <object_component id="oc-261">
         <name>.econst:_PieVectTableInit</name>
         <load_address>0x837c0</load_address>
         <run_address>0x837c0</run_address>
         <size>0x1c0</size>
         <input_file_ref idref="fl-b"/>
      </object_component>
      <object_component id="oc-262">
         <name>.econst:.string:__ctypes_</name>
         <load_address>0x83980</load_address>
         <run_address>0x83980</run_address>
         <size>0x101</size>
         <input_file_ref idref="fl-4e"/>
      </object_component>
      <object_component id="oc-13f">
         <name>.econst:.string</name>
         <load_address>0x83a82</load_address>
         <run_address>0x83a82</run_address>
         <size>0xbf</size>
         <input_file_ref idref="fl-1f"/>
      </object_component>
      <object_component id="oc-146">
         <name>.econst:.string</name>
         <load_address>0x83b42</load_address>
         <run_address>0x83b42</run_address>
         <size>0x60</size>
         <input_file_ref idref="fl-20"/>
      </object_component>
      <object_component id="oc-131">
         <name>.econst:.string</name>
         <load_address>0x83ba2</load_address>
         <run_address>0x83ba2</run_address>
         <size>0x2b</size>
         <input_file_ref idref="fl-10"/>
      </object_component>
      <object_component id="oc-1a9">
         <name>.econst:.string</name>
         <load_address>0x83bce</load_address>
         <run_address>0x83bce</run_address>
         <size>0x26</size>
         <input_file_ref idref="fl-3e"/>
      </object_component>
      <object_component id="oc-1a8">
         <name>.econst</name>
         <load_address>0x83bf4</load_address>
         <run_address>0x83bf4</run_address>
         <size>0x1c</size>
         <input_file_ref idref="fl-3e"/>
      </object_component>
      <object_component id="oc-211">
         <name>.econst</name>
         <load_address>0x83c10</load_address>
         <run_address>0x83c10</run_address>
         <size>0x1c</size>
         <input_file_ref idref="fl-53"/>
      </object_component>
      <object_component id="oc-139">
         <name>.econst:.string</name>
         <load_address>0x83c2c</load_address>
         <run_address>0x83c2c</run_address>
         <size>0x13</size>
         <input_file_ref idref="fl-11"/>
      </object_component>
      <object_component id="oc-20b">
         <name>.econst</name>
         <load_address>0x83c40</load_address>
         <run_address>0x83c40</run_address>
         <size>0x8</size>
         <input_file_ref idref="fl-52"/>
      </object_component>
      <object_component id="oc-87">
         <name>.TI.ramfunc:retain</name>
         <load_address>0x83c48</load_address>
         <run_address>0x8000</run_address>
         <size>0x1e0</size>
         <input_file_ref idref="fl-2"/>
      </object_component>
      <object_component id="oc-22a">
         <name>.TI.ramfunc</name>
         <load_address>0x83e28</load_address>
         <run_address>0x81e0</run_address>
         <size>0x6c</size>
         <input_file_ref idref="fl-2"/>
      </object_component>
      <object_component id="oc-260">
         <name>.TI.ramfunc</name>
         <load_address>0x83e94</load_address>
         <run_address>0x824c</run_address>
         <size>0x37</size>
         <input_file_ref idref="fl-d"/>
      </object_component>
      <object_component id="oc-123">
         <name>.TI.ramfunc</name>
         <load_address>0x83ecb</load_address>
         <run_address>0x8283</run_address>
         <size>0x4</size>
         <input_file_ref idref="fl-e"/>
      </object_component>
      <object_component id="oc-145">
         <name>.TI.ramfunc</name>
         <load_address>0x83ecf</load_address>
         <run_address>0x8287</run_address>
         <size>0x4</size>
         <input_file_ref idref="fl-20"/>
      </object_component>
      <object_component id="oc-108">
         <name>PieVectTableFile</name>
         <uninitialized>true</uninitialized>
         <run_address>0xd00</run_address>
         <size>0x1c0</size>
         <input_file_ref idref="fl-8"/>
      </object_component>
      <object_component id="oc-a8">
         <name>EmuBModeVar</name>
         <uninitialized>true</uninitialized>
         <run_address>0xd00</run_address>
         <size>0x1</size>
         <input_file_ref idref="fl-8"/>
      </object_component>
      <object_component id="oc-a9">
         <name>EmuBootPinsVar</name>
         <uninitialized>true</uninitialized>
         <run_address>0xd01</run_address>
         <size>0x1</size>
         <input_file_ref idref="fl-8"/>
      </object_component>
      <object_component id="oc-bf">
         <name>AdcaResultFile</name>
         <uninitialized>true</uninitialized>
         <run_address>0xb00</run_address>
         <size>0x18</size>
         <input_file_ref idref="fl-8"/>
      </object_component>
      <object_component id="oc-c0">
         <name>AdcbResultFile</name>
         <uninitialized>true</uninitialized>
         <run_address>0xb20</run_address>
         <size>0x18</size>
         <input_file_ref idref="fl-8"/>
      </object_component>
      <object_component id="oc-c1">
         <name>AdccResultFile</name>
         <uninitialized>true</uninitialized>
         <run_address>0xb40</run_address>
         <size>0x18</size>
         <input_file_ref idref="fl-8"/>
      </object_component>
      <object_component id="oc-c2">
         <name>AdcdResultFile</name>
         <uninitialized>true</uninitialized>
         <run_address>0xb60</run_address>
         <size>0x18</size>
         <input_file_ref idref="fl-8"/>
      </object_component>
      <object_component id="oc-ee">
         <name>AdcaRegsFile</name>
         <uninitialized>true</uninitialized>
         <run_address>0x7400</run_address>
         <size>0x80</size>
         <input_file_ref idref="fl-8"/>
      </object_component>
      <object_component id="oc-ef">
         <name>AdcbRegsFile</name>
         <uninitialized>true</uninitialized>
         <run_address>0x7480</run_address>
         <size>0x80</size>
         <input_file_ref idref="fl-8"/>
      </object_component>
      <object_component id="oc-f0">
         <name>AdccRegsFile</name>
         <uninitialized>true</uninitialized>
         <run_address>0x7500</run_address>
         <size>0x80</size>
         <input_file_ref idref="fl-8"/>
      </object_component>
      <object_component id="oc-f1">
         <name>AdcdRegsFile</name>
         <uninitialized>true</uninitialized>
         <run_address>0x7580</run_address>
         <size>0x80</size>
         <input_file_ref idref="fl-8"/>
      </object_component>
      <object_component id="oc-ea">
         <name>AnalogSubsysRegsFile</name>
         <uninitialized>true</uninitialized>
         <run_address>0x5d180</run_address>
         <size>0x48</size>
         <input_file_ref idref="fl-8"/>
      </object_component>
      <object_component id="oc-104">
         <name>CanaRegsFile</name>
         <uninitialized>true</uninitialized>
         <run_address>0x48000</run_address>
         <size>0x164</size>
         <input_file_ref idref="fl-8"/>
      </object_component>
      <object_component id="oc-105">
         <name>CanbRegsFile</name>
         <uninitialized>true</uninitialized>
         <run_address>0x4a000</run_address>
         <size>0x164</size>
         <input_file_ref idref="fl-8"/>
      </object_component>
      <object_component id="oc-e5">
         <name>Cla1RegsFile</name>
         <uninitialized>true</uninitialized>
         <run_address>0x1400</run_address>
         <size>0x3e</size>
         <input_file_ref idref="fl-8"/>
      </object_component>
      <object_component id="oc-ad">
         <name>Cla1SoftIntRegsFile</name>
         <uninitialized>true</uninitialized>
         <run_address>0xce0</run_address>
         <size>0x4</size>
         <input_file_ref idref="fl-8"/>
      </object_component>
      <object_component id="oc-c5">
         <name>Cmpss1RegsFile</name>
         <uninitialized>true</uninitialized>
         <run_address>0x5c80</run_address>
         <size>0x20</size>
         <input_file_ref idref="fl-8"/>
      </object_component>
      <object_component id="oc-c6">
         <name>Cmpss2RegsFile</name>
         <uninitialized>true</uninitialized>
         <run_address>0x5ca0</run_address>
         <size>0x20</size>
         <input_file_ref idref="fl-8"/>
      </object_component>
      <object_component id="oc-c7">
         <name>Cmpss3RegsFile</name>
         <uninitialized>true</uninitialized>
         <run_address>0x5cc0</run_address>
         <size>0x20</size>
         <input_file_ref idref="fl-8"/>
      </object_component>
      <object_component id="oc-c8">
         <name>Cmpss4RegsFile</name>
         <uninitialized>true</uninitialized>
         <run_address>0x5ce0</run_address>
         <size>0x20</size>
         <input_file_ref idref="fl-8"/>
      </object_component>
      <object_component id="oc-c9">
         <name>Cmpss5RegsFile</name>
         <uninitialized>true</uninitialized>
         <run_address>0x5d00</run_address>
         <size>0x20</size>
         <input_file_ref idref="fl-8"/>
      </object_component>
      <object_component id="oc-ca">
         <name>Cmpss6RegsFile</name>
         <uninitialized>true</uninitialized>
         <run_address>0x5d20</run_address>
         <size>0x20</size>
         <input_file_ref idref="fl-8"/>
      </object_component>
      <object_component id="oc-cb">
         <name>Cmpss7RegsFile</name>
         <uninitialized>true</uninitialized>
         <run_address>0x5d40</run_address>
         <size>0x20</size>
         <input_file_ref idref="fl-8"/>
      </object_component>
      <object_component id="oc-cc">
         <name>Cmpss8RegsFile</name>
         <uninitialized>true</uninitialized>
         <run_address>0x5d60</run_address>
         <size>0x20</size>
         <input_file_ref idref="fl-8"/>
      </object_component>
      <object_component id="oc-b3">
         <name>CpuTimer0RegsFile</name>
         <uninitialized>true</uninitialized>
         <run_address>0xc00</run_address>
         <size>0x8</size>
         <input_file_ref idref="fl-8"/>
      </object_component>
      <object_component id="oc-b4">
         <name>CpuTimer1RegsFile</name>
         <uninitialized>true</uninitialized>
         <run_address>0xc08</run_address>
         <size>0x8</size>
         <input_file_ref idref="fl-8"/>
      </object_component>
      <object_component id="oc-b5">
         <name>CpuTimer2RegsFile</name>
         <uninitialized>true</uninitialized>
         <run_address>0xc10</run_address>
         <size>0x8</size>
         <input_file_ref idref="fl-8"/>
      </object_component>
      <object_component id="oc-b0">
         <name>DacaRegsFile</name>
         <uninitialized>true</uninitialized>
         <run_address>0x5c00</run_address>
         <size>0x8</size>
         <input_file_ref idref="fl-8"/>
      </object_component>
      <object_component id="oc-b1">
         <name>DacbRegsFile</name>
         <uninitialized>true</uninitialized>
         <run_address>0x5c10</run_address>
         <size>0x8</size>
         <input_file_ref idref="fl-8"/>
      </object_component>
      <object_component id="oc-b2">
         <name>DaccRegsFile</name>
         <uninitialized>true</uninitialized>
         <run_address>0x5c20</run_address>
         <size>0x8</size>
         <input_file_ref idref="fl-8"/>
      </object_component>
      <object_component id="oc-dc">
         <name>DcsmZ1RegsFile</name>
         <uninitialized>true</uninitialized>
         <run_address>0x5f000</run_address>
         <size>0x24</size>
         <input_file_ref idref="fl-8"/>
      </object_component>
      <object_component id="oc-dd">
         <name>DcsmZ2RegsFile</name>
         <uninitialized>true</uninitialized>
         <run_address>0x5f040</run_address>
         <size>0x24</size>
         <input_file_ref idref="fl-8"/>
      </object_component>
      <object_component id="oc-b6">
         <name>DcsmCommonRegsFile</name>
         <uninitialized>true</uninitialized>
         <run_address>0x5f070</run_address>
         <size>0x8</size>
         <input_file_ref idref="fl-8"/>
      </object_component>
      <object_component id="oc-f6">
         <name>DmaRegsFile</name>
         <uninitialized>true</uninitialized>
         <run_address>0x1000</run_address>
         <size>0xe0</size>
         <input_file_ref idref="fl-8"/>
      </object_component>
      <object_component id="oc-c3">
         <name>DmaClaSrcSelRegsFile</name>
         <uninitialized>true</uninitialized>
         <run_address>0x7980</run_address>
         <size>0x1a</size>
         <input_file_ref idref="fl-8"/>
      </object_component>
      <object_component id="oc-cd">
         <name>ECap1RegsFile</name>
         <uninitialized>true</uninitialized>
         <run_address>0x5000</run_address>
         <size>0x20</size>
         <input_file_ref idref="fl-8"/>
      </object_component>
      <object_component id="oc-ce">
         <name>ECap2RegsFile</name>
         <uninitialized>true</uninitialized>
         <run_address>0x5020</run_address>
         <size>0x20</size>
         <input_file_ref idref="fl-8"/>
      </object_component>
      <object_component id="oc-cf">
         <name>ECap3RegsFile</name>
         <uninitialized>true</uninitialized>
         <run_address>0x5040</run_address>
         <size>0x20</size>
         <input_file_ref idref="fl-8"/>
      </object_component>
      <object_component id="oc-d0">
         <name>ECap4RegsFile</name>
         <uninitialized>true</uninitialized>
         <run_address>0x5060</run_address>
         <size>0x20</size>
         <input_file_ref idref="fl-8"/>
      </object_component>
      <object_component id="oc-d1">
         <name>ECap5RegsFile</name>
         <uninitialized>true</uninitialized>
         <run_address>0x5080</run_address>
         <size>0x20</size>
         <input_file_ref idref="fl-8"/>
      </object_component>
      <object_component id="oc-d2">
         <name>ECap6RegsFile</name>
         <uninitialized>true</uninitialized>
         <run_address>0x50a0</run_address>
         <size>0x20</size>
         <input_file_ref idref="fl-8"/>
      </object_component>
      <object_component id="oc-ec">
         <name>Emif1RegsFile</name>
         <uninitialized>true</uninitialized>
         <run_address>0x47000</run_address>
         <size>0x70</size>
         <input_file_ref idref="fl-8"/>
      </object_component>
      <object_component id="oc-ed">
         <name>Emif2RegsFile</name>
         <uninitialized>true</uninitialized>
         <run_address>0x47800</run_address>
         <size>0x70</size>
         <input_file_ref idref="fl-8"/>
      </object_component>
      <object_component id="oc-f7">
         <name>EPwm1RegsFile</name>
         <uninitialized>true</uninitialized>
         <run_address>0x4000</run_address>
         <size>0x100</size>
         <input_file_ref idref="fl-8"/>
      </object_component>
      <object_component id="oc-f8">
         <name>EPwm2RegsFile</name>
         <uninitialized>true</uninitialized>
         <run_address>0x4100</run_address>
         <size>0x100</size>
         <input_file_ref idref="fl-8"/>
      </object_component>
      <object_component id="oc-f9">
         <name>EPwm3RegsFile</name>
         <uninitialized>true</uninitialized>
         <run_address>0x4200</run_address>
         <size>0x100</size>
         <input_file_ref idref="fl-8"/>
      </object_component>
      <object_component id="oc-fa">
         <name>EPwm4RegsFile</name>
         <uninitialized>true</uninitialized>
         <run_address>0x4300</run_address>
         <size>0x100</size>
         <input_file_ref idref="fl-8"/>
      </object_component>
      <object_component id="oc-fb">
         <name>EPwm5RegsFile</name>
         <uninitialized>true</uninitialized>
         <run_address>0x4400</run_address>
         <size>0x100</size>
         <input_file_ref idref="fl-8"/>
      </object_component>
      <object_component id="oc-fc">
         <name>EPwm6RegsFile</name>
         <uninitialized>true</uninitialized>
         <run_address>0x4500</run_address>
         <size>0x100</size>
         <input_file_ref idref="fl-8"/>
      </object_component>
      <object_component id="oc-fd">
         <name>EPwm7RegsFile</name>
         <uninitialized>true</uninitialized>
         <run_address>0x4600</run_address>
         <size>0x100</size>
         <input_file_ref idref="fl-8"/>
      </object_component>
      <object_component id="oc-fe">
         <name>EPwm8RegsFile</name>
         <uninitialized>true</uninitialized>
         <run_address>0x4700</run_address>
         <size>0x100</size>
         <input_file_ref idref="fl-8"/>
      </object_component>
      <object_component id="oc-ff">
         <name>EPwm9RegsFile</name>
         <uninitialized>true</uninitialized>
         <run_address>0x4800</run_address>
         <size>0x100</size>
         <input_file_ref idref="fl-8"/>
      </object_component>
      <object_component id="oc-100">
         <name>EPwm10RegsFile</name>
         <uninitialized>true</uninitialized>
         <run_address>0x4900</run_address>
         <size>0x100</size>
         <input_file_ref idref="fl-8"/>
      </object_component>
      <object_component id="oc-101">
         <name>EPwm11RegsFile</name>
         <uninitialized>true</uninitialized>
         <run_address>0x4a00</run_address>
         <size>0x100</size>
         <input_file_ref idref="fl-8"/>
      </object_component>
      <object_component id="oc-102">
         <name>EPwm12RegsFile</name>
         <uninitialized>true</uninitialized>
         <run_address>0x4b00</run_address>
         <size>0x100</size>
         <input_file_ref idref="fl-8"/>
      </object_component>
      <object_component id="oc-e6">
         <name>EPwmXbarRegsFile</name>
         <uninitialized>true</uninitialized>
         <run_address>0x7a00</run_address>
         <size>0x40</size>
         <input_file_ref idref="fl-8"/>
      </object_component>
      <object_component id="oc-d7">
         <name>EQep1RegsFile</name>
         <uninitialized>true</uninitialized>
         <run_address>0x5100</run_address>
         <size>0x22</size>
         <input_file_ref idref="fl-8"/>
      </object_component>
      <object_component id="oc-d8">
         <name>EQep2RegsFile</name>
         <uninitialized>true</uninitialized>
         <run_address>0x5140</run_address>
         <size>0x22</size>
         <input_file_ref idref="fl-8"/>
      </object_component>
      <object_component id="oc-d9">
         <name>EQep3RegsFile</name>
         <uninitialized>true</uninitialized>
         <run_address>0x5180</run_address>
         <size>0x22</size>
         <input_file_ref idref="fl-8"/>
      </object_component>
      <object_component id="oc-107">
         <name>Flash0CtrlRegsFile</name>
         <uninitialized>true</uninitialized>
         <run_address>0x5f800</run_address>
         <size>0x182</size>
         <input_file_ref idref="fl-8"/>
      </object_component>
      <object_component id="oc-e1">
         <name>Flash0EccRegsFile</name>
         <uninitialized>true</uninitialized>
         <run_address>0x5fb00</run_address>
         <size>0x28</size>
         <input_file_ref idref="fl-8"/>
      </object_component>
      <object_component id="oc-106">
         <name>GpioCtrlRegsFile</name>
         <uninitialized>true</uninitialized>
         <run_address>0x7c00</run_address>
         <size>0x180</size>
         <input_file_ref idref="fl-8"/>
      </object_component>
      <object_component id="oc-e3">
         <name>GpioDataRegsFile</name>
         <uninitialized>true</uninitialized>
         <run_address>0x7f00</run_address>
         <size>0x30</size>
         <input_file_ref idref="fl-8"/>
      </object_component>
      <object_component id="oc-e7">
         <name>OutputXbarRegsFile</name>
         <uninitialized>true</uninitialized>
         <run_address>0x7a80</run_address>
         <size>0x40</size>
         <input_file_ref idref="fl-8"/>
      </object_component>
      <object_component id="oc-da">
         <name>I2caRegsFile</name>
         <uninitialized>true</uninitialized>
         <run_address>0x7300</run_address>
         <size>0x22</size>
         <input_file_ref idref="fl-8"/>
      </object_component>
      <object_component id="oc-db">
         <name>I2cbRegsFile</name>
         <uninitialized>true</uninitialized>
         <run_address>0x7340</run_address>
         <size>0x22</size>
         <input_file_ref idref="fl-8"/>
      </object_component>
      <object_component id="oc-d3">
         <name>InputXbarRegsFile</name>
         <uninitialized>true</uninitialized>
         <run_address>0x7900</run_address>
         <size>0x20</size>
         <input_file_ref idref="fl-8"/>
      </object_component>
      <object_component id="oc-d4">
         <name>XbarRegsFile</name>
         <uninitialized>true</uninitialized>
         <run_address>0x7920</run_address>
         <size>0x20</size>
         <input_file_ref idref="fl-8"/>
      </object_component>
      <object_component id="oc-de">
         <name>IpcRegsFile</name>
         <uninitialized>true</uninitialized>
         <run_address>0x50000</run_address>
         <size>0x24</size>
         <input_file_ref idref="fl-8"/>
      </object_component>
      <object_component id="oc-aa">
         <name>FlashPumpSemaphoreRegsFile</name>
         <uninitialized>true</uninitialized>
         <run_address>0x50024</run_address>
         <size>0x2</size>
         <input_file_ref idref="fl-8"/>
      </object_component>
      <object_component id="oc-ab">
         <name>RomPrefetchRegsFile</name>
         <uninitialized>true</uninitialized>
         <run_address>0x5e608</run_address>
         <size>0x2</size>
         <input_file_ref idref="fl-8"/>
      </object_component>
      <object_component id="oc-f2">
         <name>MemCfgRegsFile</name>
         <uninitialized>true</uninitialized>
         <run_address>0x5f400</run_address>
         <size>0x80</size>
         <input_file_ref idref="fl-8"/>
      </object_component>
      <object_component id="oc-d5">
         <name>Emif1ConfigRegsFile</name>
         <uninitialized>true</uninitialized>
         <run_address>0x5f480</run_address>
         <size>0x20</size>
         <input_file_ref idref="fl-8"/>
      </object_component>
      <object_component id="oc-d6">
         <name>Emif2ConfigRegsFile</name>
         <uninitialized>true</uninitialized>
         <run_address>0x5f4a0</run_address>
         <size>0x20</size>
         <input_file_ref idref="fl-8"/>
      </object_component>
      <object_component id="oc-e8">
         <name>AccessProtectionRegsFile</name>
         <uninitialized>true</uninitialized>
         <run_address>0x5f4c0</run_address>
         <size>0x40</size>
         <input_file_ref idref="fl-8"/>
      </object_component>
      <object_component id="oc-e9">
         <name>MemoryErrorRegsFile</name>
         <uninitialized>true</uninitialized>
         <run_address>0x5f500</run_address>
         <size>0x40</size>
         <input_file_ref idref="fl-8"/>
      </object_component>
      <object_component id="oc-ac">
         <name>RomWaitStateRegsFile</name>
         <uninitialized>true</uninitialized>
         <run_address>0x5f540</run_address>
         <size>0x2</size>
         <input_file_ref idref="fl-8"/>
      </object_component>
      <object_component id="oc-df">
         <name>McbspaRegsFile</name>
         <uninitialized>true</uninitialized>
         <run_address>0x6000</run_address>
         <size>0x24</size>
         <input_file_ref idref="fl-8"/>
      </object_component>
      <object_component id="oc-e0">
         <name>McbspbRegsFile</name>
         <uninitialized>true</uninitialized>
         <run_address>0x6040</run_address>
         <size>0x24</size>
         <input_file_ref idref="fl-8"/>
      </object_component>
      <object_component id="oc-eb">
         <name>UppRegsFile</name>
         <uninitialized>true</uninitialized>
         <run_address>0x6200</run_address>
         <size>0x48</size>
         <input_file_ref idref="fl-8"/>
      </object_component>
      <object_component id="oc-af">
         <name>NmiIntruptRegsFile</name>
         <uninitialized>true</uninitialized>
         <run_address>0x7060</run_address>
         <size>0x7</size>
         <input_file_ref idref="fl-8"/>
      </object_component>
      <object_component id="oc-c4">
         <name>PieCtrlRegsFile</name>
         <uninitialized>true</uninitialized>
         <run_address>0xce0</run_address>
         <size>0x1a</size>
         <input_file_ref idref="fl-8"/>
      </object_component>
      <object_component id="oc-b8">
         <name>SciaRegsFile</name>
         <uninitialized>true</uninitialized>
         <run_address>0x7200</run_address>
         <size>0x10</size>
         <input_file_ref idref="fl-8"/>
      </object_component>
      <object_component id="oc-b9">
         <name>ScibRegsFile</name>
         <uninitialized>true</uninitialized>
         <run_address>0x7210</run_address>
         <size>0x10</size>
         <input_file_ref idref="fl-8"/>
      </object_component>
      <object_component id="oc-ba">
         <name>ScicRegsFile</name>
         <uninitialized>true</uninitialized>
         <run_address>0x7220</run_address>
         <size>0x10</size>
         <input_file_ref idref="fl-8"/>
      </object_component>
      <object_component id="oc-bb">
         <name>ScidRegsFile</name>
         <uninitialized>true</uninitialized>
         <run_address>0x7230</run_address>
         <size>0x10</size>
         <input_file_ref idref="fl-8"/>
      </object_component>
      <object_component id="oc-f3">
         <name>Sdfm1RegsFile</name>
         <uninitialized>true</uninitialized>
         <run_address>0x5e00</run_address>
         <size>0x80</size>
         <input_file_ref idref="fl-8"/>
      </object_component>
      <object_component id="oc-f4">
         <name>Sdfm2RegsFile</name>
         <uninitialized>true</uninitialized>
         <run_address>0x5e80</run_address>
         <size>0x80</size>
         <input_file_ref idref="fl-8"/>
      </object_component>
      <object_component id="oc-bc">
         <name>SpiaRegsFile</name>
         <uninitialized>true</uninitialized>
         <run_address>0x6100</run_address>
         <size>0x10</size>
         <input_file_ref idref="fl-8"/>
      </object_component>
      <object_component id="oc-bd">
         <name>SpibRegsFile</name>
         <uninitialized>true</uninitialized>
         <run_address>0x6110</run_address>
         <size>0x10</size>
         <input_file_ref idref="fl-8"/>
      </object_component>
      <object_component id="oc-be">
         <name>SpicRegsFile</name>
         <uninitialized>true</uninitialized>
         <run_address>0x6120</run_address>
         <size>0x10</size>
         <input_file_ref idref="fl-8"/>
      </object_component>
      <object_component id="oc-103">
         <name>DevCfgRegsFile</name>
         <uninitialized>true</uninitialized>
         <run_address>0x5d000</run_address>
         <size>0x12e</size>
         <input_file_ref idref="fl-8"/>
      </object_component>
      <object_component id="oc-e4">
         <name>ClkCfgRegsFile</name>
         <uninitialized>true</uninitialized>
         <run_address>0x5d200</run_address>
         <size>0x32</size>
         <input_file_ref idref="fl-8"/>
      </object_component>
      <object_component id="oc-f5">
         <name>CpuSysRegsFile</name>
         <uninitialized>true</uninitialized>
         <run_address>0x5d300</run_address>
         <size>0x82</size>
         <input_file_ref idref="fl-8"/>
      </object_component>
      <object_component id="oc-ae">
         <name>SyncSocRegsFile</name>
         <uninitialized>true</uninitialized>
         <run_address>0x7940</run_address>
         <size>0x6</size>
         <input_file_ref idref="fl-8"/>
      </object_component>
      <object_component id="oc-e2">
         <name>WdRegsFile</name>
         <uninitialized>true</uninitialized>
         <run_address>0x7000</run_address>
         <size>0x2b</size>
         <input_file_ref idref="fl-8"/>
      </object_component>
      <object_component id="oc-b7">
         <name>XintRegsFile</name>
         <uninitialized>true</uninitialized>
         <run_address>0x7070</run_address>
         <size>0xb</size>
         <input_file_ref idref="fl-8"/>
      </object_component>
      <object_component id="oc-85">
         <name>.debug_info</name>
         <load_address>0x0</load_address>
         <run_address>0x0</run_address>
         <size>0x62d4</size>
         <input_file_ref idref="fl-2"/>
      </object_component>
      <object_component id="oc-8c">
         <name>.debug_info</name>
         <load_address>0x62d4</load_address>
         <run_address>0x62d4</run_address>
         <size>0x466e</size>
         <input_file_ref idref="fl-3"/>
      </object_component>
      <object_component id="oc-93">
         <name>.debug_info</name>
         <load_address>0xa942</load_address>
         <run_address>0xa942</run_address>
         <size>0xf1</size>
         <input_file_ref idref="fl-4"/>
      </object_component>
      <object_component id="oc-96">
         <name>.debug_info</name>
         <load_address>0xaa33</load_address>
         <run_address>0xaa33</run_address>
         <size>0x977</size>
         <input_file_ref idref="fl-5"/>
      </object_component>
      <object_component id="oc-9c">
         <name>.debug_info</name>
         <load_address>0xb3aa</load_address>
         <run_address>0xb3aa</run_address>
         <size>0x34d4</size>
         <input_file_ref idref="fl-6"/>
      </object_component>
      <object_component id="oc-a2">
         <name>.debug_info</name>
         <load_address>0xe87e</load_address>
         <run_address>0xe87e</run_address>
         <size>0xf3ca</size>
         <input_file_ref idref="fl-7"/>
      </object_component>
      <object_component id="oc-a7">
         <name>.debug_info</name>
         <load_address>0x1dc48</load_address>
         <run_address>0x1dc48</run_address>
         <size>0x5052b</size>
         <input_file_ref idref="fl-8"/>
      </object_component>
      <object_component id="oc-10a">
         <name>.debug_info</name>
         <load_address>0x6e173</load_address>
         <run_address>0x6e173</run_address>
         <size>0x19f5b</size>
         <input_file_ref idref="fl-9"/>
      </object_component>
      <object_component id="oc-10f">
         <name>.debug_info</name>
         <load_address>0x880ce</load_address>
         <run_address>0x880ce</run_address>
         <size>0x3545</size>
         <input_file_ref idref="fl-a"/>
      </object_component>
      <object_component id="oc-114">
         <name>.debug_info</name>
         <load_address>0x8b613</load_address>
         <run_address>0x8b613</run_address>
         <size>0x670b</size>
         <input_file_ref idref="fl-b"/>
      </object_component>
      <object_component id="oc-119">
         <name>.debug_info</name>
         <load_address>0x91d1e</load_address>
         <run_address>0x91d1e</run_address>
         <size>0xfcb1</size>
         <input_file_ref idref="fl-c"/>
      </object_component>
      <object_component id="oc-11e">
         <name>.debug_info</name>
         <load_address>0xa19cf</load_address>
         <run_address>0xa19cf</run_address>
         <size>0xccdb</size>
         <input_file_ref idref="fl-d"/>
      </object_component>
      <object_component id="oc-125">
         <name>.debug_info</name>
         <load_address>0xae6aa</load_address>
         <run_address>0xae6aa</run_address>
         <size>0xec</size>
         <input_file_ref idref="fl-e"/>
      </object_component>
      <object_component id="oc-128">
         <name>.debug_info</name>
         <load_address>0xae796</load_address>
         <run_address>0xae796</run_address>
         <size>0x605d</size>
         <input_file_ref idref="fl-f"/>
      </object_component>
      <object_component id="oc-12d">
         <name>.debug_info</name>
         <load_address>0xb47f3</load_address>
         <run_address>0xb47f3</run_address>
         <size>0x243fc</size>
         <input_file_ref idref="fl-10"/>
      </object_component>
      <object_component id="oc-136">
         <name>.debug_info</name>
         <load_address>0xd8bef</load_address>
         <run_address>0xd8bef</run_address>
         <size>0xecb</size>
         <input_file_ref idref="fl-11"/>
      </object_component>
      <object_component id="oc-13e">
         <name>.debug_info</name>
         <load_address>0xd9aba</load_address>
         <run_address>0xd9aba</run_address>
         <size>0x4cd</size>
         <input_file_ref idref="fl-1f"/>
      </object_component>
      <object_component id="oc-144">
         <name>.debug_info</name>
         <load_address>0xd9f87</load_address>
         <run_address>0xd9f87</run_address>
         <size>0x502</size>
         <input_file_ref idref="fl-20"/>
      </object_component>
      <object_component id="oc-14b">
         <name>.debug_info</name>
         <load_address>0xda489</load_address>
         <run_address>0xda489</run_address>
         <size>0x67e</size>
         <input_file_ref idref="fl-2c"/>
      </object_component>
      <object_component id="oc-150">
         <name>.debug_info</name>
         <load_address>0xdab07</load_address>
         <run_address>0xdab07</run_address>
         <size>0x3cf</size>
         <input_file_ref idref="fl-2d"/>
      </object_component>
      <object_component id="oc-155">
         <name>.debug_info</name>
         <load_address>0xdaed6</load_address>
         <run_address>0xdaed6</run_address>
         <size>0x3e1</size>
         <input_file_ref idref="fl-2e"/>
      </object_component>
      <object_component id="oc-15c">
         <name>.debug_info</name>
         <load_address>0xdb2b7</load_address>
         <run_address>0xdb2b7</run_address>
         <size>0x173</size>
         <input_file_ref idref="fl-2f"/>
      </object_component>
      <object_component id="oc-161">
         <name>.debug_info</name>
         <load_address>0xdb42a</load_address>
         <run_address>0xdb42a</run_address>
         <size>0x114</size>
         <input_file_ref idref="fl-30"/>
      </object_component>
      <object_component id="oc-166">
         <name>.debug_info</name>
         <load_address>0xdb53e</load_address>
         <run_address>0xdb53e</run_address>
         <size>0x141</size>
         <input_file_ref idref="fl-31"/>
      </object_component>
      <object_component id="oc-16b">
         <name>.debug_info</name>
         <load_address>0xdb67f</load_address>
         <run_address>0xdb67f</run_address>
         <size>0x1a5</size>
         <input_file_ref idref="fl-32"/>
      </object_component>
      <object_component id="oc-16f">
         <name>.debug_info</name>
         <load_address>0xdb824</load_address>
         <run_address>0xdb824</run_address>
         <size>0x561</size>
         <input_file_ref idref="fl-33"/>
      </object_component>
      <object_component id="oc-174">
         <name>.debug_info</name>
         <load_address>0xdbd85</load_address>
         <run_address>0xdbd85</run_address>
         <size>0x43a</size>
         <input_file_ref idref="fl-34"/>
      </object_component>
      <object_component id="oc-179">
         <name>.debug_info</name>
         <load_address>0xdc1bf</load_address>
         <run_address>0xdc1bf</run_address>
         <size>0x3ad</size>
         <input_file_ref idref="fl-35"/>
      </object_component>
      <object_component id="oc-17e">
         <name>.debug_info</name>
         <load_address>0xdc56c</load_address>
         <run_address>0xdc56c</run_address>
         <size>0x3aa</size>
         <input_file_ref idref="fl-36"/>
      </object_component>
      <object_component id="oc-183">
         <name>.debug_info</name>
         <load_address>0xdc916</load_address>
         <run_address>0xdc916</run_address>
         <size>0x544</size>
         <input_file_ref idref="fl-37"/>
      </object_component>
      <object_component id="oc-18a">
         <name>.debug_info</name>
         <load_address>0xdce5a</load_address>
         <run_address>0xdce5a</run_address>
         <size>0x4cc</size>
         <input_file_ref idref="fl-38"/>
      </object_component>
      <object_component id="oc-18f">
         <name>.debug_info</name>
         <load_address>0xdd326</load_address>
         <run_address>0xdd326</run_address>
         <size>0x467</size>
         <input_file_ref idref="fl-39"/>
      </object_component>
      <object_component id="oc-194">
         <name>.debug_info</name>
         <load_address>0xdd78d</load_address>
         <run_address>0xdd78d</run_address>
         <size>0x4e5</size>
         <input_file_ref idref="fl-3a"/>
      </object_component>
      <object_component id="oc-199">
         <name>.debug_info</name>
         <load_address>0xddc72</load_address>
         <run_address>0xddc72</run_address>
         <size>0x4aa</size>
         <input_file_ref idref="fl-3b"/>
      </object_component>
      <object_component id="oc-19e">
         <name>.debug_info</name>
         <load_address>0xde11c</load_address>
         <run_address>0xde11c</run_address>
         <size>0x575</size>
         <input_file_ref idref="fl-3c"/>
      </object_component>
      <object_component id="oc-1a3">
         <name>.debug_info</name>
         <load_address>0xde691</load_address>
         <run_address>0xde691</run_address>
         <size>0x1c6</size>
         <input_file_ref idref="fl-3d"/>
      </object_component>
      <object_component id="oc-1a7">
[...]
         <object_component_ref idref="oc-235"/>
      </symbol>
      <symbol id="sm-6b6">
         <name>_temp</name>
         <value>0xc48f</value>
         <object_component_ref idref="oc-12f"/>
      </symbol>
      <symbol id="sm-6b7">
         <name>_two1</name>
         <value>0xc4b1</value>
         <object_component_ref idref="oc-12f"/>
      </symbol>
      <symbol id="sm-6b8">
         <name>_leftdistance1</name>
         <value>0xc4e2</value>
         <object_component_ref idref="oc-12f"/>
      </symbol>
      <symbol id="sm-6b9">
         <name>_area</name>
         <value>0xc237</value>
         <object_component_ref idref="oc-230"/>
      </symbol>
      <symbol id="sm-6ba">
         <name>_LEDdisplaynum</name>
         <value>0xc481</value>
         <object_component_ref idref="oc-12f"/>
      </symbol>
      <symbol id="sm-6bb">
         <name>_sng1Flag</name>
         <value>0xc49e</value>
         <object_component_ref idref="oc-12f"/>
      </symbol>
      <symbol id="sm-6bc">
         <name>_ekl1</name>
         <value>0xc4fe</value>
         <object_component_ref idref="oc-12f"/>
      </symbol>
      <symbol id="sm-6bd">
         <name>_checksum2</name>
         <value>0xc487</value>
         <object_component_ref idref="oc-12f"/>
      </symbol>
      <symbol id="sm-6be">
         <name>_checksum1</name>
         <value>0xc486</value>
         <object_component_ref idref="oc-12f"/>
      </symbol>
      <symbol id="sm-6bf">
         <name>_toVolts</name>
         <value>0x81061</value>
         <object_component_ref idref="oc-22d"/>
      </symbol>
      <symbol id="sm-6c1">
         <name>_numSWIcalls</name>
         <value>0xc4c2</value>
         <object_component_ref idref="oc-12f"/>
      </symbol>
      <symbol id="sm-6c2">
         <name>_songcount</name>
         <value>0xc4be</value>
         <object_component_ref idref="oc-12f"/>
      </symbol>
      <symbol id="sm-6c3">
         <name>_readEncRight</name>
         <value>0x81382</value>
         <object_component_ref idref="oc-22d"/>
      </symbol>
      <symbol id="sm-6c5">
         <name>_numTimer0calls</name>
         <value>0xc4c0</value>
         <object_component_ref idref="oc-12f"/>
      </symbol>
      <symbol id="sm-6c6">
         <name>_b1</name>
         <value>0xc4af</value>
         <object_component_ref idref="oc-12f"/>
      </symbol>
      <symbol id="sm-6c7">
         <name>_ikr</name>
         <value>0xc4f0</value>
         <object_component_ref idref="oc-12f"/>
      </symbol>
      <symbol id="sm-6c8">
         <name>_gyroyReading</name>
         <value>0xc4c8</value>
         <object_component_ref idref="oc-12f"/>
      </symbol>
      <symbol id="sm-6c9">
         <name>_ikl</name>
         <value>0xc4f8</value>
         <object_component_ref idref="oc-12f"/>
      </symbol>
      <symbol id="sm-6ca">
         <name>_processNum</name>
         <value>0x81017</value>
         <object_component_ref idref="oc-22d"/>
      </symbol>
      <symbol id="sm-6cc">
         <name>_a1</name>
         <value>0xc4ae</value>
         <object_component_ref idref="oc-12f"/>
      </symbol>
      <symbol id="sm-6cd">
         <name>_ikr1</name>
         <value>0xc4f2</value>
         <object_component_ref idref="oc-12f"/>
      </symbol>
      <symbol id="sm-6ce">
         <name>_str</name>
         <value>0xc534</value>
         <object_component_ref idref="oc-259"/>
      </symbol>
      <symbol id="sm-6cf">
         <name>_minus</name>
         <value>0xc4a9</value>
         <object_component_ref idref="oc-12f"/>
      </symbol>
      <symbol id="sm-6d0">
         <name>_vref</name>
         <value>0xc4ee</value>
         <object_component_ref idref="oc-12f"/>
      </symbol>
      <symbol id="sm-6d1">
         <name>_plusminus1</name>
         <value>0xc4b6</value>
         <object_component_ref idref="oc-12f"/>
      </symbol>
      <symbol id="sm-6d2">
         <name>_ekr</name>
         <value>0xc4f4</value>
         <object_component_ref idref="oc-12f"/>
      </symbol>
      <symbol id="sm-6d3">
         <name>_ekl</name>
         <value>0xc4fc</value>
         <object_component_ref idref="oc-12f"/>
      </symbol>
      <symbol id="sm-6d4">
         <name>_SWI_isr</name>
         <value>0x82000</value>
         <object_component_ref idref="oc-130"/>
      </symbol>
      <symbol id="sm-6d6">
         <name>_plus1</name>
         <value>0xc4b3</value>
         <object_component_ref idref="oc-12f"/>
      </symbol>
      <symbol id="sm-6d7">
         <name>_blockWidth</name>
         <value>0xc61e</value>
         <object_component_ref idref="oc-22f"/>
      </symbol>
      <symbol id="sm-6d8">
         <name>_xdot1</name>
         <value>0xc50e</value>
         <object_component_ref idref="oc-12f"/>
      </symbol>
      <symbol id="sm-6d9">
         <name>_home1</name>
         <value>0xc4b4</value>
         <object_component_ref idref="oc-12f"/>
      </symbol>
      <symbol id="sm-6da">
         <name>_ydot</name>
         <value>0xc510</value>
         <object_component_ref idref="oc-12f"/>
      </symbol>
      <symbol id="sm-6db">
         <name>_phi</name>
         <value>0xc50a</value>
         <object_component_ref idref="oc-12f"/>
      </symbol>
      <symbol id="sm-6dc">
         <name>_fwv2</name>
         <value>0xc48b</value>
         <object_component_ref idref="oc-12f"/>
      </symbol>
      <symbol id="sm-6dd">
         <name>_fwv1</name>
         <value>0xc48a</value>
         <object_component_ref idref="oc-12f"/>
      </symbol>
      <symbol id="sm-6de">
         <name>_y</name>
         <value>0xc508</value>
         <object_component_ref idref="oc-12f"/>
      </symbol>
      <symbol id="sm-6df">
         <name>_x</name>
         <value>0xc506</value>
         <object_component_ref idref="oc-12f"/>
      </symbol>
      <symbol id="sm-6e0">
         <name>_b</name>
         <value>0xc4a6</value>
         <object_component_ref idref="oc-12f"/>
      </symbol>
      <symbol id="sm-6e1">
         <name>_a</name>
         <value>0xc4a5</value>
         <object_component_ref idref="oc-12f"/>
      </symbol>
      <symbol id="sm-6e2">
         <name>_count</name>
         <value>0xc4a3</value>
         <object_component_ref idref="oc-12f"/>
      </symbol>
      <symbol id="sm-6e3">
         <name>_eturn</name>
         <value>0xc500</value>
         <object_component_ref idref="oc-12f"/>
      </symbol>
      <symbol id="sm-6e4">
         <name>_plusminus</name>
         <value>0xc4b5</value>
         <object_component_ref idref="oc-12f"/>
      </symbol>
      <symbol id="sm-6e5">
         <name>_ikl1</name>
         <value>0xc4fa</value>
         <object_component_ref idref="oc-12f"/>
      </symbol>
      <symbol id="sm-6e6">
         <name>_sng2Flag</name>
         <value>0xc49f</value>
         <object_component_ref idref="oc-12f"/>
      </symbol>
      <symbol id="sm-6e7">
         <name>_gyrozReading</name>
         <value>0xc4ca</value>
         <object_component_ref idref="oc-12f"/>
      </symbol>
      <symbol id="sm-6e8">
         <name>_changeInputs</name>
         <value>0x813f8</value>
         <object_component_ref idref="oc-22d"/>
      </symbol>
      <symbol id="sm-6ea">
         <name>_songflag</name>
         <value>0xc4bd</value>
         <object_component_ref idref="oc-12f"/>
      </symbol>
      <symbol id="sm-6eb">
         <name>_home</name>
         <value>0xc4ab</value>
         <object_component_ref idref="oc-12f"/>
      </symbol>
      <symbol id="sm-6ec">
         <name>_ydot1</name>
         <value>0xc512</value>
         <object_component_ref idref="oc-12f"/>
      </symbol>
      <symbol id="sm-6ed">
         <name>_rightdistance</name>
         <value>0xc4dc</value>
         <object_component_ref idref="oc-12f"/>
      </symbol>
      <symbol id="sm-6ee">
         <name>_uLeft</name>
         <value>0xc4de</value>
         <object_component_ref idref="oc-12f"/>
      </symbol>
      <symbol id="sm-6ef">
         <name>_accelxReading</name>
         <value>0xc4cc</value>
         <object_component_ref idref="oc-12f"/>
      </symbol>
      <symbol id="sm-6f0">
         <name>_setupSpic</name>
         <value>0x812a2</value>
         <object_component_ref idref="oc-22d"/>
      </symbol>
      <symbol id="sm-6f2">
         <name>_setupSpib</name>
         <value>0x81073</value>
         <object_component_ref idref="oc-22d"/>
      </symbol>
      <symbol id="sm-704">
         <name>_Example_Fail</name>
         <value>0xc638</value>
         <object_component_ref idref="oc-138"/>
      </symbol>
      <symbol id="sm-705">
         <name>_Example_Result</name>
         <value>0xc634</value>
         <object_component_ref idref="oc-138"/>
      </symbol>
      <symbol id="sm-706">
         <name>_Example_PassCount</name>
         <value>0xc636</value>
         <object_component_ref idref="oc-138"/>
      </symbol>
      <symbol id="sm-722">
         <name>_SysCtl_delay</name>
         <value>0x8287</value>
         <object_component_ref idref="oc-145"/>
      </symbol>
      <symbol id="sm-730">
         <name>_vsprintf</name>
         <value>0x83037</value>
         <object_component_ref idref="oc-23b"/>
      </symbol>
      <symbol id="sm-73f">
         <name>_cos</name>
         <value>0x81f99</value>
         <object_component_ref idref="oc-232"/>
      </symbol>
      <symbol id="sm-740">
         <name>_cosf</name>
         <value>0x81f99</value>
         <object_component_ref idref="oc-232"/>
      </symbol>
      <symbol id="sm-74e">
         <name>_sin</name>
         <value>0x82f27</value>
         <object_component_ref idref="oc-233"/>
      </symbol>
      <symbol id="sm-74f">
         <name>_sinf</name>
         <value>0x82f27</value>
         <object_component_ref idref="oc-233"/>
      </symbol>
      <symbol id="sm-76b">
         <name>_c_int00</name>
         <value>0x82f80</value>
         <object_component_ref idref="oc-84"/>
      </symbol>
      <symbol id="sm-76c">
         <name>__stack</name>
         <value>0xb000</value>
         <object_component_ref idref="oc-15a"/>
      </symbol>
      <symbol id="sm-77d">
         <name>FS$$DIV</name>
         <value>0x82d46</value>
         <object_component_ref idref="oc-160"/>
      </symbol>
      <symbol id="sm-789">
         <name>U$$MOD</name>
         <value>0x832a4</value>
         <object_component_ref idref="oc-165"/>
      </symbol>
      <symbol id="sm-78a">
         <name>U$$DIV</name>
         <value>0x8329f</value>
         <object_component_ref idref="oc-165"/>
      </symbol>
      <symbol id="sm-796">
         <name>UL$$MOD</name>
         <value>0x830b5</value>
         <object_component_ref idref="oc-16a"/>
      </symbol>
      <symbol id="sm-797">
         <name>L$$MOD</name>
         <value>0x830a0</value>
         <object_component_ref idref="oc-16a"/>
      </symbol>
      <symbol id="sm-798">
         <name>L$$DIV</name>
         <value>0x83091</value>
         <object_component_ref idref="oc-16a"/>
      </symbol>
      <symbol id="sm-799">
         <name>UL$$DIV</name>
         <value>0x830ae</value>
         <object_component_ref idref="oc-16a"/>
      </symbol>
      <symbol id="sm-7a8">
         <name>_copy_in</name>
         <value>0x83157</value>
         <object_component_ref idref="oc-226"/>
      </symbol>
      <symbol id="sm-7ba">
         <name>_memcpy</name>
         <value>0x831f6</value>
         <object_component_ref idref="oc-237"/>
      </symbol>
      <symbol id="sm-7c7">
         <name>__system_pre_init</name>
         <value>0x81ffc</value>
         <object_component_ref idref="oc-225"/>
      </symbol>
      <symbol id="sm-7d5">
         <name>__system_post_cinit</name>
         <value>0x81ffe</value>
         <object_component_ref idref="oc-227"/>
      </symbol>
      <symbol id="sm-7ea">
         <name>C$$EXIT</name>
         <value>0x830bb</value>
         <object_component_ref idref="oc-229"/>
      </symbol>
      <symbol id="sm-7eb">
         <name>_exit</name>
         <value>0x830bd</value>
         <object_component_ref idref="oc-229"/>
      </symbol>
      <symbol id="sm-7ed">
         <name>___TI_cleanup_ptr</name>
         <value>0xc63c</value>
         <object_component_ref idref="oc-185"/>
      </symbol>
      <symbol id="sm-7ee">
         <name>___TI_enable_exit_profile_output</name>
         <value>0xc63a</value>
         <object_component_ref idref="oc-185"/>
      </symbol>
      <symbol id="sm-7ef">
         <name>_abort</name>
         <value>0x830bb</value>
         <object_component_ref idref="oc-229"/>
      </symbol>
      <symbol id="sm-7f1">
         <name>___TI_dtors_ptr</name>
         <value>0xc63e</value>
         <object_component_ref idref="oc-185"/>
      </symbol>
      <symbol id="sm-805">
         <name>__unlock</name>
         <value>0xc5fc</value>
         <object_component_ref idref="oc-263"/>
      </symbol>
      <symbol id="sm-806">
         <name>__lock</name>
         <value>0xc23e</value>
         <object_component_ref idref="oc-238"/>
      </symbol>
      <symbol id="sm-807">
         <name>__register_lock</name>
         <value>0x832ae</value>
         <object_component_ref idref="oc-25d"/>
      </symbol>
      <symbol id="sm-809">
         <name>__nop</name>
         <value>0x832b2</value>
         <object_component_ref idref="oc-25d"/>
      </symbol>
      <symbol id="sm-80b">
         <name>__register_unlock</name>
         <value>0x832aa</value>
         <object_component_ref idref="oc-25d"/>
      </symbol>
      <symbol id="sm-81b">
         <name>__args_main</name>
         <value>0x83263</value>
         <object_component_ref idref="oc-228"/>
      </symbol>
      <symbol id="sm-829">
         <name>_strcpy</name>
         <value>0x832d4</value>
         <object_component_ref idref="oc-25a"/>
      </symbol>
      <symbol id="sm-837">
         <name>_strlen</name>
         <value>0x832c5</value>
         <object_component_ref idref="oc-23c"/>
      </symbol>
      <symbol id="sm-85d">
         <name>_strtol</name>
         <value>0x82a9e</value>
         <object_component_ref idref="oc-25b"/>
      </symbol>
      <symbol id="sm-868">
         <name>_errno</name>
         <value>0xc53f</value>
         <object_component_ref idref="oc-1a5"/>
      </symbol>
      <symbol id="sm-9c8">
         <name>___TI_printfi</name>
         <value>0x80b5b</value>
         <object_component_ref idref="oc-25f"/>
      </symbol>
      <symbol id="sm-9d9">
         <name>FD$$CMP</name>
         <value>0x83067</value>
         <object_component_ref idref="oc-1ae"/>
      </symbol>
      <symbol id="sm-9eb">
         <name>FD$$MPY</name>
         <value>0x82dce</value>
         <object_component_ref idref="oc-1b3"/>
      </symbol>
      <symbol id="sm-9f8">
         <name>FD$$NEG</name>
         <value>0x832b3</value>
         <object_component_ref idref="oc-1b8"/>
      </symbol>
      <symbol id="sm-a04">
         <name>FD$$SUB</name>
         <value>0x83285</value>
         <object_component_ref idref="oc-1bd"/>
      </symbol>
      <symbol id="sm-a13">
         <name>FD$$TOI</name>
         <value>0x8317b</value>
         <object_component_ref idref="oc-1c2"/>
      </symbol>
      <symbol id="sm-a22">
         <name>FD$$TOL</name>
         <value>0x8319c</value>
         <object_component_ref idref="oc-1c7"/>
      </symbol>
      <symbol id="sm-a2e">
         <name>LL$$AND</name>
         <value>0x8324b</value>
         <object_component_ref idref="oc-1cc"/>
      </symbol>
      <symbol id="sm-a2f">
         <name>LL$$OR</name>
         <value>0x83253</value>
         <object_component_ref idref="oc-1cc"/>
      </symbol>
      <symbol id="sm-a30">
         <name>LL$$XOR</name>
         <value>0x8325b</value>
         <object_component_ref idref="oc-1cc"/>
      </symbol>
      <symbol id="sm-a3e">
         <name>ULL$$CMP</name>
         <value>0x831cd</value>
         <object_component_ref idref="oc-1d1"/>
      </symbol>
      <symbol id="sm-a3f">
         <name>LL$$CMP</name>
         <value>0x831bb</value>
         <object_component_ref idref="oc-1d1"/>
      </symbol>
      <symbol id="sm-a6b">
         <name>ULL$$MOD</name>
         <value>0x82941</value>
         <object_component_ref idref="oc-1d6"/>
      </symbol>
      <symbol id="sm-a6c">
         <name>ULL$$DIV</name>
         <value>0x82912</value>
         <object_component_ref idref="oc-1d6"/>
      </symbol>
      <symbol id="sm-a6d">
         <name>LL$$MOD</name>
         <value>0x828d8</value>
         <object_component_ref idref="oc-1d6"/>
      </symbol>
      <symbol id="sm-a6e">
         <name>LL$$DIV</name>
         <value>0x8289c</value>
         <object_component_ref idref="oc-1d6"/>
      </symbol>
      <symbol id="sm-a7e">
         <name>I$$TOFD</name>
         <value>0x831d9</value>
         <object_component_ref idref="oc-1db"/>
      </symbol>
      <symbol id="sm-a8e">
         <name>L$$TOFD</name>
         <value>0x8322f</value>
         <object_component_ref idref="oc-1e0"/>
      </symbol>
      <symbol id="sm-a9e">
         <name>FS$$TOFD</name>
         <value>0x83213</value>
         <object_component_ref idref="oc-1e5"/>
      </symbol>
      <symbol id="sm-ab5">
         <name>FD$$DIV</name>
         <value>0x82cbb</value>
         <object_component_ref idref="oc-1ea"/>
      </symbol>
      <symbol id="sm-ac3">
         <name>___TI_ltoa</name>
         <value>0x83007</value>
         <object_component_ref idref="oc-265"/>
      </symbol>
      <symbol id="sm-ad8">
         <name>_atoi</name>
         <value>0x82fd6</value>
         <object_component_ref idref="oc-264"/>
      </symbol>
      <symbol id="sm-ae1">
         <name>__ctypes_</name>
         <value>0x83980</value>
         <object_component_ref idref="oc-262"/>
      </symbol>
      <symbol id="sm-af0">
         <name>_memccpy</name>
         <value>0x83275</value>
         <object_component_ref idref="oc-26a"/>
      </symbol>
      <symbol id="sm-aff">
         <name>_memset</name>
         <value>0x832cd</value>
         <object_component_ref idref="oc-269"/>
      </symbol>
      <symbol id="sm-b0f">
         <name>_strchr</name>
         <value>0x83293</value>
         <object_component_ref idref="oc-268"/>
      </symbol>
      <symbol id="sm-b23">
         <name>_frexpl</name>
         <value>0x82ecd</value>
         <object_component_ref idref="oc-266"/>
      </symbol>
      <symbol id="sm-b42">
         <name>_scalbnl</name>
         <value>0x82b71</value>
         <object_component_ref idref="oc-267"/>
      </symbol>
      <symbol id="sm-b44">
         <name>_ldexpl</name>
         <value>0x82b71</value>
         <object_component_ref idref="oc-267"/>
      </symbol>
      <symbol id="sm-b52">
         <name>_wcslen</name>
         <value>0x832bc</value>
         <object_component_ref idref="oc-26b"/>
      </symbol>
      <symbol id="sm-b60">
         <name>_copysignl</name>
         <value>0x83132</value>
         <object_component_ref idref="oc-26c"/>
      </symbol>
      <symbol id="sm-b7c">
         <name>FD$$ADD</name>
         <value>0x82c1f</value>
         <object_component_ref idref="oc-220"/>
      </symbol>
   </symbol_table>
   <title>Link successful</title>
</link_info>
